<html>
<body>
<pre>
<h1>礦ision Build Log</h1>
<h2>Tool Versions:</h2>
IDE-Version: μVision V5.25.0.0
Copyright (C) 2017 ARM Ltd and ARM Germany GmbH. All rights reserved.
License Information: celan clean, 2, LIC=PE7DL-090R8-56DQ2-9X2E9-A9NMF-E1GI5
 
Tool Versions:
Toolchain:       MDK-ARM Plus  Version: 5.25.0.0
Toolchain Path:  d:\Keil_v5\ARM\ARMCC\Bin
C Compiler:      Armcc.exe V5.06 update 6 (build 750)
Assembler:       Armasm.exe V5.06 update 6 (build 750)
Linker/Locator:  ArmLink.exe V5.06 update 6 (build 750)
Library Manager: ArmAr.exe V5.06 update 6 (build 750)
Hex Converter:   FromElf.exe V5.06 update 6 (build 750)
CPU DLL:         SARMCM3.DLL V5.25.0.0
Dialog DLL:      DCM.DLL V1.17.0.0
Target DLL:      STLink\ST-LINKIII-KEIL_SWO.dll V3.0.1.0
Dialog DLL:      TCM.DLL V1.34.0.0
 
<h2>Project:</h2>
G:\clean\Stu-file\Embedded\RTOS\RTOS\一次性任务\MDK-ARM\e-23-1.uvprojx
Project File Date:  06/14/2025

<h2>Output:</h2>
*** Using Compiler 'V5.06 update 6 (build 750)', folder: 'd:\Keil_v5\ARM\ARMCC\Bin'
Build target 'e-23-1'
compiling rtos_task.c...
../Core/Inc/rtos_task.h(13): warning:  #1-D: last line of file ends without a newline
  #endif
..\Core\Src\rtos_task.c: 1 warning, 0 errors
compiling main.c...
../ZNS/shell_cmd.h(10): warning:  #1-D: last line of file ends without a newline
  #endif
../Core/Inc/rtos_task.h(13): warning:  #1-D: last line of file ends without a newline
  #endif
../Core/Src/main.c(40): warning:  #167-D: argument of type "void (*)(void)" is incompatible with parameter of type "TaskFunction_t"
  	xTaskCreate(task_control,"task_control_task",128,(void *)0,10,&xHandle2);   //涓�娆℃�т换鍔?1
../Core/Src/main.c(29): warning:  #177-D: variable "xHandle3"  was declared but never referenced
  	TaskHandle_t xHandle3;
../Core/Src/main.c: 4 warnings, 0 errors
linking...
Program Size: Code=15266 RO-data=1266 RW-data=132 ZI-data=5692  
FromELF: creating hex file...
"e-23-1\e-23-1.axf" - 0 Error(s), 5 Warning(s).

<h2>Software Packages used:</h2>

Package Vendor: ARM
                http://www.keil.com/pack/ARM.CMSIS.5.2.0.pack
                ARM.CMSIS.5.2.0
                CMSIS (Cortex Microcontroller Software Interface Standard)
   * Component: CORE Version: 5.0.2

Package Vendor: Keil
                http://www.keil.com/pack/Keil.STM32F1xx_DFP.2.3.0.pack
                Keil.STM32F1xx_DFP.2.3.0
                STMicroelectronics STM32F1 Series Device Support, Drivers and Examples

<h2>Collection of Component include folders:</h2>
  .\RTE\_e-23-1
  d:\Keil_v5\ARM\PACK\ARM\CMSIS\5.2.0\CMSIS\Include
  d:\Keil_v5\ARM\PACK\Keil\STM32F1xx_DFP\2.3.0\Device\Include

<h2>Collection of Component Files used:</h2>

   * Component: ARM::CMSIS:CORE:5.0.2
Build Time Elapsed:  00:00:01
</pre>
</body>
</html>
