Component: ARM Compiler 5.06 update 6 (build 750) Tool: armlink [4d35ed]

==============================================================================

Section Cross References

    startup_stm32f103xe.o(RESET) refers to startup_stm32f103xe.o(STACK) for __initial_sp
    startup_stm32f103xe.o(RESET) refers to startup_stm32f103xe.o(.text) for Reset_Handler
    startup_stm32f103xe.o(RESET) refers to stm32f1xx_it.o(i.NMI_Handler) for NMI_Handler
    startup_stm32f103xe.o(RESET) refers to stm32f1xx_it.o(i.HardFault_Handler) for HardFault_Handler
    startup_stm32f103xe.o(RESET) refers to stm32f1xx_it.o(i.MemManage_Handler) for MemManage_Handler
    startup_stm32f103xe.o(RESET) refers to stm32f1xx_it.o(i.BusFault_Handler) for BusFault_Handler
    startup_stm32f103xe.o(RESET) refers to stm32f1xx_it.o(i.UsageFault_Handler) for UsageFault_Handler
    startup_stm32f103xe.o(RESET) refers to port.o(.emb_text) for SVC_Handler
    startup_stm32f103xe.o(RESET) refers to stm32f1xx_it.o(i.DebugMon_Handler) for DebugMon_Handler
    startup_stm32f103xe.o(RESET) refers to stm32f1xx_it.o(i.SysTick_Handler) for SysTick_Handler
    startup_stm32f103xe.o(RESET) refers to stm32f1xx_it.o(i.USART1_IRQHandler) for USART1_IRQHandler
    startup_stm32f103xe.o(.text) refers to system_stm32f1xx.o(i.SystemInit) for SystemInit
    startup_stm32f103xe.o(.text) refers to entry.o(.ARM.Collect$$$$00000000) for __main
    main.o(i.MX_GPIO_Init) refers to stm32f1xx_hal_gpio.o(i.HAL_GPIO_WritePin) for HAL_GPIO_WritePin
    main.o(i.MX_GPIO_Init) refers to stm32f1xx_hal_gpio.o(i.HAL_GPIO_Init) for HAL_GPIO_Init
    main.o(i.StartDefaultTask) refers to cmsis_os.o(i.osDelay) for osDelay
    main.o(i.SystemClock_Config) refers to memseta.o(.text) for __aeabi_memclr4
    main.o(i.SystemClock_Config) refers to stm32f1xx_hal_rcc.o(i.HAL_RCC_OscConfig) for HAL_RCC_OscConfig
    main.o(i.SystemClock_Config) refers to stm32f1xx_hal_rcc.o(i.HAL_RCC_ClockConfig) for HAL_RCC_ClockConfig
    main.o(i.main) refers to stm32f1xx_hal.o(i.HAL_Init) for HAL_Init
    main.o(i.main) refers to main.o(i.SystemClock_Config) for SystemClock_Config
    main.o(i.main) refers to main.o(i.MX_GPIO_Init) for MX_GPIO_Init
    main.o(i.main) refers to stm32f1xx_hal_uart.o(i.HAL_UART_Init) for HAL_UART_Init
    main.o(i.main) refers to shell.o(i.shell_init) for shell_init
    main.o(i.main) refers to tasks.o(i.xTaskCreate) for xTaskCreate
    main.o(i.main) refers to tasks.o(i.vTaskStartScheduler) for vTaskStartScheduler
    main.o(i.main) refers to main.o(.bss) for .bss
    main.o(i.main) refers to rtos_task.o(i.two_led_toggle) for two_led_toggle
    main.o(i.main) refers to rtos_task.o(i.task_control) for task_control
    freertos.o(i.vApplicationGetIdleTaskMemory) refers to freertos.o(.bss) for .bss
    stm32f1xx_it.o(i.SysTick_Handler) refers to stm32f1xx_hal.o(i.HAL_IncTick) for HAL_IncTick
    stm32f1xx_it.o(i.SysTick_Handler) refers to tasks.o(i.xTaskGetSchedulerState) for xTaskGetSchedulerState
    stm32f1xx_it.o(i.SysTick_Handler) refers to port.o(i.xPortSysTickHandler) for xPortSysTickHandler
    stm32f1xx_it.o(i.USART1_IRQHandler) refers to stm32f1xx_hal_uart.o(i.HAL_UART_IRQHandler) for HAL_UART_IRQHandler
    stm32f1xx_it.o(i.USART1_IRQHandler) refers to main.o(.bss) for huart1
    stm32f1xx_hal_msp.o(i.HAL_MspInit) refers to stm32f1xx_hal_cortex.o(i.HAL_NVIC_SetPriority) for HAL_NVIC_SetPriority
    stm32f1xx_hal_msp.o(i.HAL_UART_MspDeInit) refers to stm32f1xx_hal_gpio.o(i.HAL_GPIO_DeInit) for HAL_GPIO_DeInit
    stm32f1xx_hal_msp.o(i.HAL_UART_MspDeInit) refers to stm32f1xx_hal_cortex.o(i.HAL_NVIC_DisableIRQ) for HAL_NVIC_DisableIRQ
    stm32f1xx_hal_msp.o(i.HAL_UART_MspInit) refers to stm32f1xx_hal_gpio.o(i.HAL_GPIO_Init) for HAL_GPIO_Init
    stm32f1xx_hal_msp.o(i.HAL_UART_MspInit) refers to stm32f1xx_hal_cortex.o(i.HAL_NVIC_SetPriority) for HAL_NVIC_SetPriority
    stm32f1xx_hal_msp.o(i.HAL_UART_MspInit) refers to stm32f1xx_hal_cortex.o(i.HAL_NVIC_EnableIRQ) for HAL_NVIC_EnableIRQ
    rtos_task.o(i.function1) refers to printf6.o(i.__0printf$6) for __2printf
    rtos_task.o(i.runonce_entry) refers to tasks.o(i.vTaskDelay) for vTaskDelay
    rtos_task.o(i.runonce_entry) refers to printf6.o(i.__0printf$6) for __2printf
    rtos_task.o(i.runonce_entry) refers to tasks.o(i.xTaskGetHandle) for xTaskGetHandle
    rtos_task.o(i.runonce_entry) refers to tasks.o(i.vTaskDelete) for vTaskDelete
    rtos_task.o(i.task_control) refers to tasks.o(i.xTaskGetHandle) for xTaskGetHandle
    rtos_task.o(i.task_control) refers to printf6.o(i.__0printf$6) for __2printf
    rtos_task.o(i.task_control) refers to tasks.o(i.vTaskSuspend) for vTaskSuspend
    rtos_task.o(i.task_control) refers to tasks.o(i.vTaskDelay) for vTaskDelay
    rtos_task.o(i.task_control) refers to tasks.o(i.vTaskResume) for vTaskResume
    rtos_task.o(i.task_control) refers to tasks.o(i.vTaskDelete) for vTaskDelete
[...]
    ../clib/microlib/init/entry.s            0x00000000   Number         0  entry8a.o ABSOLUTE
    ../clib/microlib/init/entry.s            0x00000000   Number         0  entry9a.o ABSOLUTE
    ../clib/microlib/init/entry.s            0x00000000   Number         0  entry2.o ABSOLUTE
    ../clib/microlib/init/entry.s            0x00000000   Number         0  entry7b.o ABSOLUTE
    ../clib/microlib/init/entry.s            0x00000000   Number         0  entry7a.o ABSOLUTE
    ../clib/microlib/init/entry.s            0x00000000   Number         0  entry10b.o ABSOLUTE
    ../clib/microlib/init/entry.s            0x00000000   Number         0  entry9b.o ABSOLUTE
    ../clib/microlib/init/entry.s            0x00000000   Number         0  entry5.o ABSOLUTE
    ../clib/microlib/init/entry.s            0x00000000   Number         0  entry11a.o ABSOLUTE
    ../clib/microlib/longlong.c              0x00000000   Number         0  llshl.o ABSOLUTE
    ../clib/microlib/longlong.c              0x00000000   Number         0  llushr.o ABSOLUTE
    ../clib/microlib/longlong.c              0x00000000   Number         0  llsshr.o ABSOLUTE
    ../clib/microlib/printf/printf.c         0x00000000   Number         0  printf0.o ABSOLUTE
    ../clib/microlib/printf/printf.c         0x00000000   Number         0  printf1.o ABSOLUTE
    ../clib/microlib/printf/printf.c         0x00000000   Number         0  printf7.o ABSOLUTE
    ../clib/microlib/printf/printf.c         0x00000000   Number         0  printf2.o ABSOLUTE
    ../clib/microlib/printf/printf.c         0x00000000   Number         0  printf3.o ABSOLUTE
    ../clib/microlib/printf/printf.c         0x00000000   Number         0  printf4.o ABSOLUTE
    ../clib/microlib/printf/printf.c         0x00000000   Number         0  printf5.o ABSOLUTE
    ../clib/microlib/printf/printf.c         0x00000000   Number         0  printf8.o ABSOLUTE
    ../clib/microlib/printf/printf.c         0x00000000   Number         0  printfb.o ABSOLUTE
    ../clib/microlib/printf/printf.c         0x00000000   Number         0  printf6.o ABSOLUTE
    ../clib/microlib/printf/printf.c         0x00000000   Number         0  printfa.o ABSOLUTE
    ../clib/microlib/printf/stubs.s          0x00000000   Number         0  stubs.o ABSOLUTE
    ../clib/microlib/stdio/streams.c         0x00000000   Number         0  stdout.o ABSOLUTE
    ../clib/microlib/string/memcpy.c         0x00000000   Number         0  memmovea.o ABSOLUTE
    ../clib/microlib/string/memcpy.c         0x00000000   Number         0  memmoveb.o ABSOLUTE
    ../clib/microlib/string/memcpy.c         0x00000000   Number         0  memcpyb.o ABSOLUTE
    ../clib/microlib/string/memcpy.c         0x00000000   Number         0  memcpya.o ABSOLUTE
    ../clib/microlib/string/memset.c         0x00000000   Number         0  memseta.o ABSOLUTE
    ../clib/microlib/string/memset.c         0x00000000   Number         0  memset.o ABSOLUTE
    ../clib/microlib/string/strcpy.c         0x00000000   Number         0  strcpy.o ABSOLUTE
    ../clib/microlib/string/strlen.c         0x00000000   Number         0  strlen.o ABSOLUTE
    ../clib/microlib/string/strncmp.c        0x00000000   Number         0  strncmp.o ABSOLUTE
    ../clib/microlib/string/strncpy.c        0x00000000   Number         0  strncpy.o ABSOLUTE
    ../clib/microlib/stubs.s                 0x00000000   Number         0  iusefp.o ABSOLUTE
    ../fplib/microlib/fpadd.c                0x00000000   Number         0  dadd.o ABSOLUTE
    ../fplib/microlib/fpdiv.c                0x00000000   Number         0  ddiv.o ABSOLUTE
    ../fplib/microlib/fpepilogue.c           0x00000000   Number         0  depilogue.o ABSOLUTE
    ../fplib/microlib/fpfix.c                0x00000000   Number         0  dfixul.o ABSOLUTE
    ../fplib/microlib/fpmul.c                0x00000000   Number         0  dmul.o ABSOLUTE
    ..\Core\Src\freertos.c                   0x00000000   Number         0  freertos.o ABSOLUTE
    ..\Core\Src\main.c                       0x00000000   Number         0  main.o ABSOLUTE
    ..\Core\Src\rtos_task.c                  0x00000000   Number         0  rtos_task.o ABSOLUTE
    ..\Core\Src\stm32f1xx_hal_msp.c          0x00000000   Number         0  stm32f1xx_hal_msp.o ABSOLUTE
    ..\Core\Src\stm32f1xx_it.c               0x00000000   Number         0  stm32f1xx_it.o ABSOLUTE
    ..\Core\Src\system_stm32f1xx.c           0x00000000   Number         0  system_stm32f1xx.o ABSOLUTE
    ..\Drivers\STM32F1xx_HAL_Driver\Src\stm32f1xx_hal.c 0x00000000   Number         0  stm32f1xx_hal.o ABSOLUTE
    ..\Drivers\STM32F1xx_HAL_Driver\Src\stm32f1xx_hal_cortex.c 0x00000000   Number         0  stm32f1xx_hal_cortex.o ABSOLUTE
    ..\Drivers\STM32F1xx_HAL_Driver\Src\stm32f1xx_hal_dma.c 0x00000000   Number         0  stm32f1xx_hal_dma.o ABSOLUTE
    ..\Drivers\STM32F1xx_HAL_Driver\Src\stm32f1xx_hal_exti.c 0x00000000   Number         0  stm32f1xx_hal_exti.o ABSOLUTE
    ..\Drivers\STM32F1xx_HAL_Driver\Src\stm32f1xx_hal_flash.c 0x00000000   Number         0  stm32f1xx_hal_flash.o ABSOLUTE
    ..\Drivers\STM32F1xx_HAL_Driver\Src\stm32f1xx_hal_flash_ex.c 0x00000000   Number         0  stm32f1xx_hal_flash_ex.o ABSOLUTE
    ..\Drivers\STM32F1xx_HAL_Driver\Src\stm32f1xx_hal_gpio.c 0x00000000   Number         0  stm32f1xx_hal_gpio.o ABSOLUTE
    ..\Drivers\STM32F1xx_HAL_Driver\Src\stm32f1xx_hal_gpio_ex.c 0x00000000   Number         0  stm32f1xx_hal_gpio_ex.o ABSOLUTE
    ..\Drivers\STM32F1xx_HAL_Driver\Src\stm32f1xx_hal_pwr.c 0x00000000   Number         0  stm32f1xx_hal_pwr.o ABSOLUTE
    ..\Drivers\STM32F1xx_HAL_Driver\Src\stm32f1xx_hal_rcc.c 0x00000000   Number         0  stm32f1xx_hal_rcc.o ABSOLUTE
    ..\Drivers\STM32F1xx_HAL_Driver\Src\stm32f1xx_hal_rcc_ex.c 0x00000000   Number         0  stm32f1xx_hal_rcc_ex.o ABSOLUTE
    ..\Drivers\STM32F1xx_HAL_Driver\Src\stm32f1xx_hal_tim.c 0x00000000   Number         0  stm32f1xx_hal_tim.o ABSOLUTE
    ..\Drivers\STM32F1xx_HAL_Driver\Src\stm32f1xx_hal_tim_ex.c 0x00000000   Number         0  stm32f1xx_hal_tim_ex.o ABSOLUTE
    ..\Drivers\STM32F1xx_HAL_Driver\Src\stm32f1xx_hal_uart.c 0x00000000   Number         0  stm32f1xx_hal_uart.o ABSOLUTE
    ..\Middlewares\Third_Party\FreeRTOS\Source\CMSIS_RTOS\cmsis_os.c 0x00000000   Number         0  cmsis_os.o ABSOLUTE
    ..\Middlewares\Third_Party\FreeRTOS\Source\portable\RVDS\ARM_CM3\port.c 0x00000000   Number         0  port.o ABSOLUTE
    ..\ZNS\shell.c                           0x00000000   Number         0  shell.o ABSOLUTE
    ..\ZNS\shell_cmd.c                       0x00000000   Number         0  shell_cmd.o ABSOLUTE
    ..\ZNS\sys_cmd.c                         0x00000000   Number         0  sys_cmd.o ABSOLUTE
    ..\\Core\\Src\\rtos_task.c               0x00000000   Number         0  rtos_task.o ABSOLUTE
    ..\\ZNS\\shell.c                         0x00000000   Number         0  shell.o ABSOLUTE
    ..\\ZNS\\shell_cmd.c                     0x00000000   Number         0  shell_cmd.o ABSOLUTE
    ..\\ZNS\\sys_cmd.c                       0x00000000   Number         0  sys_cmd.o ABSOLUTE
    cdrcmple.s                               0x00000000   Number         0  cdrcmple.o ABSOLUTE
    dc.s                                     0x00000000   Number         0  dc.o ABSOLUTE
    handlers.s                               0x00000000   Number         0  handlers.o ABSOLUTE
    init.s                                   0x00000000   Number         0  init.o ABSOLUTE
    startup_stm32f103xe.s                    0x00000000   Number         0  startup_stm32f103xe.o ABSOLUTE
    RESET                                    0x08000000   Section      304  startup_stm32f103xe.o(RESET)
    .ARM.Collect$$$$00000000                 0x08000130   Section        0  entry.o(.ARM.Collect$$$$00000000)
    .ARM.Collect$$$$00000001                 0x08000130   Section        4  entry2.o(.ARM.Collect$$$$00000001)
    .ARM.Collect$$$$00000004                 0x08000134   Section        4  entry5.o(.ARM.Collect$$$$00000004)
    .ARM.Collect$$$$00000008                 0x08000138   Section        0  entry7b.o(.ARM.Collect$$$$00000008)
    .ARM.Collect$$$$0000000A                 0x08000138   Section        0  entry8b.o(.ARM.Collect$$$$0000000A)
    .ARM.Collect$$$$0000000B                 0x08000138   Section        8  entry9a.o(.ARM.Collect$$$$0000000B)
    .ARM.Collect$$$$0000000D                 0x08000140   Section        0  entry10a.o(.ARM.Collect$$$$0000000D)
    .ARM.Collect$$$$0000000F                 0x08000140   Section        0  entry11a.o(.ARM.Collect$$$$0000000F)
    .ARM.Collect$$$$00002712                 0x08000140   Section        4  entry2.o(.ARM.Collect$$$$00002712)
    __lit__00000000                          0x08000140   Data           4  entry2.o(.ARM.Collect$$$$00002712)
    .emb_text                                0x08000144   Section      150  port.o(.emb_text)
    .text                                    0x080001dc   Section       36  startup_stm32f103xe.o(.text)
    .text                                    0x08000200   Section        0  memmovea.o(.text)
    .text                                    0x08000240   Section        0  memseta.o(.text)
    .text                                    0x08000264   Section        0  strncpy.o(.text)
    .text                                    0x0800027c   Section        0  strlen.o(.text)
    .text                                    0x0800028a   Section        0  strcpy.o(.text)
    .text                                    0x0800029c   Section        0  strncmp.o(.text)
    .text                                    0x080002ba   Section        0  uidiv.o(.text)
    .text                                    0x080002e8   Section       36  init.o(.text)
    i.BusFault_Handler                       0x0800030c   Section        0  stm32f1xx_it.o(i.BusFault_Handler)
    i.DebugMon_Handler                       0x0800030e   Section        0  stm32f1xx_it.o(i.DebugMon_Handler)
    i.HAL_DMA_Abort                          0x08000310   Section        0  stm32f1xx_hal_dma.o(i.HAL_DMA_Abort)
    i.HAL_DMA_Abort_IT                       0x08000358   Section        0  stm32f1xx_hal_dma.o(i.HAL_DMA_Abort_IT)
    i.HAL_Delay                              0x08000488   Section        0  stm32f1xx_hal.o(i.HAL_Delay)
    i.HAL_GPIO_Init                          0x080004ac   Section        0  stm32f1xx_hal_gpio.o(i.HAL_GPIO_Init)
    i.HAL_GPIO_WritePin                      0x080006a4   Section        0  stm32f1xx_hal_gpio.o(i.HAL_GPIO_WritePin)
    i.HAL_GetTick                            0x080006b0   Section        0  stm32f1xx_hal.o(i.HAL_GetTick)
    i.HAL_IncTick                            0x080006bc   Section        0  stm32f1xx_hal.o(i.HAL_IncTick)
    i.HAL_Init                               0x080006cc   Section        0  stm32f1xx_hal.o(i.HAL_Init)
    i.HAL_InitTick                           0x080006f0   Section        0  stm32f1xx_hal.o(i.HAL_InitTick)
    i.HAL_MspInit                            0x08000730   Section        0  stm32f1xx_hal_msp.o(i.HAL_MspInit)
    i.HAL_NVIC_EnableIRQ                     0x08000764   Section        0  stm32f1xx_hal_cortex.o(i.HAL_NVIC_EnableIRQ)
    i.HAL_NVIC_SetPriority                   0x08000780   Section        0  stm32f1xx_hal_cortex.o(i.HAL_NVIC_SetPriority)
    i.HAL_NVIC_SetPriorityGrouping           0x080007c0   Section        0  stm32f1xx_hal_cortex.o(i.HAL_NVIC_SetPriorityGrouping)
    i.HAL_RCC_ClockConfig                    0x080007e4   Section        0  stm32f1xx_hal_rcc.o(i.HAL_RCC_ClockConfig)
    i.HAL_RCC_GetPCLK1Freq                   0x08000910   Section        0  stm32f1xx_hal_rcc.o(i.HAL_RCC_GetPCLK1Freq)
    i.HAL_RCC_GetPCLK2Freq                   0x08000930   Section        0  stm32f1xx_hal_rcc.o(i.HAL_RCC_GetPCLK2Freq)
    i.HAL_RCC_GetSysClockFreq                0x08000950   Section        0  stm32f1xx_hal_rcc.o(i.HAL_RCC_GetSysClockFreq)
    i.HAL_RCC_OscConfig                      0x0800099c   Section        0  stm32f1xx_hal_rcc.o(i.HAL_RCC_OscConfig)
    i.HAL_SYSTICK_Config                     0x08000cbc   Section        0  stm32f1xx_hal_cortex.o(i.HAL_SYSTICK_Config)
    i.HAL_UARTEx_RxEventCallback             0x08000ce4   Section        0  stm32f1xx_hal_uart.o(i.HAL_UARTEx_RxEventCallback)
    i.HAL_UART_ErrorCallback                 0x08000ce6   Section        0  stm32f1xx_hal_uart.o(i.HAL_UART_ErrorCallback)
    i.HAL_UART_IRQHandler                    0x08000ce8   Section        0  stm32f1xx_hal_uart.o(i.HAL_UART_IRQHandler)
    i.HAL_UART_Init                          0x08000f54   Section        0  stm32f1xx_hal_uart.o(i.HAL_UART_Init)
    i.HAL_UART_MspInit                       0x08000fb8   Section        0  stm32f1xx_hal_msp.o(i.HAL_UART_MspInit)
    i.HAL_UART_Receive_IT                    0x08001038   Section        0  stm32f1xx_hal_uart.o(i.HAL_UART_Receive_IT)
    i.HAL_UART_RxCpltCallback                0x08001054   Section        0  shell.o(i.HAL_UART_RxCpltCallback)
    i.HAL_UART_TxCpltCallback                0x08001088   Section        0  stm32f1xx_hal_uart.o(i.HAL_UART_TxCpltCallback)
    i.HardFault_Handler                      0x0800108a   Section        0  stm32f1xx_it.o(i.HardFault_Handler)
    i.MX_GPIO_Init                           0x0800108c   Section        0  main.o(i.MX_GPIO_Init)
    MX_GPIO_Init                             0x0800108d   Thumb Code   120  main.o(i.MX_GPIO_Init)
    i.MemManage_Handler                      0x08001110   Section        0  stm32f1xx_it.o(i.MemManage_Handler)
    i.NMI_Handler                            0x08001112   Section        0  stm32f1xx_it.o(i.NMI_Handler)
    i.SysTick_Handler                        0x08001114   Section        0  stm32f1xx_it.o(i.SysTick_Handler)
    i.SystemClock_Config                     0x0800112c   Section        0  main.o(i.SystemClock_Config)
    i.SystemInit                             0x08001182   Section        0  system_stm32f1xx.o(i.SystemInit)
    i.UART_DMAAbortOnError                   0x08001184   Section        0  stm32f1xx_hal_uart.o(i.UART_DMAAbortOnError)
    UART_DMAAbortOnError                     0x08001185   Thumb Code    16  stm32f1xx_hal_uart.o(i.UART_DMAAbortOnError)
    i.UART_EndRxTransfer                     0x08001194   Section        0  stm32f1xx_hal_uart.o(i.UART_EndRxTransfer)
    UART_EndRxTransfer                       0x08001195   Thumb Code    78  stm32f1xx_hal_uart.o(i.UART_EndRxTransfer)
    i.UART_Receive_IT                        0x080011e2   Section        0  stm32f1xx_hal_uart.o(i.UART_Receive_IT)
    UART_Receive_IT                          0x080011e3   Thumb Code   194  stm32f1xx_hal_uart.o(i.UART_Receive_IT)
    i.UART_SetConfig                         0x080012a4   Section        0  stm32f1xx_hal_uart.o(i.UART_SetConfig)
    UART_SetConfig                           0x080012a5   Thumb Code   178  stm32f1xx_hal_uart.o(i.UART_SetConfig)
    i.UART_Start_Receive_IT                  0x0800135c   Section        0  stm32f1xx_hal_uart.o(i.UART_Start_Receive_IT)
    i.USART1_IRQHandler                      0x08001394   Section        0  stm32f1xx_it.o(i.USART1_IRQHandler)
    i.UsageFault_Handler                     0x080013a0   Section        0  stm32f1xx_it.o(i.UsageFault_Handler)
    i.__0printf$6                            0x080013a4   Section        0  printf6.o(i.__0printf$6)
    i.__0sprintf$6                           0x080013c4   Section        0  printf6.o(i.__0sprintf$6)
    i.__NVIC_SetPriority                     0x080013ec   Section        0  stm32f1xx_hal_cortex.o(i.__NVIC_SetPriority)
    __NVIC_SetPriority                       0x080013ed   Thumb Code    32  stm32f1xx_hal_cortex.o(i.__NVIC_SetPriority)
    i.__scatterload_copy                     0x0800140c   Section       14  handlers.o(i.__scatterload_copy)
    i.__scatterload_null                     0x0800141a   Section        2  handlers.o(i.__scatterload_null)
    i.__scatterload_zeroinit                 0x0800141c   Section       14  handlers.o(i.__scatterload_zeroinit)
    i._printf_core                           0x0800142c   Section        0  printf6.o(i._printf_core)
    _printf_core                             0x0800142d   Thumb Code   748  printf6.o(i._printf_core)
    i._printf_post_padding                   0x0800171c   Section        0  printf6.o(i._printf_post_padding)
    _printf_post_padding                     0x0800171d   Thumb Code    36  printf6.o(i._printf_post_padding)
    i._printf_pre_padding                    0x08001740   Section        0  printf6.o(i._printf_pre_padding)
    _printf_pre_padding                      0x08001741   Thumb Code    46  printf6.o(i._printf_pre_padding)
    i._sputc                                 0x0800176e   Section        0  printf6.o(i._sputc)
    _sputc                                   0x0800176f   Thumb Code    10  printf6.o(i._sputc)
    i._zns_exec_cmd                          0x08001778   Section        0  shell.o(i._zns_exec_cmd)
    _zns_exec_cmd                            0x08001779   Thumb Code   140  shell.o(i._zns_exec_cmd)
    i.eTaskGetState                          0x08001810   Section        0  tasks.o(i.eTaskGetState)
    i.finsh_syscall_next                     0x08001878   Section        0  shell.o(i.finsh_syscall_next)
    i.fputc                                  0x08001894   Section        0  main.o(i.fputc)
    i.function1                              0x080018ac   Section        0  rtos_task.o(i.function1)
    i.help                                   0x080018d4   Section        0  sys_cmd.o(i.help)
    i.iam                                    0x0800194c   Section        0  sys_cmd.o(i.iam)
    i.inHandlerMode                          0x08001a64   Section        0  cmsis_os.o(i.inHandlerMode)
    inHandlerMode                            0x08001a65   Thumb Code    12  cmsis_os.o(i.inHandlerMode)
    i.main                                   0x08001a70   Section        0  main.o(i.main)
    i.makeFreeRtosPriority                   0x08001b0c   Section        0  cmsis_os.o(i.makeFreeRtosPriority)
    makeFreeRtosPriority                     0x08001b0d   Thumb Code    12  cmsis_os.o(i.makeFreeRtosPriority)
    i.mem                                    0x08001b18   Section        0  shell_cmd.o(i.mem)
    i.osSemaphoreCreate                      0x08001b68   Section        0  cmsis_os.o(i.osSemaphoreCreate)
    i.osSemaphoreRelease                     0x08001ba8   Section        0  cmsis_os.o(i.osSemaphoreRelease)
    i.osSemaphoreWait                        0x08001bf8   Section        0  cmsis_os.o(i.osSemaphoreWait)
    i.osThreadCreate                         0x08001c5c   Section        0  cmsis_os.o(i.osThreadCreate)
    i.prvAddCurrentTaskToDelayedList         0x08001cb0   Section        0  tasks.o(i.prvAddCurrentTaskToDelayedList)
    prvAddCurrentTaskToDelayedList           0x08001cb1   Thumb Code   102  tasks.o(i.prvAddCurrentTaskToDelayedList)
    i.prvAddNewTaskToReadyList               0x08001d20   Section        0  tasks.o(i.prvAddNewTaskToReadyList)
    prvAddNewTaskToReadyList                 0x08001d21   Thumb Code   192  tasks.o(i.prvAddNewTaskToReadyList)
    i.prvCopyDataFromQueue                   0x08001df0   Section        0  queue.o(i.prvCopyDataFromQueue)
    prvCopyDataFromQueue                     0x08001df1   Thumb Code    38  queue.o(i.prvCopyDataFromQueue)
    i.prvCopyDataToQueue                     0x08001e16   Section        0  queue.o(i.prvCopyDataToQueue)
    prvCopyDataToQueue                       0x08001e17   Thumb Code   108  queue.o(i.prvCopyDataToQueue)
    i.prvDeleteTCB                           0x08001e82   Section        0  tasks.o(i.prvDeleteTCB)
    prvDeleteTCB                             0x08001e83   Thumb Code    52  tasks.o(i.prvDeleteTCB)
    i.prvHeapInit                            0x08001eb8   Section        0  heap_4.o(i.prvHeapInit)
    prvHeapInit                              0x08001eb9   Thumb Code    66  heap_4.o(i.prvHeapInit)
    i.prvIdleTask                            0x08001f04   Section        0  tasks.o(i.prvIdleTask)
    prvIdleTask                              0x08001f05   Thumb Code    82  tasks.o(i.prvIdleTask)
    i.prvInitialiseNewQueue                  0x08001f64   Section        0  queue.o(i.prvInitialiseNewQueue)
    prvInitialiseNewQueue                    0x08001f65   Thumb Code    34  queue.o(i.prvInitialiseNewQueue)
    i.prvInitialiseNewTask                   0x08001f86   Section        0  tasks.o(i.prvInitialiseNewTask)
    prvInitialiseNewTask                     0x08001f87   Thumb Code   156  tasks.o(i.prvInitialiseNewTask)
    i.prvInsertBlockIntoFreeList             0x08002024   Section        0  heap_4.o(i.prvInsertBlockIntoFreeList)
    prvInsertBlockIntoFreeList               0x08002025   Thumb Code    72  heap_4.o(i.prvInsertBlockIntoFreeList)
    i.prvIsQueueEmpty                        0x08002070   Section        0  queue.o(i.prvIsQueueEmpty)
    prvIsQueueEmpty                          0x08002071   Thumb Code    28  queue.o(i.prvIsQueueEmpty)
    i.prvListTasksWithinSingleList           0x0800208c   Section        0  tasks.o(i.prvListTasksWithinSingleList)
    prvListTasksWithinSingleList             0x0800208d   Thumb Code    88  tasks.o(i.prvListTasksWithinSingleList)
    i.prvResetNextTaskUnblockTime            0x080020e4   Section        0  tasks.o(i.prvResetNextTaskUnblockTime)
    prvResetNextTaskUnblockTime              0x080020e5   Thumb Code    26  tasks.o(i.prvResetNextTaskUnblockTime)
    i.prvSearchForNameWithinSingleList       0x08002104   Section        0  tasks.o(i.prvSearchForNameWithinSingleList)
    prvSearchForNameWithinSingleList         0x08002105   Thumb Code    86  tasks.o(i.prvSearchForNameWithinSingleList)
    i.prvTaskExitError                       0x0800215c   Section        0  port.o(i.prvTaskExitError)
    prvTaskExitError                         0x0800215d   Thumb Code    36  port.o(i.prvTaskExitError)
    i.prvTaskIsTaskSuspended                 0x08002184   Section        0  tasks.o(i.prvTaskIsTaskSuspended)
    prvTaskIsTaskSuspended                   0x08002185   Thumb Code    48  tasks.o(i.prvTaskIsTaskSuspended)
    i.prvUnlockQueue                         0x080021b8   Section        0  queue.o(i.prvUnlockQueue)
    prvUnlockQueue                           0x080021b9   Thumb Code   106  queue.o(i.prvUnlockQueue)
    i.pti                                    0x08002224   Section        0  shell_cmd.o(i.pti)
    i.ptl                                    0x08002284   Section        0  shell_cmd.o(i.ptl)
    i.pvPortMalloc                           0x080022e0   Section        0  heap_4.o(i.pvPortMalloc)
    i.pvTaskIncrementMutexHeldCount          0x080023b8   Section        0  tasks.o(i.pvTaskIncrementMutexHeldCount)
    i.pxPortInitialiseStack                  0x080023d0   Section        0  port.o(i.pxPortInitialiseStack)
    i.shellTask                              0x080023f4   Section        0  shell.o(i.shellTask)
    i.shell_init                             0x080026a4   Section        0  shell.o(i.shell_init)
    i.show_version                           0x08002710   Section        0  shell.o(i.show_version)
    i.task_control                           0x08002790   Section        0  rtos_task.o(i.task_control)
    i.two_led_toggle                         0x0800282c   Section        0  rtos_task.o(i.two_led_toggle)
    i.uxListRemove                           0x08002874   Section        0  list.o(i.uxListRemove)
    i.uxTaskGetSystemState                   0x0800289c   Section        0  tasks.o(i.uxTaskGetSystemState)
    i.vApplicationGetIdleTaskMemory          0x08002948   Section        0  freertos.o(i.vApplicationGetIdleTaskMemory)
    i.vListInitialise                        0x0800295c   Section        0  list.o(i.vListInitialise)
    i.vListInitialiseItem                    0x08002972   Section        0  list.o(i.vListInitialiseItem)
    i.vListInsert                            0x08002978   Section        0  list.o(i.vListInsert)
    i.vListInsertEnd                         0x080029a8   Section        0  list.o(i.vListInsertEnd)
    i.vPortEnterCritical                     0x080029c0   Section        0  port.o(i.vPortEnterCritical)
    i.vPortExitCritical                      0x08002a00   Section        0  port.o(i.vPortExitCritical)
    i.vPortFree                              0x08002a28   Section        0  heap_4.o(i.vPortFree)
    i.vPortSetupTimerInterrupt               0x08002a84   Section        0  port.o(i.vPortSetupTimerInterrupt)
    i.vPortValidateInterruptPriority         0x08002aa8   Section        0  port.o(i.vPortValidateInterruptPriority)
    i.vTaskDelay                             0x08002afc   Section        0  tasks.o(i.vTaskDelay)
    i.vTaskDelete                            0x08002b48   Section        0  tasks.o(i.vTaskDelete)
    i.vTaskGetInfo                           0x08002bf4   Section        0  tasks.o(i.vTaskGetInfo)
    i.vTaskInternalSetTimeOutState           0x08002c74   Section        0  tasks.o(i.vTaskInternalSetTimeOutState)
    i.vTaskList                              0x08002c84   Section        0  tasks.o(i.vTaskList)
    i.vTaskMissedYield                       0x08002d58   Section        0  tasks.o(i.vTaskMissedYield)
    i.vTaskPlaceOnEventList                  0x08002d64   Section        0  tasks.o(i.vTaskPlaceOnEventList)
    i.vTaskPriorityDisinheritAfterTimeout    0x08002d94   Section        0  tasks.o(i.vTaskPriorityDisinheritAfterTimeout)
    i.vTaskResume                            0x08002e3c   Section        0  tasks.o(i.vTaskResume)
    i.vTaskStartScheduler                    0x08002eb8   Section        0  tasks.o(i.vTaskStartScheduler)
    i.vTaskSuspend                           0x08002f24   Section        0  tasks.o(i.vTaskSuspend)
    i.vTaskSuspendAll                        0x08002fe0   Section        0  tasks.o(i.vTaskSuspendAll)
    i.vTaskSwitchContext                     0x08002ff0   Section        0  tasks.o(i.vTaskSwitchContext)
    i.xPortGetFreeHeapSize                   0x0800304c   Section        0  heap_4.o(i.xPortGetFreeHeapSize)
    i.xPortGetMinimumEverFreeHeapSize        0x08003058   Section        0  heap_4.o(i.xPortGetMinimumEverFreeHeapSize)
    i.xPortStartScheduler                    0x08003064   Section        0  port.o(i.xPortStartScheduler)
    i.xPortSysTickHandler                    0x0800310c   Section        0  port.o(i.xPortSysTickHandler)
    i.xQueueGenericCreate                    0x08003138   Section        0  queue.o(i.xQueueGenericCreate)
    i.xQueueGenericCreateStatic              0x08003180   Section        0  queue.o(i.xQueueGenericCreateStatic)
    i.xQueueGenericReset                     0x080031e8   Section        0  queue.o(i.xQueueGenericReset)
    i.xQueueGenericSend                      0x08003270   Section        0  queue.o(i.xQueueGenericSend)
    i.xQueueGiveFromISR                      0x080033d0   Section        0  queue.o(i.xQueueGiveFromISR)
    i.xQueueReceiveFromISR                   0x0800346c   Section        0  queue.o(i.xQueueReceiveFromISR)
    i.xQueueSemaphoreTake                    0x08003508   Section        0  queue.o(i.xQueueSemaphoreTake)
    i.xTaskCheckForTimeOut                   0x08003680   Section        0  tasks.o(i.xTaskCheckForTimeOut)
    i.xTaskCreate                            0x080036f4   Section        0  tasks.o(i.xTaskCreate)
    i.xTaskCreateStatic                      0x0800374e   Section        0  tasks.o(i.xTaskCreateStatic)
    i.xTaskGetHandle                         0x080037a4   Section        0  tasks.o(i.xTaskGetHandle)
    i.xTaskGetSchedulerState                 0x0800382c   Section        0  tasks.o(i.xTaskGetSchedulerState)
    i.xTaskGetTickCount                      0x08003848   Section        0  tasks.o(i.xTaskGetTickCount)
    i.xTaskIncrementTick                     0x08003854   Section        0  tasks.o(i.xTaskIncrementTick)
    i.xTaskPriorityDisinherit                0x0800391c   Section        0  tasks.o(i.xTaskPriorityDisinherit)
    i.xTaskPriorityInherit                   0x080039b4   Section        0  tasks.o(i.xTaskPriorityInherit)
    i.xTaskRemoveFromEventList               0x08003a48   Section        0  tasks.o(i.xTaskRemoveFromEventList)
    i.xTaskResumeAll                         0x08003ac0   Section        0  tasks.o(i.xTaskResumeAll)
    i.zns_auto_complete                      0x08003b84   Section        0  shell.o(i.zns_auto_complete)
    zns_auto_complete                        0x08003b85   Thumb Code   154  shell.o(i.zns_auto_complete)
    i.zns_split                              0x08003c2c   Section        0  shell.o(i.zns_split)
    zns_split                                0x08003c2d   Thumb Code   166  shell.o(i.zns_split)
    .constdata                               0x08003cd2   Section       18  stm32f1xx_hal_rcc.o(.constdata)
    aPredivFactorTable                       0x08003cd2   Data           2  stm32f1xx_hal_rcc.o(.constdata)
    aPLLMULFactorTable                       0x08003cd4   Data          16  stm32f1xx_hal_rcc.o(.constdata)
    .constdata                               0x08003ce4   Section       16  system_stm32f1xx.o(.constdata)
    .constdata                               0x08003cf4   Section        8  system_stm32f1xx.o(.constdata)
    .constdata                               0x08003cfc   Section      100  sys_cmd.o(.constdata)
    .constdata                               0x08003d60   Section      204  shell.o(.constdata)
    .conststring                             0x08003e2c   Section       78  sys_cmd.o(.conststring)
    .conststring                             0x08003e7c   Section       78  shell.o(.conststring)
    .conststring                             0x08003ecc   Section      164  shell_cmd.o(.conststring)
    .rodata.name                             0x08003f70   Section       16  rtos_task.o(.rodata.name)
    .rodata.name                             0x08003f80   Section       22  rtos_task.o(.rodata.name)
    .rodata.name                             0x08003f96   Section       11  sys_cmd.o(.rodata.name)
    .rodata.name                             0x08003fa1   Section       23  sys_cmd.o(.rodata.name)
    .rodata.name                             0x08003fb8   Section       10  sys_cmd.o(.rodata.name)
    .rodata.name                             0x08003fc2   Section       14  sys_cmd.o(.rodata.name)
    .rodata.name                             0x08003fd0   Section       10  shell_cmd.o(.rodata.name)
    .rodata.name                             0x08003fda   Section       30  shell_cmd.o(.rodata.name)
    .rodata.name                             0x08003ff8   Section       10  shell_cmd.o(.rodata.name)
    .rodata.name                             0x08004002   Section       14  shell_cmd.o(.rodata.name)
    .rodata.name                             0x08004010   Section       10  shell_cmd.o(.rodata.name)
    .rodata.name                             0x0800401a   Section       15  shell_cmd.o(.rodata.name)
    FSymTab                                  0x0800402c   Section       12  rtos_task.o(FSymTab)
    __tagsym$$used                           0x0800402c   Number         0  rtos_task.o(FSymTab)
    FSymTab                                  0x08004038   Section       24  sys_cmd.o(FSymTab)
    __tagsym$$used                           0x08004038   Number         0  sys_cmd.o(FSymTab)
    __tagsym$$used                           0x08004044   Number         0  sys_cmd.o(FSymTab)
    FSymTab                                  0x08004050   Section       36  shell_cmd.o(FSymTab)
    __tagsym$$used                           0x08004050   Number         0  shell_cmd.o(FSymTab)
    __tagsym$$used                           0x0800405c   Number         0  shell_cmd.o(FSymTab)
    __tagsym$$used                           0x08004068   Number         0  shell_cmd.o(FSymTab)
    .data                                    0x20000000   Section       12  stm32f1xx_hal.o(.data)
    .data                                    0x2000000c   Section        4  system_stm32f1xx.o(.data)
    .data                                    0x20000010   Section       60  tasks.o(.data)
    pxDelayedTaskList                        0x20000014   Data           4  tasks.o(.data)
    pxOverflowDelayedTaskList                0x20000018   Data           4  tasks.o(.data)
    uxDeletedTasksWaitingCleanUp             0x2000001c   Data           4  tasks.o(.data)
    uxCurrentNumberOfTasks                   0x20000020   Data           4  tasks.o(.data)
    xTickCount                               0x20000024   Data           4  tasks.o(.data)
    uxTopReadyPriority                       0x20000028   Data           4  tasks.o(.data)
    xSchedulerRunning                        0x2000002c   Data           4  tasks.o(.data)
    uxPendedTicks                            0x20000030   Data           4  tasks.o(.data)
    xYieldPending                            0x20000034   Data           4  tasks.o(.data)
    xNumOfOverflows                          0x20000038   Data           4  tasks.o(.data)
    uxTaskNumber                             0x2000003c   Data           4  tasks.o(.data)
    xNextTaskUnblockTime                     0x20000040   Data           4  tasks.o(.data)
    xIdleTaskHandle                          0x20000044   Data           4  tasks.o(.data)
    uxSchedulerSuspended                     0x20000048   Data           4  tasks.o(.data)
    .data                                    0x2000004c   Section       24  heap_4.o(.data)
    pxEnd                                    0x2000004c   Data           4  heap_4.o(.data)
    xFreeBytesRemaining                      0x20000050   Data           4  heap_4.o(.data)
    xMinimumEverFreeBytesRemaining           0x20000054   Data           4  heap_4.o(.data)
    xBlockAllocatedBit                       0x20000058   Data           4  heap_4.o(.data)
    xStart                                   0x2000005c   Data           8  heap_4.o(.data)
    .data                                    0x20000064   Section       12  port.o(.data)
    ucMaxSysCallPriority                     0x20000064   Data           1  port.o(.data)
    uxCriticalNesting                        0x20000068   Data           4  port.o(.data)
    ulMaxPRIGROUPValue                       0x2000006c   Data           4  port.o(.data)
    .data                                    0x20000070   Section       16  shell.o(.data)
    .data                                    0x20000080   Section        4  stdout.o(.data)
    .bss                                     0x20000084   Section       72  main.o(.bss)
    .bss                                     0x200000cc   Section      608  freertos.o(.bss)
    xIdleTaskTCBBuffer                       0x200000cc   Data          96  freertos.o(.bss)
    xIdleStack                               0x2000012c   Data         512  freertos.o(.bss)
    .bss                                     0x2000032c   Section      420  tasks.o(.bss)
    pxReadyTasksLists                        0x2000032c   Data         320  tasks.o(.bss)
    xDelayedTaskList1                        0x2000046c   Data          20  tasks.o(.bss)
    xDelayedTaskList2                        0x20000480   Data          20  tasks.o(.bss)
    xPendingReadyList                        0x20000494   Data          20  tasks.o(.bss)
    xTasksWaitingTermination                 0x200004a8   Data          20  tasks.o(.bss)
    xSuspendedTaskList                       0x200004bc   Data          20  tasks.o(.bss)
    .bss                                     0x200004d0   Section     3072  heap_4.o(.bss)
    ucHeap                                   0x200004d0   Data        3072  heap_4.o(.bss)
    .bss                                     0x200010d0   Section      492  shell.o(.bss)
    STACK                                    0x200012c0   Section     1024  startup_stm32f103xe.o(STACK)

    Global Symbols

    Symbol Name                              Value     Ov Type        Size  Object(Section)

    BuildAttributes$$THM_ISAv4$P$D$K$B$S$PE$A:L22UL41UL21$X:L11$S22US41US21$IEEE1$IW$USESV6$~STKCKD$USESV7$~SHL$OSPACE$ROPI$EBA8$MICROLIB$REQ8$PRES8$EABIv2 0x00000000   Number         0  anon$$obj.o ABSOLUTE
    __ARM_use_no_argv                        0x00000000   Number         0  main.o ABSOLUTE
    _printf_a                                0x00000000   Number         0  stubs.o ABSOLUTE
    _printf_c                                0x00000000   Number         0  stubs.o ABSOLUTE
    _printf_charcount                        0x00000000   Number         0  stubs.o ABSOLUTE
    _printf_d                                0x00000000   Number         0  stubs.o ABSOLUTE
    _printf_e                                0x00000000   Number         0  stubs.o ABSOLUTE
    _printf_f                                0x00000000   Number         0  stubs.o ABSOLUTE
    _printf_flags                            0x00000000   Number         0  stubs.o ABSOLUTE
    _printf_fp_dec                           0x00000000   Number         0  stubs.o ABSOLUTE
    _printf_fp_hex                           0x00000000   Number         0  stubs.o ABSOLUTE
    _printf_g                                0x00000000   Number         0  stubs.o ABSOLUTE
    _printf_i                                0x00000000   Number         0  stubs.o ABSOLUTE
    _printf_int_dec                          0x00000000   Number         0  stubs.o ABSOLUTE
    _printf_l                                0x00000000   Number         0  stubs.o ABSOLUTE
    _printf_lc                               0x00000000   Number         0  stubs.o ABSOLUTE
    _printf_ll                               0x00000000   Number         0  stubs.o ABSOLUTE
    _printf_lld                              0x00000000   Number         0  stubs.o ABSOLUTE
    _printf_lli                              0x00000000   Number         0  stubs.o ABSOLUTE
    _printf_llo                              0x00000000   Number         0  stubs.o ABSOLUTE
    _printf_llu                              0x00000000   Number         0  stubs.o ABSOLUTE
    _printf_llx                              0x00000000   Number         0  stubs.o ABSOLUTE
    _printf_longlong_dec                     0x00000000   Number         0  stubs.o ABSOLUTE
    _printf_longlong_hex                     0x00000000   Number         0  stubs.o ABSOLUTE
    _printf_longlong_oct                     0x00000000   Number         0  stubs.o ABSOLUTE
    _printf_ls                               0x00000000   Number         0  stubs.o ABSOLUTE
    _printf_mbtowc                           0x00000000   Number         0  stubs.o ABSOLUTE
    _printf_n                                0x00000000   Number         0  stubs.o ABSOLUTE
    _printf_o                                0x00000000   Number         0  stubs.o ABSOLUTE
    _printf_p                                0x00000000   Number         0  stubs.o ABSOLUTE
    _printf_percent                          0x00000000   Number         0  stubs.o ABSOLUTE
    _printf_pre_padding                      0x00000000   Number         0  stubs.o ABSOLUTE
    _printf_return_value                     0x00000000   Number         0  stubs.o ABSOLUTE
    _printf_s                                0x00000000   Number         0  stubs.o ABSOLUTE
    _printf_sizespec                         0x00000000   Number         0  stubs.o ABSOLUTE
    _printf_str                              0x00000000   Number         0  stubs.o ABSOLUTE
    _printf_truncate_signed                  0x00000000   Number         0  stubs.o ABSOLUTE
    _printf_truncate_unsigned                0x00000000   Number         0  stubs.o ABSOLUTE
    _printf_u                                0x00000000   Number         0  stubs.o ABSOLUTE
    _printf_wc                               0x00000000   Number         0  stubs.o ABSOLUTE
    _printf_wctomb                           0x00000000   Number         0  stubs.o ABSOLUTE
    _printf_widthprec                        0x00000000   Number         0  stubs.o ABSOLUTE
    _printf_x                                0x00000000   Number         0  stubs.o ABSOLUTE
    __cpp_initialize__aeabi_                  - Undefined Weak Reference
    __cxa_finalize                            - Undefined Weak Reference
    __decompress                              - Undefined Weak Reference
    _clock_init                               - Undefined Weak Reference
    _microlib_exit                            - Undefined Weak Reference
    __Vectors_Size                           0x00000130   Number         0  startup_stm32f103xe.o ABSOLUTE
    __Vectors                                0x08000000   Data           4  startup_stm32f103xe.o(RESET)
    __Vectors_End                            0x08000130   Data           0  startup_stm32f103xe.o(RESET)
    __main                                   0x08000131   Thumb Code     0  entry.o(.ARM.Collect$$$$00000000)
    _main_stk                                0x08000131   Thumb Code     0  entry2.o(.ARM.Collect$$$$00000001)
    _main_scatterload                        0x08000135   Thumb Code     0  entry5.o(.ARM.Collect$$$$00000004)
    __main_after_scatterload                 0x08000139   Thumb Code     0  entry5.o(.ARM.Collect$$$$00000004)
    _main_clock                              0x08000139   Thumb Code     0  entry7b.o(.ARM.Collect$$$$00000008)
    _main_cpp_init                           0x08000139   Thumb Code     0  entry8b.o(.ARM.Collect$$$$0000000A)
    _main_init                               0x08000139   Thumb Code     0  entry9a.o(.ARM.Collect$$$$0000000B)
    __rt_final_cpp                           0x08000141   Thumb Code     0  entry10a.o(.ARM.Collect$$$$0000000D)
    __rt_final_exit                          0x08000141   Thumb Code     0  entry11a.o(.ARM.Collect$$$$0000000F)
    SVC_Handler                              0x08000145   Thumb Code    32  port.o(.emb_text)
    __asm___6_port_c_39a90d8d__prvStartFirstTask 0x08000169   Thumb Code    28  port.o(.emb_text)
    PendSV_Handler                           0x08000189   Thumb Code    72  port.o(.emb_text)
    vPortGetIPSR                             0x080001d5   Thumb Code     6  port.o(.emb_text)
    Reset_Handler                            0x080001dd   Thumb Code     8  startup_stm32f103xe.o(.text)
    ADC1_2_IRQHandler                        0x080001f7   Thumb Code     0  startup_stm32f103xe.o(.text)
    ADC3_IRQHandler                          0x080001f7   Thumb Code     0  startup_stm32f103xe.o(.text)
    CAN1_RX1_IRQHandler                      0x080001f7   Thumb Code     0  startup_stm32f103xe.o(.text)
    CAN1_SCE_IRQHandler                      0x080001f7   Thumb Code     0  startup_stm32f103xe.o(.text)
    DMA1_Channel1_IRQHandler                 0x080001f7   Thumb Code     0  startup_stm32f103xe.o(.text)
    DMA1_Channel2_IRQHandler                 0x080001f7   Thumb Code     0  startup_stm32f103xe.o(.text)
    DMA1_Channel3_IRQHandler                 0x080001f7   Thumb Code     0  startup_stm32f103xe.o(.text)
    DMA1_Channel4_IRQHandler                 0x080001f7   Thumb Code     0  startup_stm32f103xe.o(.text)
    DMA1_Channel5_IRQHandler                 0x080001f7   Thumb Code     0  startup_stm32f103xe.o(.text)
    DMA1_Channel6_IRQHandler                 0x080001f7   Thumb Code     0  startup_stm32f103xe.o(.text)
    DMA1_Channel7_IRQHandler                 0x080001f7   Thumb Code     0  startup_stm32f103xe.o(.text)
    DMA2_Channel1_IRQHandler                 0x080001f7   Thumb Code     0  startup_stm32f103xe.o(.text)
    DMA2_Channel2_IRQHandler                 0x080001f7   Thumb Code     0  startup_stm32f103xe.o(.text)
    DMA2_Channel3_IRQHandler                 0x080001f7   Thumb Code     0  startup_stm32f103xe.o(.text)
    DMA2_Channel4_5_IRQHandler               0x080001f7   Thumb Code     0  startup_stm32f103xe.o(.text)
    EXTI0_IRQHandler                         0x080001f7   Thumb Code     0  startup_stm32f103xe.o(.text)
    EXTI15_10_IRQHandler                     0x080001f7   Thumb Code     0  startup_stm32f103xe.o(.text)
    EXTI1_IRQHandler                         0x080001f7   Thumb Code     0  startup_stm32f103xe.o(.text)
    EXTI2_IRQHandler                         0x080001f7   Thumb Code     0  startup_stm32f103xe.o(.text)
    EXTI3_IRQHandler                         0x080001f7   Thumb Code     0  startup_stm32f103xe.o(.text)
    EXTI4_IRQHandler                         0x080001f7   Thumb Code     0  startup_stm32f103xe.o(.text)
    EXTI9_5_IRQHandler                       0x080001f7   Thumb Code     0  startup_stm32f103xe.o(.text)
    FLASH_IRQHandler                         0x080001f7   Thumb Code     0  startup_stm32f103xe.o(.text)
    FSMC_IRQHandler                          0x080001f7   Thumb Code     0  startup_stm32f103xe.o(.text)
    I2C1_ER_IRQHandler                       0x080001f7   Thumb Code     0  startup_stm32f103xe.o(.text)
    I2C1_EV_IRQHandler                       0x080001f7   Thumb Code     0  startup_stm32f103xe.o(.text)
    I2C2_ER_IRQHandler                       0x080001f7   Thumb Code     0  startup_stm32f103xe.o(.text)
    I2C2_EV_IRQHandler                       0x080001f7   Thumb Code     0  startup_stm32f103xe.o(.text)
    PVD_IRQHandler                           0x080001f7   Thumb Code     0  startup_stm32f103xe.o(.text)
    RCC_IRQHandler                           0x080001f7   Thumb Code     0  startup_stm32f103xe.o(.text)
    RTC_Alarm_IRQHandler                     0x080001f7   Thumb Code     0  startup_stm32f103xe.o(.text)
    RTC_IRQHandler                           0x080001f7   Thumb Code     0  startup_stm32f103xe.o(.text)
    SDIO_IRQHandler                          0x080001f7   Thumb Code     0  startup_stm32f103xe.o(.text)
    SPI1_IRQHandler                          0x080001f7   Thumb Code     0  startup_stm32f103xe.o(.text)
    SPI2_IRQHandler                          0x080001f7   Thumb Code     0  startup_stm32f103xe.o(.text)
    SPI3_IRQHandler                          0x080001f7   Thumb Code     0  startup_stm32f103xe.o(.text)
    TAMPER_IRQHandler                        0x080001f7   Thumb Code     0  startup_stm32f103xe.o(.text)
    TIM1_BRK_IRQHandler                      0x080001f7   Thumb Code     0  startup_stm32f103xe.o(.text)
    TIM1_CC_IRQHandler                       0x080001f7   Thumb Code     0  startup_stm32f103xe.o(.text)
    TIM1_TRG_COM_IRQHandler                  0x080001f7   Thumb Code     0  startup_stm32f103xe.o(.text)
    TIM1_UP_IRQHandler                       0x080001f7   Thumb Code     0  startup_stm32f103xe.o(.text)
    TIM2_IRQHandler                          0x080001f7   Thumb Code     0  startup_stm32f103xe.o(.text)
    TIM3_IRQHandler                          0x080001f7   Thumb Code     0  startup_stm32f103xe.o(.text)
    TIM4_IRQHandler                          0x080001f7   Thumb Code     0  startup_stm32f103xe.o(.text)
    TIM5_IRQHandler                          0x080001f7   Thumb Code     0  startup_stm32f103xe.o(.text)
    TIM6_IRQHandler                          0x080001f7   Thumb Code     0  startup_stm32f103xe.o(.text)
    TIM7_IRQHandler                          0x080001f7   Thumb Code     0  startup_stm32f103xe.o(.text)
    TIM8_BRK_IRQHandler                      0x080001f7   Thumb Code     0  startup_stm32f103xe.o(.text)
    TIM8_CC_IRQHandler                       0x080001f7   Thumb Code     0  startup_stm32f103xe.o(.text)
    TIM8_TRG_COM_IRQHandler                  0x080001f7   Thumb Code     0  startup_stm32f103xe.o(.text)
    TIM8_UP_IRQHandler                       0x080001f7   Thumb Code     0  startup_stm32f103xe.o(.text)
    UART4_IRQHandler                         0x080001f7   Thumb Code     0  startup_stm32f103xe.o(.text)
    UART5_IRQHandler                         0x080001f7   Thumb Code     0  startup_stm32f103xe.o(.text)
    USART2_IRQHandler                        0x080001f7   Thumb Code     0  startup_stm32f103xe.o(.text)
    USART3_IRQHandler                        0x080001f7   Thumb Code     0  startup_stm32f103xe.o(.text)
    USBWakeUp_IRQHandler                     0x080001f7   Thumb Code     0  startup_stm32f103xe.o(.text)
    USB_HP_CAN1_TX_IRQHandler                0x080001f7   Thumb Code     0  startup_stm32f103xe.o(.text)
    USB_LP_CAN1_RX0_IRQHandler               0x080001f7   Thumb Code     0  startup_stm32f103xe.o(.text)
    WWDG_IRQHandler                          0x080001f7   Thumb Code     0  startup_stm32f103xe.o(.text)
    ___aeabi_memcpy8$move                    0x08000201   Thumb Code     0  memmovea.o(.text)
    __aeabi_memcpy                           0x08000201   Thumb Code    64  memmovea.o(.text)
    __aeabi_memcpy4                          0x08000201   Thumb Code     0  memmovea.o(.text)
    __aeabi_memmove                          0x08000201   Thumb Code     0  memmovea.o(.text)
    __aeabi_memmove4                         0x08000201   Thumb Code     0  memmovea.o(.text)
    __aeabi_memmove8                         0x08000201   Thumb Code     0  memmovea.o(.text)
    __aeabi_memset                           0x08000241   Thumb Code    14  memseta.o(.text)
    __aeabi_memset4                          0x08000241   Thumb Code     0  memseta.o(.text)
    __aeabi_memset8                          0x08000241   Thumb Code     0  memseta.o(.text)
    __aeabi_memclr                           0x0800024f   Thumb Code     4  memseta.o(.text)
    __aeabi_memclr4                          0x0800024f   Thumb Code     0  memseta.o(.text)
    __aeabi_memclr8                          0x0800024f   Thumb Code     0  memseta.o(.text)
    memset                                   0x08000253   Thumb Code    18  memseta.o(.text)
    strncpy                                  0x08000265   Thumb Code    24  strncpy.o(.text)
    strlen                                   0x0800027d   Thumb Code    14  strlen.o(.text)
    strcpy                                   0x0800028b   Thumb Code    18  strcpy.o(.text)
    strncmp                                  0x0800029d   Thumb Code    30  strncmp.o(.text)
    __aeabi_uidiv                            0x080002bb   Thumb Code     0  uidiv.o(.text)
    __aeabi_uidivmod                         0x080002bb   Thumb Code    44  uidiv.o(.text)
    __scatterload                            0x080002e9   Thumb Code    28  init.o(.text)
    __scatterload_rt2                        0x080002e9   Thumb Code     0  init.o(.text)
    BusFault_Handler                         0x0800030d   Thumb Code     2  stm32f1xx_it.o(i.BusFault_Handler)
    DebugMon_Handler                         0x0800030f   Thumb Code     2  stm32f1xx_it.o(i.DebugMon_Handler)
    HAL_DMA_Abort                            0x08000311   Thumb Code    70  stm32f1xx_hal_dma.o(i.HAL_DMA_Abort)
    HAL_DMA_Abort_IT                         0x08000359   Thumb Code   296  stm32f1xx_hal_dma.o(i.HAL_DMA_Abort_IT)
    HAL_Delay                                0x08000489   Thumb Code    32  stm32f1xx_hal.o(i.HAL_Delay)
    HAL_GPIO_Init                            0x080004ad   Thumb Code   462  stm32f1xx_hal_gpio.o(i.HAL_GPIO_Init)
    HAL_GPIO_WritePin                        0x080006a5   Thumb Code    10  stm32f1xx_hal_gpio.o(i.HAL_GPIO_WritePin)
    HAL_GetTick                              0x080006b1   Thumb Code     6  stm32f1xx_hal.o(i.HAL_GetTick)
    HAL_IncTick                              0x080006bd   Thumb Code    12  stm32f1xx_hal.o(i.HAL_IncTick)
    HAL_Init                                 0x080006cd   Thumb Code    32  stm32f1xx_hal.o(i.HAL_Init)
    HAL_InitTick                             0x080006f1   Thumb Code    54  stm32f1xx_hal.o(i.HAL_InitTick)
    HAL_MspInit                              0x08000731   Thumb Code    48  stm32f1xx_hal_msp.o(i.HAL_MspInit)
    HAL_NVIC_EnableIRQ                       0x08000765   Thumb Code    26  stm32f1xx_hal_cortex.o(i.HAL_NVIC_EnableIRQ)
    HAL_NVIC_SetPriority                     0x08000781   Thumb Code    60  stm32f1xx_hal_cortex.o(i.HAL_NVIC_SetPriority)
    HAL_NVIC_SetPriorityGrouping             0x080007c1   Thumb Code    26  stm32f1xx_hal_cortex.o(i.HAL_NVIC_SetPriorityGrouping)
    HAL_RCC_ClockConfig                      0x080007e5   Thumb Code   280  stm32f1xx_hal_rcc.o(i.HAL_RCC_ClockConfig)
    HAL_RCC_GetPCLK1Freq                     0x08000911   Thumb Code    20  stm32f1xx_hal_rcc.o(i.HAL_RCC_GetPCLK1Freq)
    HAL_RCC_GetPCLK2Freq                     0x08000931   Thumb Code    20  stm32f1xx_hal_rcc.o(i.HAL_RCC_GetPCLK2Freq)
    HAL_RCC_GetSysClockFreq                  0x08000951   Thumb Code    58  stm32f1xx_hal_rcc.o(i.HAL_RCC_GetSysClockFreq)
    HAL_RCC_OscConfig                        0x0800099d   Thumb Code   778  stm32f1xx_hal_rcc.o(i.HAL_RCC_OscConfig)
    HAL_SYSTICK_Config                       0x08000cbd   Thumb Code    40  stm32f1xx_hal_cortex.o(i.HAL_SYSTICK_Config)
    HAL_UARTEx_RxEventCallback               0x08000ce5   Thumb Code     2  stm32f1xx_hal_uart.o(i.HAL_UARTEx_RxEventCallback)
    HAL_UART_ErrorCallback                   0x08000ce7   Thumb Code     2  stm32f1xx_hal_uart.o(i.HAL_UART_ErrorCallback)
    HAL_UART_IRQHandler                      0x08000ce9   Thumb Code   616  stm32f1xx_hal_uart.o(i.HAL_UART_IRQHandler)
    HAL_UART_Init                            0x08000f55   Thumb Code   100  stm32f1xx_hal_uart.o(i.HAL_UART_Init)
    HAL_UART_MspInit                         0x08000fb9   Thumb Code   116  stm32f1xx_hal_msp.o(i.HAL_UART_MspInit)
    HAL_UART_Receive_IT                      0x08001039   Thumb Code    28  stm32f1xx_hal_uart.o(i.HAL_UART_Receive_IT)
    HAL_UART_RxCpltCallback                  0x08001055   Thumb Code    34  shell.o(i.HAL_UART_RxCpltCallback)
    HAL_UART_TxCpltCallback                  0x08001089   Thumb Code     2  stm32f1xx_hal_uart.o(i.HAL_UART_TxCpltCallback)
    HardFault_Handler                        0x0800108b   Thumb Code     2  stm32f1xx_it.o(i.HardFault_Handler)
    MemManage_Handler                        0x08001111   Thumb Code     2  stm32f1xx_it.o(i.MemManage_Handler)
    NMI_Handler                              0x08001113   Thumb Code     2  stm32f1xx_it.o(i.NMI_Handler)
    SysTick_Handler                          0x08001115   Thumb Code    24  stm32f1xx_it.o(i.SysTick_Handler)
    SystemClock_Config                       0x0800112d   Thumb Code    86  main.o(i.SystemClock_Config)
    SystemInit                               0x08001183   Thumb Code     2  system_stm32f1xx.o(i.SystemInit)
    UART_Start_Receive_IT                    0x0800135d   Thumb Code    54  stm32f1xx_hal_uart.o(i.UART_Start_Receive_IT)
    USART1_IRQHandler                        0x08001395   Thumb Code     6  stm32f1xx_it.o(i.USART1_IRQHandler)
    UsageFault_Handler                       0x080013a1   Thumb Code     2  stm32f1xx_it.o(i.UsageFault_Handler)
    __0printf$6                              0x080013a5   Thumb Code    22  printf6.o(i.__0printf$6)
    __1printf$6                              0x080013a5   Thumb Code     0  printf6.o(i.__0printf$6)
    __2printf                                0x080013a5   Thumb Code     0  printf6.o(i.__0printf$6)
    __0sprintf$6                             0x080013c5   Thumb Code    34  printf6.o(i.__0sprintf$6)
    __1sprintf$6                             0x080013c5   Thumb Code     0  printf6.o(i.__0sprintf$6)
    __2sprintf                               0x080013c5   Thumb Code     0  printf6.o(i.__0sprintf$6)
    __scatterload_copy                       0x0800140d   Thumb Code    14  handlers.o(i.__scatterload_copy)
    __scatterload_null                       0x0800141b   Thumb Code     2  handlers.o(i.__scatterload_null)
    __scatterload_zeroinit                   0x0800141d   Thumb Code    14  handlers.o(i.__scatterload_zeroinit)
    eTaskGetState                            0x08001811   Thumb Code    94  tasks.o(i.eTaskGetState)
    finsh_syscall_next                       0x08001879   Thumb Code    22  shell.o(i.finsh_syscall_next)
    fputc                                    0x08001895   Thumb Code    18  main.o(i.fputc)
    function1                                0x080018ad   Thumb Code     6  rtos_task.o(i.function1)
    help                                     0x080018d5   Thumb Code    64  sys_cmd.o(i.help)
    iam                                      0x0800194d   Thumb Code   100  sys_cmd.o(i.iam)
    main                                     0x08001a71   Thumb Code   100  main.o(i.main)
    mem                                      0x08001b19   Thumb Code    34  shell_cmd.o(i.mem)
    osSemaphoreCreate                        0x08001b69   Thumb Code    62  cmsis_os.o(i.osSemaphoreCreate)
    osSemaphoreRelease                       0x08001ba9   Thumb Code    74  cmsis_os.o(i.osSemaphoreRelease)
    osSemaphoreWait                          0x08001bf9   Thumb Code    96  cmsis_os.o(i.osSemaphoreWait)
    osThreadCreate                           0x08001c5d   Thumb Code    84  cmsis_os.o(i.osThreadCreate)
    pti                                      0x08002225   Thumb Code    70  shell_cmd.o(i.pti)
    ptl                                      0x08002285   Thumb Code    30  shell_cmd.o(i.ptl)
    pvPortMalloc                             0x080022e1   Thumb Code   210  heap_4.o(i.pvPortMalloc)
    pvTaskIncrementMutexHeldCount            0x080023b9   Thumb Code    18  tasks.o(i.pvTaskIncrementMutexHeldCount)
    pxPortInitialiseStack                    0x080023d1   Thumb Code    32  port.o(i.pxPortInitialiseStack)
    shellTask                                0x080023f5   Thumb Code   526  shell.o(i.shellTask)
    shell_init                               0x080026a5   Thumb Code    80  shell.o(i.shell_init)
    show_version                             0x08002711   Thumb Code    96  shell.o(i.show_version)
    task_control                             0x08002791   Thumb Code    70  rtos_task.o(i.task_control)
    two_led_toggle                           0x0800282d   Thumb Code    62  rtos_task.o(i.two_led_toggle)
    uxListRemove                             0x08002875   Thumb Code    38  list.o(i.uxListRemove)
    uxTaskGetSystemState                     0x0800289d   Thumb Code   158  tasks.o(i.uxTaskGetSystemState)
    vApplicationGetIdleTaskMemory            0x08002949   Thumb Code    16  freertos.o(i.vApplicationGetIdleTaskMemory)
    vListInitialise                          0x0800295d   Thumb Code    22  list.o(i.vListInitialise)
    vListInitialiseItem                      0x08002973   Thumb Code     6  list.o(i.vListInitialiseItem)
    vListInsert                              0x08002979   Thumb Code    48  list.o(i.vListInsert)
    vListInsertEnd                           0x080029a9   Thumb Code    24  list.o(i.vListInsertEnd)
    vPortEnterCritical                       0x080029c1   Thumb Code    54  port.o(i.vPortEnterCritical)
    vPortExitCritical                        0x08002a01   Thumb Code    34  port.o(i.vPortExitCritical)
    vPortFree                                0x08002a29   Thumb Code    88  heap_4.o(i.vPortFree)
    vPortSetupTimerInterrupt                 0x08002a85   Thumb Code    32  port.o(i.vPortSetupTimerInterrupt)
    vPortValidateInterruptPriority           0x08002aa9   Thumb Code    74  port.o(i.vPortValidateInterruptPriority)
    vTaskDelay                               0x08002afd   Thumb Code    66  tasks.o(i.vTaskDelay)
    vTaskDelete                              0x08002b49   Thumb Code   156  tasks.o(i.vTaskDelete)
    vTaskGetInfo                             0x08002bf5   Thumb Code   124  tasks.o(i.vTaskGetInfo)
    vTaskInternalSetTimeOutState             0x08002c75   Thumb Code    12  tasks.o(i.vTaskInternalSetTimeOutState)
    vTaskList                                0x08002c85   Thumb Code   190  tasks.o(i.vTaskList)
    vTaskMissedYield                         0x08002d59   Thumb Code     8  tasks.o(i.vTaskMissedYield)
    vTaskPlaceOnEventList                    0x08002d65   Thumb Code    44  tasks.o(i.vTaskPlaceOnEventList)
    vTaskPriorityDisinheritAfterTimeout      0x08002d95   Thumb Code   160  tasks.o(i.vTaskPriorityDisinheritAfterTimeout)
    vTaskResume                              0x08002e3d   Thumb Code   112  tasks.o(i.vTaskResume)
    vTaskStartScheduler                      0x08002eb9   Thumb Code    90  tasks.o(i.vTaskStartScheduler)
    vTaskSuspend                             0x08002f25   Thumb Code   170  tasks.o(i.vTaskSuspend)
    vTaskSuspendAll                          0x08002fe1   Thumb Code    10  tasks.o(i.vTaskSuspendAll)
    vTaskSwitchContext                       0x08002ff1   Thumb Code    82  tasks.o(i.vTaskSwitchContext)
    xPortGetFreeHeapSize                     0x0800304d   Thumb Code     6  heap_4.o(i.xPortGetFreeHeapSize)
    xPortGetMinimumEverFreeHeapSize          0x08003059   Thumb Code     6  heap_4.o(i.xPortGetMinimumEverFreeHeapSize)
    xPortStartScheduler                      0x08003065   Thumb Code   154  port.o(i.xPortStartScheduler)
    xPortSysTickHandler                      0x0800310d   Thumb Code    38  port.o(i.xPortSysTickHandler)
    xQueueGenericCreate                      0x08003139   Thumb Code    72  queue.o(i.xQueueGenericCreate)
    xQueueGenericCreateStatic                0x08003181   Thumb Code   102  queue.o(i.xQueueGenericCreateStatic)
    xQueueGenericReset                       0x080031e9   Thumb Code   132  queue.o(i.xQueueGenericReset)
    xQueueGenericSend                        0x08003271   Thumb Code   346  queue.o(i.xQueueGenericSend)
    xQueueGiveFromISR                        0x080033d1   Thumb Code   156  queue.o(i.xQueueGiveFromISR)
    xQueueReceiveFromISR                     0x0800346d   Thumb Code   154  queue.o(i.xQueueReceiveFromISR)
    xQueueSemaphoreTake                      0x08003509   Thumb Code   372  queue.o(i.xQueueSemaphoreTake)
    xTaskCheckForTimeOut                     0x08003681   Thumb Code   112  tasks.o(i.xTaskCheckForTimeOut)
    xTaskCreate                              0x080036f5   Thumb Code    90  tasks.o(i.xTaskCreate)
    xTaskCreateStatic                        0x0800374f   Thumb Code    86  tasks.o(i.xTaskCreateStatic)
    xTaskGetHandle                           0x080037a5   Thumb Code   122  tasks.o(i.xTaskGetHandle)
    xTaskGetSchedulerState                   0x0800382d   Thumb Code    22  tasks.o(i.xTaskGetSchedulerState)
    xTaskGetTickCount                        0x08003849   Thumb Code     6  tasks.o(i.xTaskGetTickCount)
    xTaskIncrementTick                       0x08003855   Thumb Code   192  tasks.o(i.xTaskIncrementTick)
    xTaskPriorityDisinherit                  0x0800391d   Thumb Code   144  tasks.o(i.xTaskPriorityDisinherit)
    xTaskPriorityInherit                     0x080039b5   Thumb Code   138  tasks.o(i.xTaskPriorityInherit)
    xTaskRemoveFromEventList                 0x08003a49   Thumb Code   106  tasks.o(i.xTaskRemoveFromEventList)
    xTaskResumeAll                           0x08003ac1   Thumb Code   182  tasks.o(i.xTaskResumeAll)
    AHBPrescTable                            0x08003ce4   Data          16  system_stm32f1xx.o(.constdata)
    APBPrescTable                            0x08003cf4   Data           8  system_stm32f1xx.o(.constdata)
    qrcode                                   0x08003cfc   Data         100  sys_cmd.o(.constdata)
    head                                     0x08003d60   Data         176  shell.o(.constdata)
    __fsym___cmd_function1_name              0x08003f70   Data          16  rtos_task.o(.rodata.name)
    __fsym___cmd_function1_desc              0x08003f80   Data          22  rtos_task.o(.rodata.name)
    __fsym___cmd_help_name                   0x08003f96   Data          11  sys_cmd.o(.rodata.name)
    __fsym___cmd_help_desc                   0x08003fa1   Data          23  sys_cmd.o(.rodata.name)
    __fsym___cmd_iam_name                    0x08003fb8   Data          10  sys_cmd.o(.rodata.name)
    __fsym___cmd_iam_desc                    0x08003fc2   Data          14  sys_cmd.o(.rodata.name)
    __fsym___cmd_pti_name                    0x08003fd0   Data          10  shell_cmd.o(.rodata.name)
    __fsym___cmd_pti_desc                    0x08003fda   Data          30  shell_cmd.o(.rodata.name)
    __fsym___cmd_ptl_name                    0x08003ff8   Data          10  shell_cmd.o(.rodata.name)
    __fsym___cmd_ptl_desc                    0x08004002   Data          14  shell_cmd.o(.rodata.name)
    __fsym___cmd_mem_name                    0x08004010   Data          10  shell_cmd.o(.rodata.name)
    __fsym___cmd_mem_desc                    0x0800401a   Data          15  shell_cmd.o(.rodata.name)
    FSymTab$$Base                            0x0800402c   Number         0  rtos_task.o(FSymTab)
    __fsym___cmd_function1                   0x0800402c   Data          12  rtos_task.o(FSymTab)
    __fsym___cmd_help                        0x08004038   Data          12  sys_cmd.o(FSymTab)
    __fsym___cmd_iam                         0x08004044   Data          12  sys_cmd.o(FSymTab)
    __fsym___cmd_pti                         0x08004050   Data          12  shell_cmd.o(FSymTab)
    __fsym___cmd_ptl                         0x0800405c   Data          12  shell_cmd.o(FSymTab)
    __fsym___cmd_mem                         0x08004068   Data          12  shell_cmd.o(FSymTab)
    FSymTab$$Limit                           0x08004074   Number         0  shell_cmd.o(FSymTab)
    Region$$Table$$Base                      0x08004074   Number         0  anon$$obj.o(Region$$Table)
    Region$$Table$$Limit                     0x08004094   Number         0  anon$$obj.o(Region$$Table)
    uwTickFreq                               0x20000000   Data           1  stm32f1xx_hal.o(.data)
    uwTickPrio                               0x20000004   Data           4  stm32f1xx_hal.o(.data)
    uwTick                                   0x20000008   Data           4  stm32f1xx_hal.o(.data)
    SystemCoreClock                          0x2000000c   Data           4  system_stm32f1xx.o(.data)
    pxCurrentTCB                             0x20000010   Data           4  tasks.o(.data)
    _syscall_table_begin                     0x20000070   Data           4  shell.o(.data)
    _syscall_table_end                       0x20000074   Data           4  shell.o(.data)
    uart_rx_sem                              0x20000078   Data           4  shell.o(.data)
    shellTaskHandle                          0x2000007c   Data           4  shell.o(.data)
    __stdout                                 0x20000080   Data           4  stdout.o(.data)
    huart1                                   0x20000084   Data          72  main.o(.bss)
    shell                                    0x200010d0   Data         492  shell.o(.bss)
    __initial_sp                             0x200016c0   Data           0  startup_stm32f103xe.o(STACK)



==============================================================================

Memory Map of the image

  Image Entry point : 0x08000131

  Load Region LR_IROM1 (Base: 0x08000000, Size: 0x00004118, Max: 0x00080000, ABSOLUTE)

    Execution Region ER_IROM1 (Exec base: 0x08000000, Load base: 0x08000000, Size: 0x00004094, Max: 0x00080000, ABSOLUTE)

    Exec Addr    Load Addr    Size         Type   Attr      Idx    E Section Name        Object

    0x08000000   0x08000000   0x00000130   Data   RO            3    RESET               startup_stm32f103xe.o
    0x08000130   0x08000130   0x00000000   Code   RO         3507  * .ARM.Collect$$$$00000000  mc_w.l(entry.o)
    0x08000130   0x08000130   0x00000004   Code   RO         3793    .ARM.Collect$$$$00000001  mc_w.l(entry2.o)
    0x08000134   0x08000134   0x00000004   Code   RO         3796    .ARM.Collect$$$$00000004  mc_w.l(entry5.o)
    0x08000138   0x08000138   0x00000000   Code   RO         3798    .ARM.Collect$$$$00000008  mc_w.l(entry7b.o)
    0x08000138   0x08000138   0x00000000   Code   RO         3800    .ARM.Collect$$$$0000000A  mc_w.l(entry8b.o)
    0x08000138   0x08000138   0x00000008   Code   RO         3801    .ARM.Collect$$$$0000000B  mc_w.l(entry9a.o)
    0x08000140   0x08000140   0x00000000   Code   RO         3803    .ARM.Collect$$$$0000000D  mc_w.l(entry10a.o)
    0x08000140   0x08000140   0x00000000   Code   RO         3805    .ARM.Collect$$$$0000000F  mc_w.l(entry11a.o)
    0x08000140   0x08000140   0x00000004   Code   RO         3794    .ARM.Collect$$$$00002712  mc_w.l(entry2.o)
    0x08000144   0x08000144   0x00000096   Code   RO         3256    .emb_text           port.o
    0x080001da   0x080001da   0x00000002   PAD
    0x080001dc   0x080001dc   0x00000024   Code   RO            4    .text               startup_stm32f103xe.o
    0x08000200   0x08000200   0x00000040   Code   RO         3514    .text               mc_w.l(memmovea.o)
    0x08000240   0x08000240   0x00000024   Code   RO         3518    .text               mc_w.l(memseta.o)
    0x08000264   0x08000264   0x00000018   Code   RO         3520    .text               mc_w.l(strncpy.o)
    0x0800027c   0x0800027c   0x0000000e   Code   RO         3522    .text               mc_w.l(strlen.o)
    0x0800028a   0x0800028a   0x00000012   Code   RO         3524    .text               mc_w.l(strcpy.o)
    0x0800029c   0x0800029c   0x0000001e   Code   RO         3526    .text               mc_w.l(strncmp.o)
    0x080002ba   0x080002ba   0x0000002c   Code   RO         3808    .text               mc_w.l(uidiv.o)
    0x080002e6   0x080002e6   0x00000002   PAD
    0x080002e8   0x080002e8   0x00000024   Code   RO         3823    .text               mc_w.l(init.o)
    0x0800030c   0x0800030c   0x00000002   Code   RO          339    i.BusFault_Handler  stm32f1xx_it.o
    0x0800030e   0x0800030e   0x00000002   Code   RO          340    i.DebugMon_Handler  stm32f1xx_it.o
    0x08000310   0x08000310   0x00000046   Code   RO          923    i.HAL_DMA_Abort     stm32f1xx_hal_dma.o
    0x08000356   0x08000356   0x00000002   PAD
    0x08000358   0x08000358   0x00000130   Code   RO          924    i.HAL_DMA_Abort_IT  stm32f1xx_hal_dma.o
    0x08000488   0x08000488   0x00000024   Code   RO          549    i.HAL_Delay         stm32f1xx_hal.o
    0x080004ac   0x080004ac   0x000001f8   Code   RO          859    i.HAL_GPIO_Init     stm32f1xx_hal_gpio.o
    0x080006a4   0x080006a4   0x0000000a   Code   RO          863    i.HAL_GPIO_WritePin  stm32f1xx_hal_gpio.o
    0x080006ae   0x080006ae   0x00000002   PAD
    0x080006b0   0x080006b0   0x0000000c   Code   RO          553    i.HAL_GetTick       stm32f1xx_hal.o
    0x080006bc   0x080006bc   0x00000010   Code   RO          559    i.HAL_IncTick       stm32f1xx_hal.o
    0x080006cc   0x080006cc   0x00000024   Code   RO          560    i.HAL_Init          stm32f1xx_hal.o
    0x080006f0   0x080006f0   0x00000040   Code   RO          561    i.HAL_InitTick      stm32f1xx_hal.o
    0x08000730   0x08000730   0x00000034   Code   RO          416    i.HAL_MspInit       stm32f1xx_hal_msp.o
    0x08000764   0x08000764   0x0000001a   Code   RO         1019    i.HAL_NVIC_EnableIRQ  stm32f1xx_hal_cortex.o
    0x0800077e   0x0800077e   0x00000002   PAD
    0x08000780   0x08000780   0x00000040   Code   RO         1025    i.HAL_NVIC_SetPriority  stm32f1xx_hal_cortex.o
    0x080007c0   0x080007c0   0x00000024   Code   RO         1026    i.HAL_NVIC_SetPriorityGrouping  stm32f1xx_hal_cortex.o
    0x080007e4   0x080007e4   0x0000012c   Code   RO          717    i.HAL_RCC_ClockConfig  stm32f1xx_hal_rcc.o
    0x08000910   0x08000910   0x00000020   Code   RO          724    i.HAL_RCC_GetPCLK1Freq  stm32f1xx_hal_rcc.o
    0x08000930   0x08000930   0x00000020   Code   RO          725    i.HAL_RCC_GetPCLK2Freq  stm32f1xx_hal_rcc.o
    0x08000950   0x08000950   0x0000004c   Code   RO          726    i.HAL_RCC_GetSysClockFreq  stm32f1xx_hal_rcc.o
    0x0800099c   0x0800099c   0x00000320   Code   RO          729    i.HAL_RCC_OscConfig  stm32f1xx_hal_rcc.o
    0x08000cbc   0x08000cbc   0x00000028   Code   RO         1030    i.HAL_SYSTICK_Config  stm32f1xx_hal_cortex.o
    0x08000ce4   0x08000ce4   0x00000002   Code   RO         1567    i.HAL_UARTEx_RxEventCallback  stm32f1xx_hal_uart.o
    0x08000ce6   0x08000ce6   0x00000002   Code   RO         1581    i.HAL_UART_ErrorCallback  stm32f1xx_hal_uart.o
    0x08000ce8   0x08000ce8   0x0000026c   Code   RO         1584    i.HAL_UART_IRQHandler  stm32f1xx_hal_uart.o
    0x08000f54   0x08000f54   0x00000064   Code   RO         1585    i.HAL_UART_Init     stm32f1xx_hal_uart.o
    0x08000fb8   0x08000fb8   0x00000080   Code   RO          418    i.HAL_UART_MspInit  stm32f1xx_hal_msp.o
    0x08001038   0x08001038   0x0000001c   Code   RO         1590    i.HAL_UART_Receive_IT  stm32f1xx_hal_uart.o
    0x08001054   0x08001054   0x00000034   Code   RO         3385    i.HAL_UART_RxCpltCallback  shell.o
    0x08001088   0x08001088   0x00000002   Code   RO         1596    i.HAL_UART_TxCpltCallback  stm32f1xx_hal_uart.o
    0x0800108a   0x0800108a   0x00000002   Code   RO          341    i.HardFault_Handler  stm32f1xx_it.o
    0x0800108c   0x0800108c   0x00000084   Code   RO           14    i.MX_GPIO_Init      main.o
    0x08001110   0x08001110   0x00000002   Code   RO          342    i.MemManage_Handler  stm32f1xx_it.o
    0x08001112   0x08001112   0x00000002   Code   RO          343    i.NMI_Handler       stm32f1xx_it.o
    0x08001114   0x08001114   0x00000018   Code   RO          344    i.SysTick_Handler   stm32f1xx_it.o
    0x0800112c   0x0800112c   0x00000056   Code   RO           16    i.SystemClock_Config  main.o
    0x08001182   0x08001182   0x00000002   Code   RO         1919    i.SystemInit        system_stm32f1xx.o
    0x08001184   0x08001184   0x00000010   Code   RO         1598    i.UART_DMAAbortOnError  stm32f1xx_hal_uart.o
    0x08001194   0x08001194   0x0000004e   Code   RO         1608    i.UART_EndRxTransfer  stm32f1xx_hal_uart.o
    0x080011e2   0x080011e2   0x000000c2   Code   RO         1610    i.UART_Receive_IT   stm32f1xx_hal_uart.o
    0x080012a4   0x080012a4   0x000000b8   Code   RO         1611    i.UART_SetConfig    stm32f1xx_hal_uart.o
    0x0800135c   0x0800135c   0x00000036   Code   RO         1613    i.UART_Start_Receive_IT  stm32f1xx_hal_uart.o
    0x08001392   0x08001392   0x00000002   PAD
    0x08001394   0x08001394   0x0000000c   Code   RO          345    i.USART1_IRQHandler  stm32f1xx_it.o
    0x080013a0   0x080013a0   0x00000002   Code   RO          346    i.UsageFault_Handler  stm32f1xx_it.o
    0x080013a2   0x080013a2   0x00000002   PAD
    0x080013a4   0x080013a4   0x00000020   Code   RO         3687    i.__0printf$6       mc_w.l(printf6.o)
    0x080013c4   0x080013c4   0x00000028   Code   RO         3689    i.__0sprintf$6      mc_w.l(printf6.o)
    0x080013ec   0x080013ec   0x00000020   Code   RO         1032    i.__NVIC_SetPriority  stm32f1xx_hal_cortex.o
    0x0800140c   0x0800140c   0x0000000e   Code   RO         3833    i.__scatterload_copy  mc_w.l(handlers.o)
    0x0800141a   0x0800141a   0x00000002   Code   RO         3834    i.__scatterload_null  mc_w.l(handlers.o)
    0x0800141c   0x0800141c   0x0000000e   Code   RO         3835    i.__scatterload_zeroinit  mc_w.l(handlers.o)
    0x0800142a   0x0800142a   0x00000002   PAD
    0x0800142c   0x0800142c   0x000002f0   Code   RO         3694    i._printf_core      mc_w.l(printf6.o)
    0x0800171c   0x0800171c   0x00000024   Code   RO         3695    i._printf_post_padding  mc_w.l(printf6.o)
    0x08001740   0x08001740   0x0000002e   Code   RO         3696    i._printf_pre_padding  mc_w.l(printf6.o)
    0x0800176e   0x0800176e   0x0000000a   Code   RO         3698    i._sputc            mc_w.l(printf6.o)
    0x08001778   0x08001778   0x00000098   Code   RO         3386    i._zns_exec_cmd     shell.o
    0x08001810   0x08001810   0x00000068   Code   RO         2465    i.eTaskGetState     tasks.o
    0x08001878   0x08001878   0x0000001c   Code   RO         3387    i.finsh_syscall_next  shell.o
    0x08001894   0x08001894   0x00000018   Code   RO           17    i.fputc             main.o
    0x080018ac   0x080018ac   0x00000028   Code   RO          452    i.function1         rtos_task.o
    0x080018d4   0x080018d4   0x00000078   Code   RO         3336    i.help              sys_cmd.o
    0x0800194c   0x0800194c   0x00000118   Code   RO         3337    i.iam               sys_cmd.o
    0x08001a64   0x08001a64   0x0000000c   Code   RO         2823    i.inHandlerMode     cmsis_os.o
    0x08001a70   0x08001a70   0x0000009c   Code   RO           18    i.main              main.o
    0x08001b0c   0x08001b0c   0x0000000c   Code   RO         2825    i.makeFreeRtosPriority  cmsis_os.o
    0x08001b18   0x08001b18   0x00000050   Code   RO         3458    i.mem               shell_cmd.o
    0x08001b68   0x08001b68   0x0000003e   Code   RO         2856    i.osSemaphoreCreate  cmsis_os.o
    0x08001ba6   0x08001ba6   0x00000002   PAD
    0x08001ba8   0x08001ba8   0x00000050   Code   RO         2859    i.osSemaphoreRelease  cmsis_os.o
    0x08001bf8   0x08001bf8   0x00000064   Code   RO         2860    i.osSemaphoreWait   cmsis_os.o
    0x08001c5c   0x08001c5c   0x00000054   Code   RO         2864    i.osThreadCreate    cmsis_os.o
    0x08001cb0   0x08001cb0   0x00000070   Code   RO         2467    i.prvAddCurrentTaskToDelayedList  tasks.o
    0x08001d20   0x08001d20   0x000000d0   Code   RO         2468    i.prvAddNewTaskToReadyList  tasks.o
    0x08001df0   0x08001df0   0x00000026   Code   RO         2112    i.prvCopyDataFromQueue  queue.o
    0x08001e16   0x08001e16   0x0000006c   Code   RO         2113    i.prvCopyDataToQueue  queue.o
    0x08001e82   0x08001e82   0x00000034   Code   RO         2469    i.prvDeleteTCB      tasks.o
    0x08001eb6   0x08001eb6   0x00000002   PAD
    0x08001eb8   0x08001eb8   0x0000004c   Code   RO         3195    i.prvHeapInit       heap_4.o
    0x08001f04   0x08001f04   0x00000060   Code   RO         2470    i.prvIdleTask       tasks.o
    0x08001f64   0x08001f64   0x00000022   Code   RO         2115    i.prvInitialiseNewQueue  queue.o
    0x08001f86   0x08001f86   0x0000009c   Code   RO         2471    i.prvInitialiseNewTask  tasks.o
    0x08002022   0x08002022   0x00000002   PAD
    0x08002024   0x08002024   0x0000004c   Code   RO         3196    i.prvInsertBlockIntoFreeList  heap_4.o
    0x08002070   0x08002070   0x0000001c   Code   RO         2116    i.prvIsQueueEmpty   queue.o
    0x0800208c   0x0800208c   0x00000058   Code   RO         2472    i.prvListTasksWithinSingleList  tasks.o
    0x080020e4   0x080020e4   0x00000020   Code   RO         2473    i.prvResetNextTaskUnblockTime  tasks.o
    0x08002104   0x08002104   0x00000056   Code   RO         2474    i.prvSearchForNameWithinSingleList  tasks.o
    0x0800215a   0x0800215a   0x00000002   PAD
    0x0800215c   0x0800215c   0x00000028   Code   RO         3257    i.prvTaskExitError  port.o
    0x08002184   0x08002184   0x00000034   Code   RO         2475    i.prvTaskIsTaskSuspended  tasks.o
    0x080021b8   0x080021b8   0x0000006a   Code   RO         2117    i.prvUnlockQueue    queue.o
    0x08002222   0x08002222   0x00000002   PAD
    0x08002224   0x08002224   0x00000060   Code   RO         3459    i.pti               shell_cmd.o
    0x08002284   0x08002284   0x0000005c   Code   RO         3460    i.ptl               shell_cmd.o
    0x080022e0   0x080022e0   0x000000d8   Code   RO         3197    i.pvPortMalloc      heap_4.o
    0x080023b8   0x080023b8   0x00000018   Code   RO         2476    i.pvTaskIncrementMutexHeldCount  tasks.o
    0x080023d0   0x080023d0   0x00000024   Code   RO         3258    i.pxPortInitialiseStack  port.o
    0x080023f4   0x080023f4   0x000002b0   Code   RO         3388    i.shellTask         shell.o
    0x080026a4   0x080026a4   0x0000006c   Code   RO         3389    i.shell_init        shell.o
    0x08002710   0x08002710   0x00000080   Code   RO         3390    i.show_version      shell.o
    0x08002790   0x08002790   0x0000009c   Code   RO          454    i.task_control      rtos_task.o
    0x0800282c   0x0800282c   0x00000048   Code   RO          455    i.two_led_toggle    rtos_task.o
    0x08002874   0x08002874   0x00000026   Code   RO         2072    i.uxListRemove      list.o
    0x0800289a   0x0800289a   0x00000002   PAD
    0x0800289c   0x0800289c   0x000000ac   Code   RO         2479    i.uxTaskGetSystemState  tasks.o
    0x08002948   0x08002948   0x00000014   Code   RO          210    i.vApplicationGetIdleTaskMemory  freertos.o
    0x0800295c   0x0800295c   0x00000016   Code   RO         2073    i.vListInitialise   list.o
    0x08002972   0x08002972   0x00000006   Code   RO         2074    i.vListInitialiseItem  list.o
    0x08002978   0x08002978   0x00000030   Code   RO         2075    i.vListInsert       list.o
    0x080029a8   0x080029a8   0x00000018   Code   RO         2076    i.vListInsertEnd    list.o
    0x080029c0   0x080029c0   0x00000040   Code   RO         3260    i.vPortEnterCritical  port.o
    0x08002a00   0x08002a00   0x00000028   Code   RO         3261    i.vPortExitCritical  port.o
    0x08002a28   0x08002a28   0x0000005c   Code   RO         3198    i.vPortFree         heap_4.o
    0x08002a84   0x08002a84   0x00000024   Code   RO         3262    i.vPortSetupTimerInterrupt  port.o
    0x08002aa8   0x08002aa8   0x00000054   Code   RO         3263    i.vPortValidateInterruptPriority  port.o
    0x08002afc   0x08002afc   0x0000004c   Code   RO         2484    i.vTaskDelay        tasks.o
    0x08002b48   0x08002b48   0x000000ac   Code   RO         2485    i.vTaskDelete       tasks.o
    0x08002bf4   0x08002bf4   0x00000080   Code   RO         2487    i.vTaskGetInfo      tasks.o
    0x08002c74   0x08002c74   0x00000010   Code   RO         2488    i.vTaskInternalSetTimeOutState  tasks.o
    0x08002c84   0x08002c84   0x000000d4   Code   RO         2489    i.vTaskList         tasks.o
    0x08002d58   0x08002d58   0x0000000c   Code   RO         2490    i.vTaskMissedYield  tasks.o
    0x08002d64   0x08002d64   0x00000030   Code   RO         2492    i.vTaskPlaceOnEventList  tasks.o
    0x08002d94   0x08002d94   0x000000a8   Code   RO         2494    i.vTaskPriorityDisinheritAfterTimeout  tasks.o
    0x08002e3c   0x08002e3c   0x0000007c   Code   RO         2497    i.vTaskResume       tasks.o
    0x08002eb8   0x08002eb8   0x0000006c   Code   RO         2500    i.vTaskStartScheduler  tasks.o
    0x08002f24   0x08002f24   0x000000bc   Code   RO         2501    i.vTaskSuspend      tasks.o
    0x08002fe0   0x08002fe0   0x00000010   Code   RO         2502    i.vTaskSuspendAll   tasks.o
    0x08002ff0   0x08002ff0   0x0000005c   Code   RO         2503    i.vTaskSwitchContext  tasks.o
    0x0800304c   0x0800304c   0x0000000c   Code   RO         3200    i.xPortGetFreeHeapSize  heap_4.o
    0x08003058   0x08003058   0x0000000c   Code   RO         3201    i.xPortGetMinimumEverFreeHeapSize  heap_4.o
    0x08003064   0x08003064   0x000000a8   Code   RO         3264    i.xPortStartScheduler  port.o
    0x0800310c   0x0800310c   0x0000002c   Code   RO         3265    i.xPortSysTickHandler  port.o
    0x08003138   0x08003138   0x00000048   Code   RO         2129    i.xQueueGenericCreate  queue.o
    0x08003180   0x08003180   0x00000066   Code   RO         2130    i.xQueueGenericCreateStatic  queue.o
    0x080031e6   0x080031e6   0x00000002   PAD
    0x080031e8   0x080031e8   0x00000088   Code   RO         2131    i.xQueueGenericReset  queue.o
    0x08003270   0x08003270   0x00000160   Code   RO         2132    i.xQueueGenericSend  queue.o
    0x080033d0   0x080033d0   0x0000009c   Code   RO         2134    i.xQueueGiveFromISR  queue.o
    0x0800346c   0x0800346c   0x0000009a   Code   RO         2140    i.xQueueReceiveFromISR  queue.o
    0x08003506   0x08003506   0x00000002   PAD
    0x08003508   0x08003508   0x00000178   Code   RO         2141    i.xQueueSemaphoreTake  queue.o
    0x08003680   0x08003680   0x00000074   Code   RO         2504    i.xTaskCheckForTimeOut  tasks.o
    0x080036f4   0x080036f4   0x0000005a   Code   RO         2505    i.xTaskCreate       tasks.o
    0x0800374e   0x0800374e   0x00000056   Code   RO         2506    i.xTaskCreateStatic  tasks.o
    0x080037a4   0x080037a4   0x00000088   Code   RO         2510    i.xTaskGetHandle    tasks.o
    0x0800382c   0x0800382c   0x0000001c   Code   RO         2511    i.xTaskGetSchedulerState  tasks.o
    0x08003848   0x08003848   0x0000000c   Code   RO         2512    i.xTaskGetTickCount  tasks.o
    0x08003854   0x08003854   0x000000c8   Code   RO         2514    i.xTaskIncrementTick  tasks.o
    0x0800391c   0x0800391c   0x00000098   Code   RO         2517    i.xTaskPriorityDisinherit  tasks.o
    0x080039b4   0x080039b4   0x00000094   Code   RO         2518    i.xTaskPriorityInherit  tasks.o
    0x08003a48   0x08003a48   0x00000078   Code   RO         2519    i.xTaskRemoveFromEventList  tasks.o
    0x08003ac0   0x08003ac0   0x000000c4   Code   RO         2520    i.xTaskResumeAll    tasks.o
    0x08003b84   0x08003b84   0x000000a8   Code   RO         3391    i.zns_auto_complete  shell.o
    0x08003c2c   0x08003c2c   0x000000a6   Code   RO         3392    i.zns_split         shell.o
    0x08003cd2   0x08003cd2   0x00000012   Data   RO          730    .constdata          stm32f1xx_hal_rcc.o
    0x08003ce4   0x08003ce4   0x00000010   Data   RO         1920    .constdata          system_stm32f1xx.o
    0x08003cf4   0x08003cf4   0x00000008   Data   RO         1921    .constdata          system_stm32f1xx.o
    0x08003cfc   0x08003cfc   0x00000064   Data   RO         3338    .constdata          sys_cmd.o
    0x08003d60   0x08003d60   0x000000cc   Data   RO         3394    .constdata          shell.o
    0x08003e2c   0x08003e2c   0x0000004e   Data   RO         3339    .conststring        sys_cmd.o
    0x08003e7a   0x08003e7a   0x00000002   PAD
    0x08003e7c   0x08003e7c   0x0000004e   Data   RO         3395    .conststring        shell.o
    0x08003eca   0x08003eca   0x00000002   PAD
    0x08003ecc   0x08003ecc   0x000000a4   Data   RO         3461    .conststring        shell_cmd.o
    0x08003f70   0x08003f70   0x00000010   Data   RO          456    .rodata.name        rtos_task.o
    0x08003f80   0x08003f80   0x00000016   Data   RO          457    .rodata.name        rtos_task.o
    0x08003f96   0x08003f96   0x0000000b   Data   RO         3340    .rodata.name        sys_cmd.o
    0x08003fa1   0x08003fa1   0x00000017   Data   RO         3341    .rodata.name        sys_cmd.o
    0x08003fb8   0x08003fb8   0x0000000a   Data   RO         3342    .rodata.name        sys_cmd.o
    0x08003fc2   0x08003fc2   0x0000000e   Data   RO         3343    .rodata.name        sys_cmd.o
    0x08003fd0   0x08003fd0   0x0000000a   Data   RO         3462    .rodata.name        shell_cmd.o
    0x08003fda   0x08003fda   0x0000001e   Data   RO         3463    .rodata.name        shell_cmd.o
    0x08003ff8   0x08003ff8   0x0000000a   Data   RO         3464    .rodata.name        shell_cmd.o
    0x08004002   0x08004002   0x0000000e   Data   RO         3465    .rodata.name        shell_cmd.o
    0x08004010   0x08004010   0x0000000a   Data   RO         3466    .rodata.name        shell_cmd.o
    0x0800401a   0x0800401a   0x0000000f   Data   RO         3467    .rodata.name        shell_cmd.o
    0x08004029   0x08004029   0x00000003   PAD
    0x0800402c   0x0800402c   0x0000000c   Data   RO          458    FSymTab             rtos_task.o
    0x08004038   0x08004038   0x00000018   Data   RO         3344    FSymTab             sys_cmd.o
    0x08004050   0x08004050   0x00000024   Data   RO         3468    FSymTab             shell_cmd.o
    0x08004074   0x08004074   0x00000020   Data   RO         3831    Region$$Table       anon$$obj.o


    Execution Region RW_IRAM1 (Exec base: 0x20000000, Load base: 0x08004094, Size: 0x000016c0, Max: 0x00010000, ABSOLUTE)

    Exec Addr    Load Addr    Size         Type   Attr      Idx    E Section Name        Object

    0x20000000   0x08004094   0x0000000c   Data   RW          567    .data               stm32f1xx_hal.o
    0x2000000c   0x080040a0   0x00000004   Data   RW         1922    .data               system_stm32f1xx.o
    0x20000010   0x080040a4   0x0000003c   Data   RW         2523    .data               tasks.o
    0x2000004c   0x080040e0   0x00000018   Data   RW         3203    .data               heap_4.o
    0x20000064   0x080040f8   0x0000000c   Data   RW         3266    .data               port.o
    0x20000070   0x08004104   0x00000010   Data   RW         3396    .data               shell.o
    0x20000080   0x08004114   0x00000004   Data   RW         3807    .data               mc_w.l(stdout.o)
    0x20000084        -       0x00000048   Zero   RW           19    .bss                main.o
    0x200000cc        -       0x00000260   Zero   RW          211    .bss                freertos.o
    0x2000032c        -       0x000001a4   Zero   RW         2522    .bss                tasks.o
    0x200004d0        -       0x00000c00   Zero   RW         3202    .bss                heap_4.o
    0x200010d0        -       0x000001ec   Zero   RW         3393    .bss                shell.o
    0x200012bc   0x08004118   0x00000004   PAD
    0x200012c0        -       0x00000400   Zero   RW            1    STACK               startup_stm32f103xe.o


==============================================================================

Image component sizes


      Code (inc. data)   RO Data    RW Data    ZI Data      Debug   Object Name

       350         10          0          0          0      30286   cmsis_os.o
         0          0          0          0          0      20796   event_groups.o
        20          4          0          0        608     469440   freertos.o
       484         36          0         24       3072       8400   heap_4.o
       138          0          0          0          0       3414   list.o
       398         74          0          0         72     463697   main.o
       662         70          0         12          0      11213   port.o
      1662         14          0          0          0      17808   queue.o
       268        130         50          0          0       3967   rtos_task.o
      1490        272        282         16        492       9454   shell.o
       268        134        289          0          0       2507   shell_cmd.o
        36          8        304          0       1024        800   startup_stm32f103xe.o
       164         28          0         12          0       6541   stm32f1xx_hal.o
       198         14          0          0          0      28959   stm32f1xx_hal_cortex.o
       374          8          0          0          0       1847   stm32f1xx_hal_dma.o
       514         42          0          0          0       2920   stm32f1xx_hal_gpio.o
       180         16          0          0          0       1557   stm32f1xx_hal_msp.o
      1240         84         18          0          0       5136   stm32f1xx_hal_rcc.o
      1280         10          0          0          0       8892   stm32f1xx_hal_uart.o
        48          6          0          0          0       3555   stm32f1xx_it.o
         0          0          0          0          0        392   stream_buffer.o
       400        236        260          0          0       8449   sys_cmd.o
         2          0         24          4          0       1131   system_stm32f1xx.o
      3826        306          0         60        420      35045   tasks.o

    ----------------------------------------------------------------------
     14030       1502       1266        128       5692    1146206   Object Totals
         0          0         32          0          0          0   (incl. Generated)
        28          0          7          0          4          0   (incl. Padding)

    ----------------------------------------------------------------------

      Code (inc. data)   RO Data    RW Data    ZI Data      Debug   Library Member Name

         0          0          0          0          0          0   entry.o
         0          0          0          0          0          0   entry10a.o
         0          0          0          0          0          0   entry11a.o
         8          4          0          0          0          0   entry2.o
         4          0          0          0          0          0   entry5.o
         0          0          0          0          0          0   entry7b.o
         0          0          0          0          0          0   entry8b.o
         8          4          0          0          0          0   entry9a.o
        30          0          0          0          0          0   handlers.o
        36          8          0          0          0         68   init.o
        64          0          0          0          0         76   memmovea.o
        36          0          0          0          0        108   memseta.o
       916         20          0          0          0        504   printf6.o
         0          0          0          4          0          0   stdout.o
        18          0          0          0          0         68   strcpy.o
        14          0          0          0          0         68   strlen.o
        30          0          0          0          0         80   strncmp.o
        24          0          0          0          0         76   strncpy.o
        44          0          0          0          0         80   uidiv.o

    ----------------------------------------------------------------------
      1236         36          0          4          0       1128   Library Totals
         4          0          0          0          0          0   (incl. Padding)

    ----------------------------------------------------------------------

      Code (inc. data)   RO Data    RW Data    ZI Data      Debug   Library Name

      1232         36          0          4          0       1128   mc_w.l

    ----------------------------------------------------------------------
      1236         36          0          4          0       1128   Library Totals

    ----------------------------------------------------------------------

==============================================================================


      Code (inc. data)   RO Data    RW Data    ZI Data      Debug   

     15266       1538       1266        132       5692    1140050   Grand Totals
     15266       1538       1266        132       5692    1140050   ELF Image Totals
     15266       1538       1266        132          0          0   ROM Totals

==============================================================================

    Total RO  Size (Code + RO Data)                16532 (  16.14kB)
    Total RW  Size (RW Data + ZI Data)              5824 (   5.69kB)
    Total ROM Size (Code + RO Data + RW Data)      16664 (  16.27kB)

==============================================================================

