Component: ARM Compiler 5.06 update 6 (build 750) Tool: armlink [4d35ed]

==============================================================================

Section Cross References

    startup_stm32f103xe.o(RESET) refers to startup_stm32f103xe.o(STACK) for __initial_sp
    startup_stm32f103xe.o(RESET) refers to startup_stm32f103xe.o(.text) for Reset_Handler
    startup_stm32f103xe.o(RESET) refers to stm32f1xx_it.o(i.NMI_Handler) for NMI_Handler
    startup_stm32f103xe.o(RESET) refers to stm32f1xx_it.o(i.HardFault_Handler) for HardFault_Handler
    startup_stm32f103xe.o(RESET) refers to stm32f1xx_it.o(i.MemManage_Handler) for MemManage_Handler
    startup_stm32f103xe.o(RESET) refers to stm32f1xx_it.o(i.BusFault_Handler) for BusFault_Handler
    startup_stm32f103xe.o(RESET) refers to stm32f1xx_it.o(i.UsageFault_Handler) for UsageFault_Handler
    startup_stm32f103xe.o(RESET) refers to port.o(.emb_text) for SVC_Handler
    startup_stm32f103xe.o(RESET) refers to stm32f1xx_it.o(i.DebugMon_Handler) for DebugMon_Handler
    startup_stm32f103xe.o(RESET) refers to stm32f1xx_it.o(i.SysTick_Handler) for SysTick_Handler
    startup_stm32f103xe.o(RESET) refers to stm32f1xx_it.o(i.USART1_IRQHandler) for USART1_IRQHandler
    startup_stm32f103xe.o(.text) refers to system_stm32f1xx.o(i.SystemInit) for SystemInit
    startup_stm32f103xe.o(.text) refers to entry.o(.ARM.Collect$$$$00000000) for __main
    main.o(i.MX_GPIO_Init) refers to stm32f1xx_hal_gpio.o(i.HAL_GPIO_WritePin) for HAL_GPIO_WritePin
    main.o(i.MX_GPIO_Init) refers to stm32f1xx_hal_gpio.o(i.HAL_GPIO_Init) for HAL_GPIO_Init
    main.o(i.StartDefaultTask) refers to cmsis_os.o(i.osDelay) for osDelay
    main.o(i.SystemClock_Config) refers to memseta.o(.text) for __aeabi_memclr4
    main.o(i.SystemClock_Config) refers to stm32f1xx_hal_rcc.o(i.HAL_RCC_OscConfig) for HAL_RCC_OscConfig
    main.o(i.SystemClock_Config) refers to stm32f1xx_hal_rcc.o(i.HAL_RCC_ClockConfig) for HAL_RCC_ClockConfig
    main.o(i.main) refers to stm32f1xx_hal.o(i.HAL_Init) for HAL_Init
    main.o(i.main) refers to main.o(i.SystemClock_Config) for SystemClock_Config
    main.o(i.main) refers to main.o(i.MX_GPIO_Init) for MX_GPIO_Init
    main.o(i.main) refers to stm32f1xx_hal_uart.o(i.HAL_UART_Init) for HAL_UART_Init
    main.o(i.main) refers to shell.o(i.shell_init) for shell_init
    main.o(i.main) refers to tasks.o(i.xTaskCreate) for xTaskCreate
    main.o(i.main) refers to tasks.o(i.vTaskStartScheduler) for vTaskStartScheduler
    main.o(i.main) refers to main.o(.bss) for .bss
    main.o(i.main) refers to rtos_task.o(i.task_create_entry) for task_create_entry
    main.o(i.vApplicationIdleHook) refers to printf6.o(i.__0printf$6) for __2printf
    main.o(i.vApplicationIdleHook) refers to stm32f1xx_hal_gpio.o(i.HAL_GPIO_TogglePin) for HAL_GPIO_TogglePin
    freertos.o(i.vApplicationGetIdleTaskMemory) refers to freertos.o(.bss) for .bss
    stm32f1xx_it.o(i.SysTick_Handler) refers to stm32f1xx_hal.o(i.HAL_IncTick) for HAL_IncTick
    stm32f1xx_it.o(i.SysTick_Handler) refers to tasks.o(i.xTaskGetSchedulerState) for xTaskGetSchedulerState
    stm32f1xx_it.o(i.SysTick_Handler) refers to port.o(i.xPortSysTickHandler) for xPortSysTickHandler
    stm32f1xx_it.o(i.USART1_IRQHandler) refers to stm32f1xx_hal_uart.o(i.HAL_UART_IRQHandler) for HAL_UART_IRQHandler
    stm32f1xx_it.o(i.USART1_IRQHandler) refers to main.o(.bss) for huart1
    stm32f1xx_hal_msp.o(i.HAL_MspInit) refers to stm32f1xx_hal_cortex.o(i.HAL_NVIC_SetPriority) for HAL_NVIC_SetPriority
    stm32f1xx_hal_msp.o(i.HAL_UART_MspDeInit) refers to stm32f1xx_hal_gpio.o(i.HAL_GPIO_DeInit) for HAL_GPIO_DeInit
    stm32f1xx_hal_msp.o(i.HAL_UART_MspDeInit) refers to stm32f1xx_hal_cortex.o(i.HAL_NVIC_DisableIRQ) for HAL_NVIC_DisableIRQ
    stm32f1xx_hal_msp.o(i.HAL_UART_MspInit) refers to stm32f1xx_hal_gpio.o(i.HAL_GPIO_Init) for HAL_GPIO_Init
    stm32f1xx_hal_msp.o(i.HAL_UART_MspInit) refers to stm32f1xx_hal_cortex.o(i.HAL_NVIC_SetPriority) for HAL_NVIC_SetPriority
    stm32f1xx_hal_msp.o(i.HAL_UART_MspInit) refers to stm32f1xx_hal_cortex.o(i.HAL_NVIC_EnableIRQ) for HAL_NVIC_EnableIRQ
    rtos_task.o(i.complex_algorithm) refers to sinf.o(i.sinf) for sinf
    rtos_task.o(i.complex_algorithm) refers to f2d.o(.text) for __aeabi_f2d
    rtos_task.o(i.complex_algorithm) refers to dadd.o(.text) for __aeabi_dadd
    rtos_task.o(i.complex_algorithm) refers to d2f.o(.text) for __aeabi_d2f
    rtos_task.o(i.function1) refers to printf6.o(i.__0printf$6) for __2printf
    rtos_task.o(i.print_string) refers to printf6.o(i.__0printf$6) for __2printf
    rtos_task.o(i.print_string) refers to tasks.o(i.vTaskDelay) for vTaskDelay
    rtos_task.o(i.runonce_entry) refers to tasks.o(i.vTaskDelay) for vTaskDelay
    rtos_task.o(i.runonce_entry) refers to printf6.o(i.__0printf$6) for __2printf
    rtos_task.o(i.runonce_entry) refers to tasks.o(i.xTaskGetHandle) for xTaskGetHandle
    rtos_task.o(i.runonce_entry) refers to tasks.o(i.vTaskDelete) for vTaskDelete
[...]
    .text                                    0x080007a0   Section       36  init.o(.text)
    .text                                    0x080007c4   Section        0  fdiv.o(.text)
    .text                                    0x08000840   Section        0  fscalb.o(.text)
    .text                                    0x08000858   Section        0  fflti.o(.text)
    .text                                    0x0800086a   Section        0  ffltui.o(.text)
    i.BusFault_Handler                       0x08000874   Section        0  stm32f1xx_it.o(i.BusFault_Handler)
    i.DebugMon_Handler                       0x08000876   Section        0  stm32f1xx_it.o(i.DebugMon_Handler)
    i.HAL_DMA_Abort                          0x08000878   Section        0  stm32f1xx_hal_dma.o(i.HAL_DMA_Abort)
    i.HAL_DMA_Abort_IT                       0x080008c0   Section        0  stm32f1xx_hal_dma.o(i.HAL_DMA_Abort_IT)
    i.HAL_Delay                              0x080009f0   Section        0  stm32f1xx_hal.o(i.HAL_Delay)
    i.HAL_GPIO_Init                          0x08000a14   Section        0  stm32f1xx_hal_gpio.o(i.HAL_GPIO_Init)
    i.HAL_GPIO_TogglePin                     0x08000c0c   Section        0  stm32f1xx_hal_gpio.o(i.HAL_GPIO_TogglePin)
    i.HAL_GPIO_WritePin                      0x08000c1c   Section        0  stm32f1xx_hal_gpio.o(i.HAL_GPIO_WritePin)
    i.HAL_GetTick                            0x08000c28   Section        0  stm32f1xx_hal.o(i.HAL_GetTick)
    i.HAL_IncTick                            0x08000c34   Section        0  stm32f1xx_hal.o(i.HAL_IncTick)
    i.HAL_Init                               0x08000c44   Section        0  stm32f1xx_hal.o(i.HAL_Init)
    i.HAL_InitTick                           0x08000c68   Section        0  stm32f1xx_hal.o(i.HAL_InitTick)
    i.HAL_MspInit                            0x08000ca8   Section        0  stm32f1xx_hal_msp.o(i.HAL_MspInit)
    i.HAL_NVIC_EnableIRQ                     0x08000cdc   Section        0  stm32f1xx_hal_cortex.o(i.HAL_NVIC_EnableIRQ)
    i.HAL_NVIC_SetPriority                   0x08000cf8   Section        0  stm32f1xx_hal_cortex.o(i.HAL_NVIC_SetPriority)
    i.HAL_NVIC_SetPriorityGrouping           0x08000d38   Section        0  stm32f1xx_hal_cortex.o(i.HAL_NVIC_SetPriorityGrouping)
    i.HAL_RCC_ClockConfig                    0x08000d5c   Section        0  stm32f1xx_hal_rcc.o(i.HAL_RCC_ClockConfig)
    i.HAL_RCC_GetPCLK1Freq                   0x08000e88   Section        0  stm32f1xx_hal_rcc.o(i.HAL_RCC_GetPCLK1Freq)
    i.HAL_RCC_GetPCLK2Freq                   0x08000ea8   Section        0  stm32f1xx_hal_rcc.o(i.HAL_RCC_GetPCLK2Freq)
    i.HAL_RCC_GetSysClockFreq                0x08000ec8   Section        0  stm32f1xx_hal_rcc.o(i.HAL_RCC_GetSysClockFreq)
    i.HAL_RCC_OscConfig                      0x08000f14   Section        0  stm32f1xx_hal_rcc.o(i.HAL_RCC_OscConfig)
    i.HAL_SYSTICK_Config                     0x08001234   Section        0  stm32f1xx_hal_cortex.o(i.HAL_SYSTICK_Config)
    i.HAL_UARTEx_RxEventCallback             0x0800125c   Section        0  stm32f1xx_hal_uart.o(i.HAL_UARTEx_RxEventCallback)
    i.HAL_UART_ErrorCallback                 0x0800125e   Section        0  stm32f1xx_hal_uart.o(i.HAL_UART_ErrorCallback)
    i.HAL_UART_IRQHandler                    0x08001260   Section        0  stm32f1xx_hal_uart.o(i.HAL_UART_IRQHandler)
    i.HAL_UART_Init                          0x080014cc   Section        0  stm32f1xx_hal_uart.o(i.HAL_UART_Init)
    i.HAL_UART_MspInit                       0x08001530   Section        0  stm32f1xx_hal_msp.o(i.HAL_UART_MspInit)
    i.HAL_UART_Receive_IT                    0x080015b0   Section        0  stm32f1xx_hal_uart.o(i.HAL_UART_Receive_IT)
    i.HAL_UART_RxCpltCallback                0x080015cc   Section        0  shell.o(i.HAL_UART_RxCpltCallback)
    i.HAL_UART_TxCpltCallback                0x08001600   Section        0  stm32f1xx_hal_uart.o(i.HAL_UART_TxCpltCallback)
    i.HardFault_Handler                      0x08001602   Section        0  stm32f1xx_it.o(i.HardFault_Handler)
    i.MX_GPIO_Init                           0x08001604   Section        0  main.o(i.MX_GPIO_Init)
    MX_GPIO_Init                             0x08001605   Thumb Code   120  main.o(i.MX_GPIO_Init)
    i.MemManage_Handler                      0x08001688   Section        0  stm32f1xx_it.o(i.MemManage_Handler)
    i.NMI_Handler                            0x0800168a   Section        0  stm32f1xx_it.o(i.NMI_Handler)
    i.SysTick_Handler                        0x0800168c   Section        0  stm32f1xx_it.o(i.SysTick_Handler)
    i.SystemClock_Config                     0x080016a4   Section        0  main.o(i.SystemClock_Config)
    i.SystemInit                             0x080016fa   Section        0  system_stm32f1xx.o(i.SystemInit)
    i.UART_DMAAbortOnError                   0x080016fc   Section        0  stm32f1xx_hal_uart.o(i.UART_DMAAbortOnError)
    UART_DMAAbortOnError                     0x080016fd   Thumb Code    16  stm32f1xx_hal_uart.o(i.UART_DMAAbortOnError)
    i.UART_EndRxTransfer                     0x0800170c   Section        0  stm32f1xx_hal_uart.o(i.UART_EndRxTransfer)
    UART_EndRxTransfer                       0x0800170d   Thumb Code    78  stm32f1xx_hal_uart.o(i.UART_EndRxTransfer)
    i.UART_Receive_IT                        0x0800175a   Section        0  stm32f1xx_hal_uart.o(i.UART_Receive_IT)
    UART_Receive_IT                          0x0800175b   Thumb Code   194  stm32f1xx_hal_uart.o(i.UART_Receive_IT)
    i.UART_SetConfig                         0x0800181c   Section        0  stm32f1xx_hal_uart.o(i.UART_SetConfig)
    UART_SetConfig                           0x0800181d   Thumb Code   178  stm32f1xx_hal_uart.o(i.UART_SetConfig)
    i.UART_Start_Receive_IT                  0x080018d4   Section        0  stm32f1xx_hal_uart.o(i.UART_Start_Receive_IT)
    i.USART1_IRQHandler                      0x0800190c   Section        0  stm32f1xx_it.o(i.USART1_IRQHandler)
    i.UsageFault_Handler                     0x08001918   Section        0  stm32f1xx_it.o(i.UsageFault_Handler)
    i.__0printf$6                            0x0800191c   Section        0  printf6.o(i.__0printf$6)
    i.__0sprintf$6                           0x0800193c   Section        0  printf6.o(i.__0sprintf$6)
    i.__ARM_fpclassifyf                      0x08001964   Section        0  fpclassifyf.o(i.__ARM_fpclassifyf)
    i.__NVIC_SetPriority                     0x0800198a   Section        0  stm32f1xx_hal_cortex.o(i.__NVIC_SetPriority)
    __NVIC_SetPriority                       0x0800198b   Thumb Code    32  stm32f1xx_hal_cortex.o(i.__NVIC_SetPriority)
    i.__mathlib_flt_infnan                   0x080019aa   Section        0  funder.o(i.__mathlib_flt_infnan)
    i.__mathlib_flt_invalid                  0x080019b0   Section        0  funder.o(i.__mathlib_flt_invalid)
    i.__mathlib_flt_underflow                0x080019b8   Section        0  funder.o(i.__mathlib_flt_underflow)
    i.__mathlib_rredf2                       0x080019c4   Section        0  rredf.o(i.__mathlib_rredf2)
    i.__scatterload_copy                     0x08001b2c   Section       14  handlers.o(i.__scatterload_copy)
    i.__scatterload_null                     0x08001b3a   Section        2  handlers.o(i.__scatterload_null)
    i.__scatterload_zeroinit                 0x08001b3c   Section       14  handlers.o(i.__scatterload_zeroinit)
    i.__set_errno                            0x08001b4c   Section        0  errno.o(i.__set_errno)
    i._printf_core                           0x08001b58   Section        0  printf6.o(i._printf_core)
    _printf_core                             0x08001b59   Thumb Code   748  printf6.o(i._printf_core)
    i._printf_post_padding                   0x08001e48   Section        0  printf6.o(i._printf_post_padding)
    _printf_post_padding                     0x08001e49   Thumb Code    36  printf6.o(i._printf_post_padding)
    i._printf_pre_padding                    0x08001e6c   Section        0  printf6.o(i._printf_pre_padding)
    _printf_pre_padding                      0x08001e6d   Thumb Code    46  printf6.o(i._printf_pre_padding)
    i._sputc                                 0x08001e9a   Section        0  printf6.o(i._sputc)
    _sputc                                   0x08001e9b   Thumb Code    10  printf6.o(i._sputc)
    i._zns_exec_cmd                          0x08001ea4   Section        0  shell.o(i._zns_exec_cmd)
    _zns_exec_cmd                            0x08001ea5   Thumb Code   140  shell.o(i._zns_exec_cmd)
    i.complex_algorithm                      0x08001f3c   Section        0  rtos_task.o(i.complex_algorithm)
    i.eTaskGetState                          0x08001f7c   Section        0  tasks.o(i.eTaskGetState)
    i.finsh_syscall_next                     0x08001fe4   Section        0  shell.o(i.finsh_syscall_next)
    i.fputc                                  0x08002000   Section        0  main.o(i.fputc)
    i.function1                              0x08002018   Section        0  rtos_task.o(i.function1)
    i.help                                   0x08002040   Section        0  sys_cmd.o(i.help)
    i.iam                                    0x080020b8   Section        0  sys_cmd.o(i.iam)
    i.inHandlerMode                          0x080021d0   Section        0  cmsis_os.o(i.inHandlerMode)
    inHandlerMode                            0x080021d1   Thumb Code    12  cmsis_os.o(i.inHandlerMode)
    i.main                                   0x080021dc   Section        0  main.o(i.main)
    i.makeFreeRtosPriority                   0x0800224c   Section        0  cmsis_os.o(i.makeFreeRtosPriority)
    makeFreeRtosPriority                     0x0800224d   Thumb Code    12  cmsis_os.o(i.makeFreeRtosPriority)
    i.mem                                    0x08002258   Section        0  shell_cmd.o(i.mem)
    i.osSemaphoreCreate                      0x080022a8   Section        0  cmsis_os.o(i.osSemaphoreCreate)
    i.osSemaphoreRelease                     0x080022e8   Section        0  cmsis_os.o(i.osSemaphoreRelease)
    i.osSemaphoreWait                        0x08002338   Section        0  cmsis_os.o(i.osSemaphoreWait)
    i.osThreadCreate                         0x0800239c   Section        0  cmsis_os.o(i.osThreadCreate)
    i.prvAddCurrentTaskToDelayedList         0x080023f0   Section        0  tasks.o(i.prvAddCurrentTaskToDelayedList)
    prvAddCurrentTaskToDelayedList           0x080023f1   Thumb Code   102  tasks.o(i.prvAddCurrentTaskToDelayedList)
    i.prvAddNewTaskToReadyList               0x08002460   Section        0  tasks.o(i.prvAddNewTaskToReadyList)
    prvAddNewTaskToReadyList                 0x08002461   Thumb Code   192  tasks.o(i.prvAddNewTaskToReadyList)
    i.prvCopyDataFromQueue                   0x08002530   Section        0  queue.o(i.prvCopyDataFromQueue)
    prvCopyDataFromQueue                     0x08002531   Thumb Code    38  queue.o(i.prvCopyDataFromQueue)
    i.prvCopyDataToQueue                     0x08002556   Section        0  queue.o(i.prvCopyDataToQueue)
    prvCopyDataToQueue                       0x08002557   Thumb Code   108  queue.o(i.prvCopyDataToQueue)
    i.prvDeleteTCB                           0x080025c2   Section        0  tasks.o(i.prvDeleteTCB)
    prvDeleteTCB                             0x080025c3   Thumb Code    52  tasks.o(i.prvDeleteTCB)
    i.prvHeapInit                            0x080025f8   Section        0  heap_4.o(i.prvHeapInit)
    prvHeapInit                              0x080025f9   Thumb Code    66  heap_4.o(i.prvHeapInit)
    i.prvIdleTask                            0x08002644   Section        0  tasks.o(i.prvIdleTask)
    prvIdleTask                              0x08002645   Thumb Code    86  tasks.o(i.prvIdleTask)
    i.prvInitialiseNewQueue                  0x080026a8   Section        0  queue.o(i.prvInitialiseNewQueue)
    prvInitialiseNewQueue                    0x080026a9   Thumb Code    34  queue.o(i.prvInitialiseNewQueue)
    i.prvInitialiseNewTask                   0x080026ca   Section        0  tasks.o(i.prvInitialiseNewTask)
    prvInitialiseNewTask                     0x080026cb   Thumb Code   156  tasks.o(i.prvInitialiseNewTask)
    i.prvInsertBlockIntoFreeList             0x08002768   Section        0  heap_4.o(i.prvInsertBlockIntoFreeList)
    prvInsertBlockIntoFreeList               0x08002769   Thumb Code    72  heap_4.o(i.prvInsertBlockIntoFreeList)
    i.prvIsQueueEmpty                        0x080027b4   Section        0  queue.o(i.prvIsQueueEmpty)
    prvIsQueueEmpty                          0x080027b5   Thumb Code    28  queue.o(i.prvIsQueueEmpty)
    i.prvListTasksWithinSingleList           0x080027d0   Section        0  tasks.o(i.prvListTasksWithinSingleList)
    prvListTasksWithinSingleList             0x080027d1   Thumb Code    88  tasks.o(i.prvListTasksWithinSingleList)
    i.prvResetNextTaskUnblockTime            0x08002828   Section        0  tasks.o(i.prvResetNextTaskUnblockTime)
    prvResetNextTaskUnblockTime              0x08002829   Thumb Code    26  tasks.o(i.prvResetNextTaskUnblockTime)
    i.prvSearchForNameWithinSingleList       0x08002848   Section        0  tasks.o(i.prvSearchForNameWithinSingleList)
    prvSearchForNameWithinSingleList         0x08002849   Thumb Code    86  tasks.o(i.prvSearchForNameWithinSingleList)
    i.prvTaskExitError                       0x080028a0   Section        0  port.o(i.prvTaskExitError)
    prvTaskExitError                         0x080028a1   Thumb Code    36  port.o(i.prvTaskExitError)
    i.prvUnlockQueue                         0x080028c8   Section        0  queue.o(i.prvUnlockQueue)
    prvUnlockQueue                           0x080028c9   Thumb Code   106  queue.o(i.prvUnlockQueue)
    i.pti                                    0x08002934   Section        0  shell_cmd.o(i.pti)
    i.ptl                                    0x08002994   Section        0  shell_cmd.o(i.ptl)
    i.pvPortMalloc                           0x080029f0   Section        0  heap_4.o(i.pvPortMalloc)
    i.pvTaskIncrementMutexHeldCount          0x08002ac8   Section        0  tasks.o(i.pvTaskIncrementMutexHeldCount)
    i.pxPortInitialiseStack                  0x08002ae0   Section        0  port.o(i.pxPortInitialiseStack)
    i.shellTask                              0x08002b04   Section        0  shell.o(i.shellTask)
    i.shell_init                             0x08002db4   Section        0  shell.o(i.shell_init)
    i.show_version                           0x08002e20   Section        0  shell.o(i.show_version)
    i.sinf                                   0x08002ea0   Section        0  sinf.o(i.sinf)
    i.task_create_entry                      0x08003028   Section        0  rtos_task.o(i.task_create_entry)
    i.timed_task_entry                       0x080030b0   Section        0  rtos_task.o(i.timed_task_entry)
    i.uxListRemove                           0x080030dc   Section        0  list.o(i.uxListRemove)
    i.uxTaskGetSystemState                   0x08003104   Section        0  tasks.o(i.uxTaskGetSystemState)
    i.vApplicationGetIdleTaskMemory          0x080031b0   Section        0  freertos.o(i.vApplicationGetIdleTaskMemory)
    i.vApplicationIdleHook                   0x080031c4   Section        0  main.o(i.vApplicationIdleHook)
    i.vListInitialise                        0x080031f0   Section        0  list.o(i.vListInitialise)
    i.vListInitialiseItem                    0x08003206   Section        0  list.o(i.vListInitialiseItem)
    i.vListInsert                            0x0800320c   Section        0  list.o(i.vListInsert)
    i.vListInsertEnd                         0x0800323c   Section        0  list.o(i.vListInsertEnd)
    i.vPortEnterCritical                     0x08003254   Section        0  port.o(i.vPortEnterCritical)
    i.vPortExitCritical                      0x08003294   Section        0  port.o(i.vPortExitCritical)
    i.vPortFree                              0x080032bc   Section        0  heap_4.o(i.vPortFree)
    i.vPortSetupTimerInterrupt               0x08003318   Section        0  port.o(i.vPortSetupTimerInterrupt)
    i.vPortValidateInterruptPriority         0x0800333c   Section        0  port.o(i.vPortValidateInterruptPriority)
    i.vTaskDelay                             0x08003390   Section        0  tasks.o(i.vTaskDelay)
    i.vTaskDelayUntil                        0x080033dc   Section        0  tasks.o(i.vTaskDelayUntil)
    i.vTaskDelete                            0x08003468   Section        0  tasks.o(i.vTaskDelete)
    i.vTaskGetInfo                           0x08003514   Section        0  tasks.o(i.vTaskGetInfo)
    i.vTaskInternalSetTimeOutState           0x08003594   Section        0  tasks.o(i.vTaskInternalSetTimeOutState)
    i.vTaskList                              0x080035a4   Section        0  tasks.o(i.vTaskList)
    i.vTaskMissedYield                       0x08003678   Section        0  tasks.o(i.vTaskMissedYield)
    i.vTaskPlaceOnEventList                  0x08003684   Section        0  tasks.o(i.vTaskPlaceOnEventList)
    i.vTaskPriorityDisinheritAfterTimeout    0x080036b4   Section        0  tasks.o(i.vTaskPriorityDisinheritAfterTimeout)
    i.vTaskStartScheduler                    0x0800375c   Section        0  tasks.o(i.vTaskStartScheduler)
    i.vTaskSuspendAll                        0x080037c8   Section        0  tasks.o(i.vTaskSuspendAll)
    i.vTaskSwitchContext                     0x080037d8   Section        0  tasks.o(i.vTaskSwitchContext)
    i.xPortGetFreeHeapSize                   0x08003834   Section        0  heap_4.o(i.xPortGetFreeHeapSize)
    i.xPortGetMinimumEverFreeHeapSize        0x08003840   Section        0  heap_4.o(i.xPortGetMinimumEverFreeHeapSize)
    i.xPortStartScheduler                    0x0800384c   Section        0  port.o(i.xPortStartScheduler)
    i.xPortSysTickHandler                    0x080038f4   Section        0  port.o(i.xPortSysTickHandler)
    i.xQueueGenericCreate                    0x08003920   Section        0  queue.o(i.xQueueGenericCreate)
    i.xQueueGenericCreateStatic              0x08003968   Section        0  queue.o(i.xQueueGenericCreateStatic)
    i.xQueueGenericReset                     0x080039d0   Section        0  queue.o(i.xQueueGenericReset)
    i.xQueueGenericSend                      0x08003a58   Section        0  queue.o(i.xQueueGenericSend)
    i.xQueueGiveFromISR                      0x08003bb8   Section        0  queue.o(i.xQueueGiveFromISR)
    i.xQueueReceiveFromISR                   0x08003c54   Section        0  queue.o(i.xQueueReceiveFromISR)
    i.xQueueSemaphoreTake                    0x08003cf0   Section        0  queue.o(i.xQueueSemaphoreTake)
    i.xTaskCheckForTimeOut                   0x08003e68   Section        0  tasks.o(i.xTaskCheckForTimeOut)
    i.xTaskCreate                            0x08003edc   Section        0  tasks.o(i.xTaskCreate)
    i.xTaskCreateStatic                      0x08003f36   Section        0  tasks.o(i.xTaskCreateStatic)
    i.xTaskGetHandle                         0x08003f8c   Section        0  tasks.o(i.xTaskGetHandle)
    i.xTaskGetSchedulerState                 0x08004014   Section        0  tasks.o(i.xTaskGetSchedulerState)
    i.xTaskGetTickCount                      0x08004030   Section        0  tasks.o(i.xTaskGetTickCount)
    i.xTaskIncrementTick                     0x0800403c   Section        0  tasks.o(i.xTaskIncrementTick)
    i.xTaskPriorityDisinherit                0x08004104   Section        0  tasks.o(i.xTaskPriorityDisinherit)
    i.xTaskPriorityInherit                   0x0800419c   Section        0  tasks.o(i.xTaskPriorityInherit)
    i.xTaskRemoveFromEventList               0x08004230   Section        0  tasks.o(i.xTaskRemoveFromEventList)
    i.xTaskResumeAll                         0x080042a8   Section        0  tasks.o(i.xTaskResumeAll)
    i.zns_auto_complete                      0x0800436c   Section        0  shell.o(i.zns_auto_complete)
    zns_auto_complete                        0x0800436d   Thumb Code   154  shell.o(i.zns_auto_complete)
    i.zns_split                              0x08004414   Section        0  shell.o(i.zns_split)
    zns_split                                0x08004415   Thumb Code   166  shell.o(i.zns_split)
    .constdata                               0x080044ba   Section       18  stm32f1xx_hal_rcc.o(.constdata)
    aPredivFactorTable                       0x080044ba   Data           2  stm32f1xx_hal_rcc.o(.constdata)
    aPLLMULFactorTable                       0x080044bc   Data          16  stm32f1xx_hal_rcc.o(.constdata)
    .constdata                               0x080044cc   Section       16  system_stm32f1xx.o(.constdata)
    .constdata                               0x080044dc   Section        8  system_stm32f1xx.o(.constdata)
    .constdata                               0x080044e4   Section      100  sys_cmd.o(.constdata)
    .constdata                               0x08004548   Section      204  shell.o(.constdata)
    .constdata                               0x08004614   Section       32  rredf.o(.constdata)
    twooverpi                                0x08004614   Data          32  rredf.o(.constdata)
    .conststring                             0x08004634   Section       78  sys_cmd.o(.conststring)
    .conststring                             0x08004684   Section       78  shell.o(.conststring)
    .conststring                             0x080046d4   Section      164  shell_cmd.o(.conststring)
    .rodata.name                             0x08004778   Section       16  rtos_task.o(.rodata.name)
    .rodata.name                             0x08004788   Section       22  rtos_task.o(.rodata.name)
    .rodata.name                             0x0800479e   Section       11  sys_cmd.o(.rodata.name)
    .rodata.name                             0x080047a9   Section       23  sys_cmd.o(.rodata.name)
    .rodata.name                             0x080047c0   Section       10  sys_cmd.o(.rodata.name)
    .rodata.name                             0x080047ca   Section       14  sys_cmd.o(.rodata.name)
    .rodata.name                             0x080047d8   Section       10  shell_cmd.o(.rodata.name)
    .rodata.name                             0x080047e2   Section       30  shell_cmd.o(.rodata.name)
    .rodata.name                             0x08004800   Section       10  shell_cmd.o(.rodata.name)
    .rodata.name                             0x0800480a   Section       14  shell_cmd.o(.rodata.name)
    .rodata.name                             0x08004818   Section       10  shell_cmd.o(.rodata.name)
    .rodata.name                             0x08004822   Section       15  shell_cmd.o(.rodata.name)
    FSymTab                                  0x08004834   Section       12  rtos_task.o(FSymTab)
    __tagsym$$used                           0x08004834   Number         0  rtos_task.o(FSymTab)
    FSymTab                                  0x08004840   Section       24  sys_cmd.o(FSymTab)
    __tagsym$$used                           0x08004840   Number         0  sys_cmd.o(FSymTab)
    __tagsym$$used                           0x0800484c   Number         0  sys_cmd.o(FSymTab)
    FSymTab                                  0x08004858   Section       36  shell_cmd.o(FSymTab)
    __tagsym$$used                           0x08004858   Number         0  shell_cmd.o(FSymTab)
    __tagsym$$used                           0x08004864   Number         0  shell_cmd.o(FSymTab)
    __tagsym$$used                           0x08004870   Number         0  shell_cmd.o(FSymTab)
    .data                                    0x20000000   Section       12  stm32f1xx_hal.o(.data)
    .data                                    0x2000000c   Section        4  system_stm32f1xx.o(.data)
    .data                                    0x20000010   Section       60  tasks.o(.data)
    pxDelayedTaskList                        0x20000014   Data           4  tasks.o(.data)
    pxOverflowDelayedTaskList                0x20000018   Data           4  tasks.o(.data)
    uxDeletedTasksWaitingCleanUp             0x2000001c   Data           4  tasks.o(.data)
    uxCurrentNumberOfTasks                   0x20000020   Data           4  tasks.o(.data)
    xTickCount                               0x20000024   Data           4  tasks.o(.data)
    uxTopReadyPriority                       0x20000028   Data           4  tasks.o(.data)
    xSchedulerRunning                        0x2000002c   Data           4  tasks.o(.data)
    uxPendedTicks                            0x20000030   Data           4  tasks.o(.data)
    xYieldPending                            0x20000034   Data           4  tasks.o(.data)
    xNumOfOverflows                          0x20000038   Data           4  tasks.o(.data)
    uxTaskNumber                             0x2000003c   Data           4  tasks.o(.data)
    xNextTaskUnblockTime                     0x20000040   Data           4  tasks.o(.data)
    xIdleTaskHandle                          0x20000044   Data           4  tasks.o(.data)
    uxSchedulerSuspended                     0x20000048   Data           4  tasks.o(.data)
    .data                                    0x2000004c   Section       24  heap_4.o(.data)
    pxEnd                                    0x2000004c   Data           4  heap_4.o(.data)
    xFreeBytesRemaining                      0x20000050   Data           4  heap_4.o(.data)
    xMinimumEverFreeBytesRemaining           0x20000054   Data           4  heap_4.o(.data)
    xBlockAllocatedBit                       0x20000058   Data           4  heap_4.o(.data)
    xStart                                   0x2000005c   Data           8  heap_4.o(.data)
    .data                                    0x20000064   Section       12  port.o(.data)
    ucMaxSysCallPriority                     0x20000064   Data           1  port.o(.data)
    uxCriticalNesting                        0x20000068   Data           4  port.o(.data)
    ulMaxPRIGROUPValue                       0x2000006c   Data           4  port.o(.data)
    .data                                    0x20000070   Section       16  shell.o(.data)
    .data                                    0x20000080   Section        4  stdout.o(.data)
    .data                                    0x20000084   Section        4  errno.o(.data)
    _errno                                   0x20000084   Data           4  errno.o(.data)
    .bss                                     0x20000088   Section       72  main.o(.bss)
    .bss                                     0x200000d0   Section      608  freertos.o(.bss)
    xIdleTaskTCBBuffer                       0x200000d0   Data          96  freertos.o(.bss)
    xIdleStack                               0x20000130   Data         512  freertos.o(.bss)
    .bss                                     0x20000330   Section      420  tasks.o(.bss)
    pxReadyTasksLists                        0x20000330   Data         320  tasks.o(.bss)
    xDelayedTaskList1                        0x20000470   Data          20  tasks.o(.bss)
    xDelayedTaskList2                        0x20000484   Data          20  tasks.o(.bss)
    xPendingReadyList                        0x20000498   Data          20  tasks.o(.bss)
    xTasksWaitingTermination                 0x200004ac   Data          20  tasks.o(.bss)
    xSuspendedTaskList                       0x200004c0   Data          20  tasks.o(.bss)
    .bss                                     0x200004d4   Section     3072  heap_4.o(.bss)
    ucHeap                                   0x200004d4   Data        3072  heap_4.o(.bss)
    .bss                                     0x200010d4   Section      492  shell.o(.bss)
    STACK                                    0x200012c0   Section     1024  startup_stm32f103xe.o(STACK)

    Global Symbols

    Symbol Name                              Value     Ov Type        Size  Object(Section)

    BuildAttributes$$THM_ISAv4$P$D$K$B$S$PE$A:L22UL41UL21$X:L11$S22US41US21$IEEE1$IW$USESV6$~STKCKD$USESV7$~SHL$OTIME$ROPI$IEEEX$EBA8$MICROLIB$REQ8$PRES8$EABIv2 0x00000000   Number         0  anon$$obj.o ABSOLUTE
    __ARM_use_no_argv                        0x00000000   Number         0  main.o ABSOLUTE
    _printf_a                                0x00000000   Number         0  stubs.o ABSOLUTE
    _printf_c                                0x00000000   Number         0  stubs.o ABSOLUTE
    _printf_charcount                        0x00000000   Number         0  stubs.o ABSOLUTE
    _printf_d                                0x00000000   Number         0  stubs.o ABSOLUTE
    _printf_e                                0x00000000   Number         0  stubs.o ABSOLUTE
    _printf_f                                0x00000000   Number         0  stubs.o ABSOLUTE
    _printf_flags                            0x00000000   Number         0  stubs.o ABSOLUTE
    _printf_fp_dec                           0x00000000   Number         0  stubs.o ABSOLUTE
    _printf_fp_hex                           0x00000000   Number         0  stubs.o ABSOLUTE
    _printf_g                                0x00000000   Number         0  stubs.o ABSOLUTE
    _printf_i                                0x00000000   Number         0  stubs.o ABSOLUTE
    _printf_int_dec                          0x00000000   Number         0  stubs.o ABSOLUTE
    _printf_l                                0x00000000   Number         0  stubs.o ABSOLUTE
    _printf_lc                               0x00000000   Number         0  stubs.o ABSOLUTE
    _printf_ll                               0x00000000   Number         0  stubs.o ABSOLUTE
    _printf_lld                              0x00000000   Number         0  stubs.o ABSOLUTE
    _printf_lli                              0x00000000   Number         0  stubs.o ABSOLUTE
    _printf_llo                              0x00000000   Number         0  stubs.o ABSOLUTE
    _printf_llu                              0x00000000   Number         0  stubs.o ABSOLUTE
    _printf_llx                              0x00000000   Number         0  stubs.o ABSOLUTE
    _printf_longlong_dec                     0x00000000   Number         0  stubs.o ABSOLUTE
    _printf_longlong_hex                     0x00000000   Number         0  stubs.o ABSOLUTE
    _printf_longlong_oct                     0x00000000   Number         0  stubs.o ABSOLUTE
    _printf_ls                               0x00000000   Number         0  stubs.o ABSOLUTE
    _printf_mbtowc                           0x00000000   Number         0  stubs.o ABSOLUTE
    _printf_n                                0x00000000   Number         0  stubs.o ABSOLUTE
    _printf_o                                0x00000000   Number         0  stubs.o ABSOLUTE
    _printf_p                                0x00000000   Number         0  stubs.o ABSOLUTE
    _printf_percent                          0x00000000   Number         0  stubs.o ABSOLUTE
    _printf_pre_padding                      0x00000000   Number         0  stubs.o ABSOLUTE
    _printf_return_value                     0x00000000   Number         0  stubs.o ABSOLUTE
    _printf_s                                0x00000000   Number         0  stubs.o ABSOLUTE
    _printf_sizespec                         0x00000000   Number         0  stubs.o ABSOLUTE
    _printf_str                              0x00000000   Number         0  stubs.o ABSOLUTE
    _printf_truncate_signed                  0x00000000   Number         0  stubs.o ABSOLUTE
    _printf_truncate_unsigned                0x00000000   Number         0  stubs.o ABSOLUTE
    _printf_u                                0x00000000   Number         0  stubs.o ABSOLUTE
    _printf_wc                               0x00000000   Number         0  stubs.o ABSOLUTE
    _printf_wctomb                           0x00000000   Number         0  stubs.o ABSOLUTE
    _printf_widthprec                        0x00000000   Number         0  stubs.o ABSOLUTE
    _printf_x                                0x00000000   Number         0  stubs.o ABSOLUTE
    __cpp_initialize__aeabi_                  - Undefined Weak Reference
    __cxa_finalize                            - Undefined Weak Reference
    __decompress                              - Undefined Weak Reference
    _clock_init                               - Undefined Weak Reference
    _microlib_exit                            - Undefined Weak Reference
    __Vectors_Size                           0x00000130   Number         0  startup_stm32f103xe.o ABSOLUTE
    __Vectors                                0x08000000   Data           4  startup_stm32f103xe.o(RESET)
    __Vectors_End                            0x08000130   Data           0  startup_stm32f103xe.o(RESET)
    __main                                   0x08000131   Thumb Code     0  entry.o(.ARM.Collect$$$$00000000)
    _main_stk                                0x08000131   Thumb Code     0  entry2.o(.ARM.Collect$$$$00000001)
    _main_scatterload                        0x08000135   Thumb Code     0  entry5.o(.ARM.Collect$$$$00000004)
    __main_after_scatterload                 0x08000139   Thumb Code     0  entry5.o(.ARM.Collect$$$$00000004)
    _main_clock                              0x08000139   Thumb Code     0  entry7b.o(.ARM.Collect$$$$00000008)
    _main_cpp_init                           0x08000139   Thumb Code     0  entry8b.o(.ARM.Collect$$$$0000000A)
    _main_init                               0x08000139   Thumb Code     0  entry9a.o(.ARM.Collect$$$$0000000B)
    __rt_final_cpp                           0x08000141   Thumb Code     0  entry10a.o(.ARM.Collect$$$$0000000D)
    __rt_final_exit                          0x08000141   Thumb Code     0  entry11a.o(.ARM.Collect$$$$0000000F)
    SVC_Handler                              0x08000145   Thumb Code    32  port.o(.emb_text)
    __asm___6_port_c_39a90d8d__prvStartFirstTask 0x08000169   Thumb Code    28  port.o(.emb_text)
    PendSV_Handler                           0x08000189   Thumb Code    72  port.o(.emb_text)
    vPortGetIPSR                             0x080001d5   Thumb Code     6  port.o(.emb_text)
    Reset_Handler                            0x080001dd   Thumb Code     8  startup_stm32f103xe.o(.text)
    ADC1_2_IRQHandler                        0x080001f7   Thumb Code     0  startup_stm32f103xe.o(.text)
    ADC3_IRQHandler                          0x080001f7   Thumb Code     0  startup_stm32f103xe.o(.text)
    CAN1_RX1_IRQHandler                      0x080001f7   Thumb Code     0  startup_stm32f103xe.o(.text)
    CAN1_SCE_IRQHandler                      0x080001f7   Thumb Code     0  startup_stm32f103xe.o(.text)
    DMA1_Channel1_IRQHandler                 0x080001f7   Thumb Code     0  startup_stm32f103xe.o(.text)
    DMA1_Channel2_IRQHandler                 0x080001f7   Thumb Code     0  startup_stm32f103xe.o(.text)
    DMA1_Channel3_IRQHandler                 0x080001f7   Thumb Code     0  startup_stm32f103xe.o(.text)
    DMA1_Channel4_IRQHandler                 0x080001f7   Thumb Code     0  startup_stm32f103xe.o(.text)
    DMA1_Channel5_IRQHandler                 0x080001f7   Thumb Code     0  startup_stm32f103xe.o(.text)
    DMA1_Channel6_IRQHandler                 0x080001f7   Thumb Code     0  startup_stm32f103xe.o(.text)
    DMA1_Channel7_IRQHandler                 0x080001f7   Thumb Code     0  startup_stm32f103xe.o(.text)
    DMA2_Channel1_IRQHandler                 0x080001f7   Thumb Code     0  startup_stm32f103xe.o(.text)
    DMA2_Channel2_IRQHandler                 0x080001f7   Thumb Code     0  startup_stm32f103xe.o(.text)
    DMA2_Channel3_IRQHandler                 0x080001f7   Thumb Code     0  startup_stm32f103xe.o(.text)
    DMA2_Channel4_5_IRQHandler               0x080001f7   Thumb Code     0  startup_stm32f103xe.o(.text)
    EXTI0_IRQHandler                         0x080001f7   Thumb Code     0  startup_stm32f103xe.o(.text)
    EXTI15_10_IRQHandler                     0x080001f7   Thumb Code     0  startup_stm32f103xe.o(.text)
    EXTI1_IRQHandler                         0x080001f7   Thumb Code     0  startup_stm32f103xe.o(.text)
    EXTI2_IRQHandler                         0x080001f7   Thumb Code     0  startup_stm32f103xe.o(.text)
    EXTI3_IRQHandler                         0x080001f7   Thumb Code     0  startup_stm32f103xe.o(.text)
    EXTI4_IRQHandler                         0x080001f7   Thumb Code     0  startup_stm32f103xe.o(.text)
    EXTI9_5_IRQHandler                       0x080001f7   Thumb Code     0  startup_stm32f103xe.o(.text)
    FLASH_IRQHandler                         0x080001f7   Thumb Code     0  startup_stm32f103xe.o(.text)
    FSMC_IRQHandler                          0x080001f7   Thumb Code     0  startup_stm32f103xe.o(.text)
    I2C1_ER_IRQHandler                       0x080001f7   Thumb Code     0  startup_stm32f103xe.o(.text)
    I2C1_EV_IRQHandler                       0x080001f7   Thumb Code     0  startup_stm32f103xe.o(.text)
    I2C2_ER_IRQHandler                       0x080001f7   Thumb Code     0  startup_stm32f103xe.o(.text)
    I2C2_EV_IRQHandler                       0x080001f7   Thumb Code     0  startup_stm32f103xe.o(.text)
    PVD_IRQHandler                           0x080001f7   Thumb Code     0  startup_stm32f103xe.o(.text)
    RCC_IRQHandler                           0x080001f7   Thumb Code     0  startup_stm32f103xe.o(.text)
    RTC_Alarm_IRQHandler                     0x080001f7   Thumb Code     0  startup_stm32f103xe.o(.text)
    RTC_IRQHandler                           0x080001f7   Thumb Code     0  startup_stm32f103xe.o(.text)
    SDIO_IRQHandler                          0x080001f7   Thumb Code     0  startup_stm32f103xe.o(.text)
    SPI1_IRQHandler                          0x080001f7   Thumb Code     0  startup_stm32f103xe.o(.text)
    SPI2_IRQHandler                          0x080001f7   Thumb Code     0  startup_stm32f103xe.o(.text)
    SPI3_IRQHandler                          0x080001f7   Thumb Code     0  startup_stm32f103xe.o(.text)
    TAMPER_IRQHandler                        0x080001f7   Thumb Code     0  startup_stm32f103xe.o(.text)
    TIM1_BRK_IRQHandler                      0x080001f7   Thumb Code     0  startup_stm32f103xe.o(.text)
    TIM1_CC_IRQHandler                       0x080001f7   Thumb Code     0  startup_stm32f103xe.o(.text)
    TIM1_TRG_COM_IRQHandler                  0x080001f7   Thumb Code     0  startup_stm32f103xe.o(.text)
    TIM1_UP_IRQHandler                       0x080001f7   Thumb Code     0  startup_stm32f103xe.o(.text)
    TIM2_IRQHandler                          0x080001f7   Thumb Code     0  startup_stm32f103xe.o(.text)
    TIM3_IRQHandler                          0x080001f7   Thumb Code     0  startup_stm32f103xe.o(.text)
    TIM4_IRQHandler                          0x080001f7   Thumb Code     0  startup_stm32f103xe.o(.text)
    TIM5_IRQHandler                          0x080001f7   Thumb Code     0  startup_stm32f103xe.o(.text)
    TIM6_IRQHandler                          0x080001f7   Thumb Code     0  startup_stm32f103xe.o(.text)
    TIM7_IRQHandler                          0x080001f7   Thumb Code     0  startup_stm32f103xe.o(.text)
    TIM8_BRK_IRQHandler                      0x080001f7   Thumb Code     0  startup_stm32f103xe.o(.text)
    TIM8_CC_IRQHandler                       0x080001f7   Thumb Code     0  startup_stm32f103xe.o(.text)
    TIM8_TRG_COM_IRQHandler                  0x080001f7   Thumb Code     0  startup_stm32f103xe.o(.text)
    TIM8_UP_IRQHandler                       0x080001f7   Thumb Code     0  startup_stm32f103xe.o(.text)
    UART4_IRQHandler                         0x080001f7   Thumb Code     0  startup_stm32f103xe.o(.text)
    UART5_IRQHandler                         0x080001f7   Thumb Code     0  startup_stm32f103xe.o(.text)
    USART2_IRQHandler                        0x080001f7   Thumb Code     0  startup_stm32f103xe.o(.text)
    USART3_IRQHandler                        0x080001f7   Thumb Code     0  startup_stm32f103xe.o(.text)
    USBWakeUp_IRQHandler                     0x080001f7   Thumb Code     0  startup_stm32f103xe.o(.text)
    USB_HP_CAN1_TX_IRQHandler                0x080001f7   Thumb Code     0  startup_stm32f103xe.o(.text)
    USB_LP_CAN1_RX0_IRQHandler               0x080001f7   Thumb Code     0  startup_stm32f103xe.o(.text)
    WWDG_IRQHandler                          0x080001f7   Thumb Code     0  startup_stm32f103xe.o(.text)
    __aeabi_llsr                             0x08000201   Thumb Code    32  llushr.o(.text)
    _ll_ushift_r                             0x08000201   Thumb Code     0  llushr.o(.text)
    ___aeabi_memcpy8$move                    0x08000221   Thumb Code     0  memmovea.o(.text)
    __aeabi_memcpy                           0x08000221   Thumb Code    64  memmovea.o(.text)
    __aeabi_memcpy4                          0x08000221   Thumb Code     0  memmovea.o(.text)
    __aeabi_memmove                          0x08000221   Thumb Code     0  memmovea.o(.text)
    __aeabi_memmove4                         0x08000221   Thumb Code     0  memmovea.o(.text)
    __aeabi_memmove8                         0x08000221   Thumb Code     0  memmovea.o(.text)
    __aeabi_memset                           0x08000261   Thumb Code    14  memseta.o(.text)
    __aeabi_memset4                          0x08000261   Thumb Code     0  memseta.o(.text)
    __aeabi_memset8                          0x08000261   Thumb Code     0  memseta.o(.text)
    __aeabi_memclr                           0x0800026f   Thumb Code     4  memseta.o(.text)
    __aeabi_memclr4                          0x0800026f   Thumb Code     0  memseta.o(.text)
    __aeabi_memclr8                          0x0800026f   Thumb Code     0  memseta.o(.text)
    memset                                   0x08000273   Thumb Code    18  memseta.o(.text)
    strncpy                                  0x08000285   Thumb Code    24  strncpy.o(.text)
    strlen                                   0x0800029d   Thumb Code    14  strlen.o(.text)
    strcpy                                   0x080002ab   Thumb Code    18  strcpy.o(.text)
    strncmp                                  0x080002bd   Thumb Code    30  strncmp.o(.text)
    __aeabi_dadd                             0x080002db   Thumb Code   322  dadd.o(.text)
    __aeabi_dsub                             0x0800041d   Thumb Code     6  dadd.o(.text)
    __aeabi_drsub                            0x08000423   Thumb Code     6  dadd.o(.text)
    __aeabi_f2d                              0x08000429   Thumb Code    38  f2d.o(.text)
    __aeabi_d2f                              0x0800044f   Thumb Code    56  d2f.o(.text)
    __aeabi_uidiv                            0x08000487   Thumb Code     0  uidiv.o(.text)
    __aeabi_uidivmod                         0x08000487   Thumb Code    44  uidiv.o(.text)
    __aeabi_llsl                             0x080004b3   Thumb Code    30  llshl.o(.text)
    _ll_shift_l                              0x080004b3   Thumb Code     0  llshl.o(.text)
    __aeabi_lasr                             0x080004d1   Thumb Code    36  llsshr.o(.text)
    _ll_sshift_r                             0x080004d1   Thumb Code     0  llsshr.o(.text)
    __I$use$fp                               0x080004f5   Thumb Code     0  iusefp.o(.text)
    _float_round                             0x080004f5   Thumb Code    18  fepilogue.o(.text)
    _float_epilogue                          0x08000507   Thumb Code    92  fepilogue.o(.text)
    __aeabi_fadd                             0x08000563   Thumb Code   164  fadd.o(.text)
    __aeabi_fsub                             0x08000607   Thumb Code     6  fadd.o(.text)
    __aeabi_frsub                            0x0800060d   Thumb Code     6  fadd.o(.text)
    __aeabi_fmul                             0x08000613   Thumb Code   100  fmul.o(.text)
    _frnd                                    0x08000677   Thumb Code    60  frnd.o(.text)
    _double_round                            0x080006b3   Thumb Code    30  depilogue.o(.text)
    _double_epilogue                         0x080006d1   Thumb Code   156  depilogue.o(.text)
    __aeabi_f2iz                             0x0800076d   Thumb Code    50  ffixi.o(.text)
    __scatterload                            0x080007a1   Thumb Code    28  init.o(.text)
    __scatterload_rt2                        0x080007a1   Thumb Code     0  init.o(.text)
    __aeabi_fdiv                             0x080007c5   Thumb Code   124  fdiv.o(.text)
    __ARM_scalbnf                            0x08000841   Thumb Code    24  fscalb.o(.text)
    scalbnf                                  0x08000841   Thumb Code     0  fscalb.o(.text)
    __aeabi_i2f                              0x08000859   Thumb Code    18  fflti.o(.text)
    __aeabi_ui2f                             0x0800086b   Thumb Code    10  ffltui.o(.text)
    BusFault_Handler                         0x08000875   Thumb Code     2  stm32f1xx_it.o(i.BusFault_Handler)
    DebugMon_Handler                         0x08000877   Thumb Code     2  stm32f1xx_it.o(i.DebugMon_Handler)
    HAL_DMA_Abort                            0x08000879   Thumb Code    70  stm32f1xx_hal_dma.o(i.HAL_DMA_Abort)
    HAL_DMA_Abort_IT                         0x080008c1   Thumb Code   296  stm32f1xx_hal_dma.o(i.HAL_DMA_Abort_IT)
    HAL_Delay                                0x080009f1   Thumb Code    32  stm32f1xx_hal.o(i.HAL_Delay)
    HAL_GPIO_Init                            0x08000a15   Thumb Code   462  stm32f1xx_hal_gpio.o(i.HAL_GPIO_Init)
    HAL_GPIO_TogglePin                       0x08000c0d   Thumb Code    16  stm32f1xx_hal_gpio.o(i.HAL_GPIO_TogglePin)
    HAL_GPIO_WritePin                        0x08000c1d   Thumb Code    10  stm32f1xx_hal_gpio.o(i.HAL_GPIO_WritePin)
    HAL_GetTick                              0x08000c29   Thumb Code     6  stm32f1xx_hal.o(i.HAL_GetTick)
    HAL_IncTick                              0x08000c35   Thumb Code    12  stm32f1xx_hal.o(i.HAL_IncTick)
    HAL_Init                                 0x08000c45   Thumb Code    32  stm32f1xx_hal.o(i.HAL_Init)
    HAL_InitTick                             0x08000c69   Thumb Code    54  stm32f1xx_hal.o(i.HAL_InitTick)
    HAL_MspInit                              0x08000ca9   Thumb Code    48  stm32f1xx_hal_msp.o(i.HAL_MspInit)
    HAL_NVIC_EnableIRQ                       0x08000cdd   Thumb Code    26  stm32f1xx_hal_cortex.o(i.HAL_NVIC_EnableIRQ)
    HAL_NVIC_SetPriority                     0x08000cf9   Thumb Code    60  stm32f1xx_hal_cortex.o(i.HAL_NVIC_SetPriority)
    HAL_NVIC_SetPriorityGrouping             0x08000d39   Thumb Code    26  stm32f1xx_hal_cortex.o(i.HAL_NVIC_SetPriorityGrouping)
    HAL_RCC_ClockConfig                      0x08000d5d   Thumb Code   280  stm32f1xx_hal_rcc.o(i.HAL_RCC_ClockConfig)
    HAL_RCC_GetPCLK1Freq                     0x08000e89   Thumb Code    20  stm32f1xx_hal_rcc.o(i.HAL_RCC_GetPCLK1Freq)
    HAL_RCC_GetPCLK2Freq                     0x08000ea9   Thumb Code    20  stm32f1xx_hal_rcc.o(i.HAL_RCC_GetPCLK2Freq)
    HAL_RCC_GetSysClockFreq                  0x08000ec9   Thumb Code    58  stm32f1xx_hal_rcc.o(i.HAL_RCC_GetSysClockFreq)
    HAL_RCC_OscConfig                        0x08000f15   Thumb Code   778  stm32f1xx_hal_rcc.o(i.HAL_RCC_OscConfig)
    HAL_SYSTICK_Config                       0x08001235   Thumb Code    40  stm32f1xx_hal_cortex.o(i.HAL_SYSTICK_Config)
    HAL_UARTEx_RxEventCallback               0x0800125d   Thumb Code     2  stm32f1xx_hal_uart.o(i.HAL_UARTEx_RxEventCallback)
    HAL_UART_ErrorCallback                   0x0800125f   Thumb Code     2  stm32f1xx_hal_uart.o(i.HAL_UART_ErrorCallback)
    HAL_UART_IRQHandler                      0x08001261   Thumb Code   616  stm32f1xx_hal_uart.o(i.HAL_UART_IRQHandler)
    HAL_UART_Init                            0x080014cd   Thumb Code   100  stm32f1xx_hal_uart.o(i.HAL_UART_Init)
    HAL_UART_MspInit                         0x08001531   Thumb Code   116  stm32f1xx_hal_msp.o(i.HAL_UART_MspInit)
    HAL_UART_Receive_IT                      0x080015b1   Thumb Code    28  stm32f1xx_hal_uart.o(i.HAL_UART_Receive_IT)
    HAL_UART_RxCpltCallback                  0x080015cd   Thumb Code    34  shell.o(i.HAL_UART_RxCpltCallback)
    HAL_UART_TxCpltCallback                  0x08001601   Thumb Code     2  stm32f1xx_hal_uart.o(i.HAL_UART_TxCpltCallback)
    HardFault_Handler                        0x08001603   Thumb Code     2  stm32f1xx_it.o(i.HardFault_Handler)
    MemManage_Handler                        0x08001689   Thumb Code     2  stm32f1xx_it.o(i.MemManage_Handler)
    NMI_Handler                              0x0800168b   Thumb Code     2  stm32f1xx_it.o(i.NMI_Handler)
    SysTick_Handler                          0x0800168d   Thumb Code    24  stm32f1xx_it.o(i.SysTick_Handler)
    SystemClock_Config                       0x080016a5   Thumb Code    86  main.o(i.SystemClock_Config)
    SystemInit                               0x080016fb   Thumb Code     2  system_stm32f1xx.o(i.SystemInit)
    UART_Start_Receive_IT                    0x080018d5   Thumb Code    54  stm32f1xx_hal_uart.o(i.UART_Start_Receive_IT)
    USART1_IRQHandler                        0x0800190d   Thumb Code     6  stm32f1xx_it.o(i.USART1_IRQHandler)
    UsageFault_Handler                       0x08001919   Thumb Code     2  stm32f1xx_it.o(i.UsageFault_Handler)
    __0printf$6                              0x0800191d   Thumb Code    22  printf6.o(i.__0printf$6)
    __1printf$6                              0x0800191d   Thumb Code     0  printf6.o(i.__0printf$6)
    __2printf                                0x0800191d   Thumb Code     0  printf6.o(i.__0printf$6)
    __0sprintf$6                             0x0800193d   Thumb Code    34  printf6.o(i.__0sprintf$6)
    __1sprintf$6                             0x0800193d   Thumb Code     0  printf6.o(i.__0sprintf$6)
    __2sprintf                               0x0800193d   Thumb Code     0  printf6.o(i.__0sprintf$6)
    __ARM_fpclassifyf                        0x08001965   Thumb Code    38  fpclassifyf.o(i.__ARM_fpclassifyf)
    __mathlib_flt_infnan                     0x080019ab   Thumb Code     6  funder.o(i.__mathlib_flt_infnan)
    __mathlib_flt_invalid                    0x080019b1   Thumb Code     8  funder.o(i.__mathlib_flt_invalid)
    __mathlib_flt_underflow                  0x080019b9   Thumb Code    10  funder.o(i.__mathlib_flt_underflow)
    __mathlib_rredf2                         0x080019c5   Thumb Code   344  rredf.o(i.__mathlib_rredf2)
    __scatterload_copy                       0x08001b2d   Thumb Code    14  handlers.o(i.__scatterload_copy)
    __scatterload_null                       0x08001b3b   Thumb Code     2  handlers.o(i.__scatterload_null)
    __scatterload_zeroinit                   0x08001b3d   Thumb Code    14  handlers.o(i.__scatterload_zeroinit)
    __set_errno                              0x08001b4d   Thumb Code     6  errno.o(i.__set_errno)
    complex_algorithm                        0x08001f3d   Thumb Code    54  rtos_task.o(i.complex_algorithm)
    eTaskGetState                            0x08001f7d   Thumb Code    94  tasks.o(i.eTaskGetState)
    finsh_syscall_next                       0x08001fe5   Thumb Code    22  shell.o(i.finsh_syscall_next)
    fputc                                    0x08002001   Thumb Code    18  main.o(i.fputc)
    function1                                0x08002019   Thumb Code     6  rtos_task.o(i.function1)
    help                                     0x08002041   Thumb Code    64  sys_cmd.o(i.help)
    iam                                      0x080020b9   Thumb Code   100  sys_cmd.o(i.iam)
    main                                     0x080021dd   Thumb Code    80  main.o(i.main)
    mem                                      0x08002259   Thumb Code    34  shell_cmd.o(i.mem)
    osSemaphoreCreate                        0x080022a9   Thumb Code    62  cmsis_os.o(i.osSemaphoreCreate)
    osSemaphoreRelease                       0x080022e9   Thumb Code    74  cmsis_os.o(i.osSemaphoreRelease)
    osSemaphoreWait                          0x08002339   Thumb Code    96  cmsis_os.o(i.osSemaphoreWait)
    osThreadCreate                           0x0800239d   Thumb Code    84  cmsis_os.o(i.osThreadCreate)
    pti                                      0x08002935   Thumb Code    70  shell_cmd.o(i.pti)
    ptl                                      0x08002995   Thumb Code    30  shell_cmd.o(i.ptl)
    pvPortMalloc                             0x080029f1   Thumb Code   210  heap_4.o(i.pvPortMalloc)
    pvTaskIncrementMutexHeldCount            0x08002ac9   Thumb Code    18  tasks.o(i.pvTaskIncrementMutexHeldCount)
    pxPortInitialiseStack                    0x08002ae1   Thumb Code    32  port.o(i.pxPortInitialiseStack)
    shellTask                                0x08002b05   Thumb Code   526  shell.o(i.shellTask)
    shell_init                               0x08002db5   Thumb Code    80  shell.o(i.shell_init)
    show_version                             0x08002e21   Thumb Code    96  shell.o(i.show_version)
    sinf                                     0x08002ea1   Thumb Code   338  sinf.o(i.sinf)
    task_create_entry                        0x08003029   Thumb Code    54  rtos_task.o(i.task_create_entry)
    timed_task_entry                         0x080030b1   Thumb Code    38  rtos_task.o(i.timed_task_entry)
    uxListRemove                             0x080030dd   Thumb Code    38  list.o(i.uxListRemove)
    uxTaskGetSystemState                     0x08003105   Thumb Code   158  tasks.o(i.uxTaskGetSystemState)
    vApplicationGetIdleTaskMemory            0x080031b1   Thumb Code    16  freertos.o(i.vApplicationGetIdleTaskMemory)
    vApplicationIdleHook                     0x080031c5   Thumb Code    20  main.o(i.vApplicationIdleHook)
    vListInitialise                          0x080031f1   Thumb Code    22  list.o(i.vListInitialise)
    vListInitialiseItem                      0x08003207   Thumb Code     6  list.o(i.vListInitialiseItem)
    vListInsert                              0x0800320d   Thumb Code    48  list.o(i.vListInsert)
    vListInsertEnd                           0x0800323d   Thumb Code    24  list.o(i.vListInsertEnd)
    vPortEnterCritical                       0x08003255   Thumb Code    54  port.o(i.vPortEnterCritical)
    vPortExitCritical                        0x08003295   Thumb Code    34  port.o(i.vPortExitCritical)
    vPortFree                                0x080032bd   Thumb Code    88  heap_4.o(i.vPortFree)
    vPortSetupTimerInterrupt                 0x08003319   Thumb Code    32  port.o(i.vPortSetupTimerInterrupt)
    vPortValidateInterruptPriority           0x0800333d   Thumb Code    74  port.o(i.vPortValidateInterruptPriority)
    vTaskDelay                               0x08003391   Thumb Code    66  tasks.o(i.vTaskDelay)
    vTaskDelayUntil                          0x080033dd   Thumb Code   132  tasks.o(i.vTaskDelayUntil)
    vTaskDelete                              0x08003469   Thumb Code   156  tasks.o(i.vTaskDelete)
    vTaskGetInfo                             0x08003515   Thumb Code   124  tasks.o(i.vTaskGetInfo)
    vTaskInternalSetTimeOutState             0x08003595   Thumb Code    12  tasks.o(i.vTaskInternalSetTimeOutState)
    vTaskList                                0x080035a5   Thumb Code   190  tasks.o(i.vTaskList)
    vTaskMissedYield                         0x08003679   Thumb Code     8  tasks.o(i.vTaskMissedYield)
    vTaskPlaceOnEventList                    0x08003685   Thumb Code    44  tasks.o(i.vTaskPlaceOnEventList)
    vTaskPriorityDisinheritAfterTimeout      0x080036b5   Thumb Code   160  tasks.o(i.vTaskPriorityDisinheritAfterTimeout)
    vTaskStartScheduler                      0x0800375d   Thumb Code    90  tasks.o(i.vTaskStartScheduler)
    vTaskSuspendAll                          0x080037c9   Thumb Code    10  tasks.o(i.vTaskSuspendAll)
    vTaskSwitchContext                       0x080037d9   Thumb Code    82  tasks.o(i.vTaskSwitchContext)
    xPortGetFreeHeapSize                     0x08003835   Thumb Code     6  heap_4.o(i.xPortGetFreeHeapSize)
    xPortGetMinimumEverFreeHeapSize          0x08003841   Thumb Code     6  heap_4.o(i.xPortGetMinimumEverFreeHeapSize)
    xPortStartScheduler                      0x0800384d   Thumb Code   154  port.o(i.xPortStartScheduler)
    xPortSysTickHandler                      0x080038f5   Thumb Code    38  port.o(i.xPortSysTickHandler)
    xQueueGenericCreate                      0x08003921   Thumb Code    72  queue.o(i.xQueueGenericCreate)
    xQueueGenericCreateStatic                0x08003969   Thumb Code   102  queue.o(i.xQueueGenericCreateStatic)
    xQueueGenericReset                       0x080039d1   Thumb Code   132  queue.o(i.xQueueGenericReset)
    xQueueGenericSend                        0x08003a59   Thumb Code   346  queue.o(i.xQueueGenericSend)
    xQueueGiveFromISR                        0x08003bb9   Thumb Code   156  queue.o(i.xQueueGiveFromISR)
    xQueueReceiveFromISR                     0x08003c55   Thumb Code   154  queue.o(i.xQueueReceiveFromISR)
    xQueueSemaphoreTake                      0x08003cf1   Thumb Code   372  queue.o(i.xQueueSemaphoreTake)
    xTaskCheckForTimeOut                     0x08003e69   Thumb Code   112  tasks.o(i.xTaskCheckForTimeOut)
    xTaskCreate                              0x08003edd   Thumb Code    90  tasks.o(i.xTaskCreate)
    xTaskCreateStatic                        0x08003f37   Thumb Code    86  tasks.o(i.xTaskCreateStatic)
    xTaskGetHandle                           0x08003f8d   Thumb Code   122  tasks.o(i.xTaskGetHandle)
    xTaskGetSchedulerState                   0x08004015   Thumb Code    22  tasks.o(i.xTaskGetSchedulerState)
    xTaskGetTickCount                        0x08004031   Thumb Code     6  tasks.o(i.xTaskGetTickCount)
    xTaskIncrementTick                       0x0800403d   Thumb Code   192  tasks.o(i.xTaskIncrementTick)
    xTaskPriorityDisinherit                  0x08004105   Thumb Code   144  tasks.o(i.xTaskPriorityDisinherit)
    xTaskPriorityInherit                     0x0800419d   Thumb Code   138  tasks.o(i.xTaskPriorityInherit)
    xTaskRemoveFromEventList                 0x08004231   Thumb Code   106  tasks.o(i.xTaskRemoveFromEventList)
    xTaskResumeAll                           0x080042a9   Thumb Code   182  tasks.o(i.xTaskResumeAll)
    AHBPrescTable                            0x080044cc   Data          16  system_stm32f1xx.o(.constdata)
    APBPrescTable                            0x080044dc   Data           8  system_stm32f1xx.o(.constdata)
    qrcode                                   0x080044e4   Data         100  sys_cmd.o(.constdata)
    head                                     0x08004548   Data         176  shell.o(.constdata)
    __fsym___cmd_function1_name              0x08004778   Data          16  rtos_task.o(.rodata.name)
    __fsym___cmd_function1_desc              0x08004788   Data          22  rtos_task.o(.rodata.name)
    __fsym___cmd_help_name                   0x0800479e   Data          11  sys_cmd.o(.rodata.name)
    __fsym___cmd_help_desc                   0x080047a9   Data          23  sys_cmd.o(.rodata.name)
    __fsym___cmd_iam_name                    0x080047c0   Data          10  sys_cmd.o(.rodata.name)
    __fsym___cmd_iam_desc                    0x080047ca   Data          14  sys_cmd.o(.rodata.name)
    __fsym___cmd_pti_name                    0x080047d8   Data          10  shell_cmd.o(.rodata.name)
    __fsym___cmd_pti_desc                    0x080047e2   Data          30  shell_cmd.o(.rodata.name)
    __fsym___cmd_ptl_name                    0x08004800   Data          10  shell_cmd.o(.rodata.name)
    __fsym___cmd_ptl_desc                    0x0800480a   Data          14  shell_cmd.o(.rodata.name)
    __fsym___cmd_mem_name                    0x08004818   Data          10  shell_cmd.o(.rodata.name)
    __fsym___cmd_mem_desc                    0x08004822   Data          15  shell_cmd.o(.rodata.name)
    FSymTab$$Base                            0x08004834   Number         0  rtos_task.o(FSymTab)
    __fsym___cmd_function1                   0x08004834   Data          12  rtos_task.o(FSymTab)
    __fsym___cmd_help                        0x08004840   Data          12  sys_cmd.o(FSymTab)
    __fsym___cmd_iam                         0x0800484c   Data          12  sys_cmd.o(FSymTab)
    __fsym___cmd_pti                         0x08004858   Data          12  shell_cmd.o(FSymTab)
    __fsym___cmd_ptl                         0x08004864   Data          12  shell_cmd.o(FSymTab)
    __fsym___cmd_mem                         0x08004870   Data          12  shell_cmd.o(FSymTab)
    FSymTab$$Limit                           0x0800487c   Number         0  shell_cmd.o(FSymTab)
    Region$$Table$$Base                      0x0800487c   Number         0  anon$$obj.o(Region$$Table)
    Region$$Table$$Limit                     0x0800489c   Number         0  anon$$obj.o(Region$$Table)
    uwTickFreq                               0x20000000   Data           1  stm32f1xx_hal.o(.data)
    uwTickPrio                               0x20000004   Data           4  stm32f1xx_hal.o(.data)
    uwTick                                   0x20000008   Data           4  stm32f1xx_hal.o(.data)
    SystemCoreClock                          0x2000000c   Data           4  system_stm32f1xx.o(.data)
    pxCurrentTCB                             0x20000010   Data           4  tasks.o(.data)
    _syscall_table_begin                     0x20000070   Data           4  shell.o(.data)
    _syscall_table_end                       0x20000074   Data           4  shell.o(.data)
    uart_rx_sem                              0x20000078   Data           4  shell.o(.data)
    shellTaskHandle                          0x2000007c   Data           4  shell.o(.data)
    __stdout                                 0x20000080   Data           4  stdout.o(.data)
    huart1                                   0x20000088   Data          72  main.o(.bss)
    shell                                    0x200010d4   Data         492  shell.o(.bss)
    __initial_sp                             0x200016c0   Data           0  startup_stm32f103xe.o(STACK)



==============================================================================

Memory Map of the image

  Image Entry point : 0x08000131

  Load Region LR_IROM1 (Base: 0x08000000, Size: 0x00004924, Max: 0x00080000, ABSOLUTE)

    Execution Region ER_IROM1 (Exec base: 0x08000000, Load base: 0x08000000, Size: 0x0000489c, Max: 0x00080000, ABSOLUTE)

    Exec Addr    Load Addr    Size         Type   Attr      Idx    E Section Name        Object

    0x08000000   0x08000000   0x00000130   Data   RO            3    RESET               startup_stm32f103xe.o
    0x08000130   0x08000130   0x00000000   Code   RO         3513  * .ARM.Collect$$$$00000000  mc_w.l(entry.o)
    0x08000130   0x08000130   0x00000004   Code   RO         3824    .ARM.Collect$$$$00000001  mc_w.l(entry2.o)
    0x08000134   0x08000134   0x00000004   Code   RO         3827    .ARM.Collect$$$$00000004  mc_w.l(entry5.o)
    0x08000138   0x08000138   0x00000000   Code   RO         3829    .ARM.Collect$$$$00000008  mc_w.l(entry7b.o)
    0x08000138   0x08000138   0x00000000   Code   RO         3831    .ARM.Collect$$$$0000000A  mc_w.l(entry8b.o)
    0x08000138   0x08000138   0x00000008   Code   RO         3832    .ARM.Collect$$$$0000000B  mc_w.l(entry9a.o)
    0x08000140   0x08000140   0x00000000   Code   RO         3834    .ARM.Collect$$$$0000000D  mc_w.l(entry10a.o)
    0x08000140   0x08000140   0x00000000   Code   RO         3836    .ARM.Collect$$$$0000000F  mc_w.l(entry11a.o)
    0x08000140   0x08000140   0x00000004   Code   RO         3825    .ARM.Collect$$$$00002712  mc_w.l(entry2.o)
    0x08000144   0x08000144   0x00000096   Code   RO         3260    .emb_text           port.o
    0x080001da   0x080001da   0x00000002   PAD
    0x080001dc   0x080001dc   0x00000024   Code   RO            4    .text               startup_stm32f103xe.o
    0x08000200   0x08000200   0x00000020   Code   RO         3516    .text               mc_w.l(llushr.o)
    0x08000220   0x08000220   0x00000040   Code   RO         3520    .text               mc_w.l(memmovea.o)
    0x08000260   0x08000260   0x00000024   Code   RO         3524    .text               mc_w.l(memseta.o)
    0x08000284   0x08000284   0x00000018   Code   RO         3526    .text               mc_w.l(strncpy.o)
    0x0800029c   0x0800029c   0x0000000e   Code   RO         3528    .text               mc_w.l(strlen.o)
    0x080002aa   0x080002aa   0x00000012   Code   RO         3530    .text               mc_w.l(strcpy.o)
    0x080002bc   0x080002bc   0x0000001e   Code   RO         3532    .text               mc_w.l(strncmp.o)
    0x080002da   0x080002da   0x0000014e   Code   RO         3799    .text               mf_w.l(dadd.o)
    0x08000428   0x08000428   0x00000026   Code   RO         3801    .text               mf_w.l(f2d.o)
    0x0800044e   0x0800044e   0x00000038   Code   RO         3803    .text               mf_w.l(d2f.o)
    0x08000486   0x08000486   0x0000002c   Code   RO         3839    .text               mc_w.l(uidiv.o)
    0x080004b2   0x080004b2   0x0000001e   Code   RO         3843    .text               mc_w.l(llshl.o)
    0x080004d0   0x080004d0   0x00000024   Code   RO         3845    .text               mc_w.l(llsshr.o)
    0x080004f4   0x080004f4   0x00000000   Code   RO         3854    .text               mc_w.l(iusefp.o)
    0x080004f4   0x080004f4   0x0000006e   Code   RO         3855    .text               mf_w.l(fepilogue.o)
    0x08000562   0x08000562   0x000000b0   Code   RO         3857    .text               mf_w.l(fadd.o)
    0x08000612   0x08000612   0x00000064   Code   RO         3859    .text               mf_w.l(fmul.o)
    0x08000676   0x08000676   0x0000003c   Code   RO         3861    .text               mf_w.l(frnd.o)
    0x080006b2   0x080006b2   0x000000ba   Code   RO         3863    .text               mf_w.l(depilogue.o)
    0x0800076c   0x0800076c   0x00000032   Code   RO         3869    .text               mf_w.l(ffixi.o)
    0x0800079e   0x0800079e   0x00000002   PAD
    0x080007a0   0x080007a0   0x00000024   Code   RO         3875    .text               mc_w.l(init.o)
    0x080007c4   0x080007c4   0x0000007c   Code   RO         3877    .text               mf_w.l(fdiv.o)
    0x08000840   0x08000840   0x00000018   Code   RO         3879    .text               mf_w.l(fscalb.o)
    0x08000858   0x08000858   0x00000012   Code   RO         3881    .text               mf_w.l(fflti.o)
    0x0800086a   0x0800086a   0x0000000a   Code   RO         3883    .text               mf_w.l(ffltui.o)
    0x08000874   0x08000874   0x00000002   Code   RO          254    i.BusFault_Handler  stm32f1xx_it.o
    0x08000876   0x08000876   0x00000002   Code   RO          255    i.DebugMon_Handler  stm32f1xx_it.o
    0x08000878   0x08000878   0x00000046   Code   RO          930    i.HAL_DMA_Abort     stm32f1xx_hal_dma.o
    0x080008be   0x080008be   0x00000002   PAD
    0x080008c0   0x080008c0   0x00000130   Code   RO          931    i.HAL_DMA_Abort_IT  stm32f1xx_hal_dma.o
    0x080009f0   0x080009f0   0x00000024   Code   RO          556    i.HAL_Delay         stm32f1xx_hal.o
    0x08000a14   0x08000a14   0x000001f8   Code   RO          866    i.HAL_GPIO_Init     stm32f1xx_hal_gpio.o
    0x08000c0c   0x08000c0c   0x00000010   Code   RO          869    i.HAL_GPIO_TogglePin  stm32f1xx_hal_gpio.o
    0x08000c1c   0x08000c1c   0x0000000a   Code   RO          870    i.HAL_GPIO_WritePin  stm32f1xx_hal_gpio.o
    0x08000c26   0x08000c26   0x00000002   PAD
    0x08000c28   0x08000c28   0x0000000c   Code   RO          560    i.HAL_GetTick       stm32f1xx_hal.o
    0x08000c34   0x08000c34   0x00000010   Code   RO          566    i.HAL_IncTick       stm32f1xx_hal.o
    0x08000c44   0x08000c44   0x00000024   Code   RO          567    i.HAL_Init          stm32f1xx_hal.o
    0x08000c68   0x08000c68   0x00000040   Code   RO          568    i.HAL_InitTick      stm32f1xx_hal.o
    0x08000ca8   0x08000ca8   0x00000034   Code   RO          324    i.HAL_MspInit       stm32f1xx_hal_msp.o
    0x08000cdc   0x08000cdc   0x0000001a   Code   RO         1026    i.HAL_NVIC_EnableIRQ  stm32f1xx_hal_cortex.o
    0x08000cf6   0x08000cf6   0x00000002   PAD
    0x08000cf8   0x08000cf8   0x00000040   Code   RO         1032    i.HAL_NVIC_SetPriority  stm32f1xx_hal_cortex.o
    0x08000d38   0x08000d38   0x00000024   Code   RO         1033    i.HAL_NVIC_SetPriorityGrouping  stm32f1xx_hal_cortex.o
    0x08000d5c   0x08000d5c   0x0000012c   Code   RO          724    i.HAL_RCC_ClockConfig  stm32f1xx_hal_rcc.o
    0x08000e88   0x08000e88   0x00000020   Code   RO          731    i.HAL_RCC_GetPCLK1Freq  stm32f1xx_hal_rcc.o
    0x08000ea8   0x08000ea8   0x00000020   Code   RO          732    i.HAL_RCC_GetPCLK2Freq  stm32f1xx_hal_rcc.o
    0x08000ec8   0x08000ec8   0x0000004c   Code   RO          733    i.HAL_RCC_GetSysClockFreq  stm32f1xx_hal_rcc.o
    0x08000f14   0x08000f14   0x00000320   Code   RO          736    i.HAL_RCC_OscConfig  stm32f1xx_hal_rcc.o
    0x08001234   0x08001234   0x00000028   Code   RO         1037    i.HAL_SYSTICK_Config  stm32f1xx_hal_cortex.o
    0x0800125c   0x0800125c   0x00000002   Code   RO         1574    i.HAL_UARTEx_RxEventCallback  stm32f1xx_hal_uart.o
    0x0800125e   0x0800125e   0x00000002   Code   RO         1588    i.HAL_UART_ErrorCallback  stm32f1xx_hal_uart.o
    0x08001260   0x08001260   0x0000026c   Code   RO         1591    i.HAL_UART_IRQHandler  stm32f1xx_hal_uart.o
    0x080014cc   0x080014cc   0x00000064   Code   RO         1592    i.HAL_UART_Init     stm32f1xx_hal_uart.o
    0x08001530   0x08001530   0x00000080   Code   RO          326    i.HAL_UART_MspInit  stm32f1xx_hal_msp.o
    0x080015b0   0x080015b0   0x0000001c   Code   RO         1597    i.HAL_UART_Receive_IT  stm32f1xx_hal_uart.o
    0x080015cc   0x080015cc   0x00000034   Code   RO         3386    i.HAL_UART_RxCpltCallback  shell.o
    0x08001600   0x08001600   0x00000002   Code   RO         1603    i.HAL_UART_TxCpltCallback  stm32f1xx_hal_uart.o
    0x08001602   0x08001602   0x00000002   Code   RO          256    i.HardFault_Handler  stm32f1xx_it.o
    0x08001604   0x08001604   0x00000084   Code   RO           14    i.MX_GPIO_Init      main.o
    0x08001688   0x08001688   0x00000002   Code   RO          257    i.MemManage_Handler  stm32f1xx_it.o
    0x0800168a   0x0800168a   0x00000002   Code   RO          258    i.NMI_Handler       stm32f1xx_it.o
    0x0800168c   0x0800168c   0x00000018   Code   RO          259    i.SysTick_Handler   stm32f1xx_it.o
    0x080016a4   0x080016a4   0x00000056   Code   RO           16    i.SystemClock_Config  main.o
    0x080016fa   0x080016fa   0x00000002   Code   RO         1926    i.SystemInit        system_stm32f1xx.o
    0x080016fc   0x080016fc   0x00000010   Code   RO         1605    i.UART_DMAAbortOnError  stm32f1xx_hal_uart.o
    0x0800170c   0x0800170c   0x0000004e   Code   RO         1615    i.UART_EndRxTransfer  stm32f1xx_hal_uart.o
    0x0800175a   0x0800175a   0x000000c2   Code   RO         1617    i.UART_Receive_IT   stm32f1xx_hal_uart.o
    0x0800181c   0x0800181c   0x000000b8   Code   RO         1618    i.UART_SetConfig    stm32f1xx_hal_uart.o
    0x080018d4   0x080018d4   0x00000036   Code   RO         1620    i.UART_Start_Receive_IT  stm32f1xx_hal_uart.o
    0x0800190a   0x0800190a   0x00000002   PAD
    0x0800190c   0x0800190c   0x0000000c   Code   RO          260    i.USART1_IRQHandler  stm32f1xx_it.o
    0x08001918   0x08001918   0x00000002   Code   RO          261    i.UsageFault_Handler  stm32f1xx_it.o
    0x0800191a   0x0800191a   0x00000002   PAD
    0x0800191c   0x0800191c   0x00000020   Code   RO         3693    i.__0printf$6       mc_w.l(printf6.o)
    0x0800193c   0x0800193c   0x00000028   Code   RO         3695    i.__0sprintf$6      mc_w.l(printf6.o)
    0x08001964   0x08001964   0x00000026   Code   RO         3805    i.__ARM_fpclassifyf  m_ws.l(fpclassifyf.o)
    0x0800198a   0x0800198a   0x00000020   Code   RO         1039    i.__NVIC_SetPriority  stm32f1xx_hal_cortex.o
    0x080019aa   0x080019aa   0x00000006   Code   RO         3808    i.__mathlib_flt_infnan  m_ws.l(funder.o)
    0x080019b0   0x080019b0   0x00000008   Code   RO         3810    i.__mathlib_flt_invalid  m_ws.l(funder.o)
    0x080019b8   0x080019b8   0x0000000a   Code   RO         3813    i.__mathlib_flt_underflow  m_ws.l(funder.o)
    0x080019c2   0x080019c2   0x00000002   PAD
    0x080019c4   0x080019c4   0x00000168   Code   RO         3821    i.__mathlib_rredf2  m_ws.l(rredf.o)
    0x08001b2c   0x08001b2c   0x0000000e   Code   RO         3887    i.__scatterload_copy  mc_w.l(handlers.o)
    0x08001b3a   0x08001b3a   0x00000002   Code   RO         3888    i.__scatterload_null  mc_w.l(handlers.o)
    0x08001b3c   0x08001b3c   0x0000000e   Code   RO         3889    i.__scatterload_zeroinit  mc_w.l(handlers.o)
    0x08001b4a   0x08001b4a   0x00000002   PAD
    0x08001b4c   0x08001b4c   0x0000000c   Code   RO         3849    i.__set_errno       mc_w.l(errno.o)
    0x08001b58   0x08001b58   0x000002f0   Code   RO         3700    i._printf_core      mc_w.l(printf6.o)
    0x08001e48   0x08001e48   0x00000024   Code   RO         3701    i._printf_post_padding  mc_w.l(printf6.o)
    0x08001e6c   0x08001e6c   0x0000002e   Code   RO         3702    i._printf_pre_padding  mc_w.l(printf6.o)
    0x08001e9a   0x08001e9a   0x0000000a   Code   RO         3704    i._sputc            mc_w.l(printf6.o)
    0x08001ea4   0x08001ea4   0x00000098   Code   RO         3387    i._zns_exec_cmd     shell.o
    0x08001f3c   0x08001f3c   0x00000040   Code   RO          435    i.complex_algorithm  rtos_task.o
    0x08001f7c   0x08001f7c   0x00000068   Code   RO         2466    i.eTaskGetState     tasks.o
    0x08001fe4   0x08001fe4   0x0000001c   Code   RO         3388    i.finsh_syscall_next  shell.o
    0x08002000   0x08002000   0x00000018   Code   RO           17    i.fputc             main.o
    0x08002018   0x08002018   0x00000028   Code   RO          436    i.function1         rtos_task.o
    0x08002040   0x08002040   0x00000078   Code   RO         3340    i.help              sys_cmd.o
    0x080020b8   0x080020b8   0x00000118   Code   RO         3341    i.iam               sys_cmd.o
    0x080021d0   0x080021d0   0x0000000c   Code   RO         2830    i.inHandlerMode     cmsis_os.o
    0x080021dc   0x080021dc   0x00000070   Code   RO           18    i.main              main.o
    0x0800224c   0x0800224c   0x0000000c   Code   RO         2832    i.makeFreeRtosPriority  cmsis_os.o
    0x08002258   0x08002258   0x00000050   Code   RO         3459    i.mem               shell_cmd.o
    0x080022a8   0x080022a8   0x0000003e   Code   RO         2863    i.osSemaphoreCreate  cmsis_os.o
    0x080022e6   0x080022e6   0x00000002   PAD
    0x080022e8   0x080022e8   0x00000050   Code   RO         2866    i.osSemaphoreRelease  cmsis_os.o
    0x08002338   0x08002338   0x00000064   Code   RO         2867    i.osSemaphoreWait   cmsis_os.o
    0x0800239c   0x0800239c   0x00000054   Code   RO         2871    i.osThreadCreate    cmsis_os.o
    0x080023f0   0x080023f0   0x00000070   Code   RO         2468    i.prvAddCurrentTaskToDelayedList  tasks.o
    0x08002460   0x08002460   0x000000d0   Code   RO         2469    i.prvAddNewTaskToReadyList  tasks.o
    0x08002530   0x08002530   0x00000026   Code   RO         2116    i.prvCopyDataFromQueue  queue.o
    0x08002556   0x08002556   0x0000006c   Code   RO         2117    i.prvCopyDataToQueue  queue.o
    0x080025c2   0x080025c2   0x00000034   Code   RO         2470    i.prvDeleteTCB      tasks.o
    0x080025f6   0x080025f6   0x00000002   PAD
    0x080025f8   0x080025f8   0x0000004c   Code   RO         3199    i.prvHeapInit       heap_4.o
    0x08002644   0x08002644   0x00000064   Code   RO         2471    i.prvIdleTask       tasks.o
    0x080026a8   0x080026a8   0x00000022   Code   RO         2119    i.prvInitialiseNewQueue  queue.o
    0x080026ca   0x080026ca   0x0000009c   Code   RO         2472    i.prvInitialiseNewTask  tasks.o
    0x08002766   0x08002766   0x00000002   PAD
    0x08002768   0x08002768   0x0000004c   Code   RO         3200    i.prvInsertBlockIntoFreeList  heap_4.o
    0x080027b4   0x080027b4   0x0000001c   Code   RO         2120    i.prvIsQueueEmpty   queue.o
    0x080027d0   0x080027d0   0x00000058   Code   RO         2473    i.prvListTasksWithinSingleList  tasks.o
    0x08002828   0x08002828   0x00000020   Code   RO         2474    i.prvResetNextTaskUnblockTime  tasks.o
    0x08002848   0x08002848   0x00000056   Code   RO         2475    i.prvSearchForNameWithinSingleList  tasks.o
    0x0800289e   0x0800289e   0x00000002   PAD
    0x080028a0   0x080028a0   0x00000028   Code   RO         3261    i.prvTaskExitError  port.o
    0x080028c8   0x080028c8   0x0000006a   Code   RO         2121    i.prvUnlockQueue    queue.o
    0x08002932   0x08002932   0x00000002   PAD
    0x08002934   0x08002934   0x00000060   Code   RO         3460    i.pti               shell_cmd.o
    0x08002994   0x08002994   0x0000005c   Code   RO         3461    i.ptl               shell_cmd.o
    0x080029f0   0x080029f0   0x000000d8   Code   RO         3201    i.pvPortMalloc      heap_4.o
    0x08002ac8   0x08002ac8   0x00000018   Code   RO         2477    i.pvTaskIncrementMutexHeldCount  tasks.o
    0x08002ae0   0x08002ae0   0x00000024   Code   RO         3262    i.pxPortInitialiseStack  port.o
    0x08002b04   0x08002b04   0x000002b0   Code   RO         3389    i.shellTask         shell.o
    0x08002db4   0x08002db4   0x0000006c   Code   RO         3390    i.shell_init        shell.o
    0x08002e20   0x08002e20   0x00000080   Code   RO         3391    i.show_version      shell.o
    0x08002ea0   0x08002ea0   0x00000188   Code   RO         3506    i.sinf              m_ws.l(sinf.o)
    0x08003028   0x08003028   0x00000088   Code   RO          440    i.task_create_entry  rtos_task.o
    0x080030b0   0x080030b0   0x0000002c   Code   RO          441    i.timed_task_entry  rtos_task.o
    0x080030dc   0x080030dc   0x00000026   Code   RO         2076    i.uxListRemove      list.o
    0x08003102   0x08003102   0x00000002   PAD
    0x08003104   0x08003104   0x000000ac   Code   RO         2480    i.uxTaskGetSystemState  tasks.o
    0x080031b0   0x080031b0   0x00000014   Code   RO          220    i.vApplicationGetIdleTaskMemory  freertos.o
    0x080031c4   0x080031c4   0x0000002c   Code   RO           19    i.vApplicationIdleHook  main.o
    0x080031f0   0x080031f0   0x00000016   Code   RO         2077    i.vListInitialise   list.o
    0x08003206   0x08003206   0x00000006   Code   RO         2078    i.vListInitialiseItem  list.o
    0x0800320c   0x0800320c   0x00000030   Code   RO         2079    i.vListInsert       list.o
    0x0800323c   0x0800323c   0x00000018   Code   RO         2080    i.vListInsertEnd    list.o
    0x08003254   0x08003254   0x00000040   Code   RO         3264    i.vPortEnterCritical  port.o
    0x08003294   0x08003294   0x00000028   Code   RO         3265    i.vPortExitCritical  port.o
    0x080032bc   0x080032bc   0x0000005c   Code   RO         3202    i.vPortFree         heap_4.o
    0x08003318   0x08003318   0x00000024   Code   RO         3266    i.vPortSetupTimerInterrupt  port.o
    0x0800333c   0x0800333c   0x00000054   Code   RO         3267    i.vPortValidateInterruptPriority  port.o
    0x08003390   0x08003390   0x0000004c   Code   RO         2485    i.vTaskDelay        tasks.o
    0x080033dc   0x080033dc   0x0000008c   Code   RO         2486    i.vTaskDelayUntil   tasks.o
    0x08003468   0x08003468   0x000000ac   Code   RO         2487    i.vTaskDelete       tasks.o
    0x08003514   0x08003514   0x00000080   Code   RO         2489    i.vTaskGetInfo      tasks.o
    0x08003594   0x08003594   0x00000010   Code   RO         2490    i.vTaskInternalSetTimeOutState  tasks.o
    0x080035a4   0x080035a4   0x000000d4   Code   RO         2491    i.vTaskList         tasks.o
    0x08003678   0x08003678   0x0000000c   Code   RO         2492    i.vTaskMissedYield  tasks.o
    0x08003684   0x08003684   0x00000030   Code   RO         2494    i.vTaskPlaceOnEventList  tasks.o
    0x080036b4   0x080036b4   0x000000a8   Code   RO         2496    i.vTaskPriorityDisinheritAfterTimeout  tasks.o
    0x0800375c   0x0800375c   0x0000006c   Code   RO         2502    i.vTaskStartScheduler  tasks.o
    0x080037c8   0x080037c8   0x00000010   Code   RO         2504    i.vTaskSuspendAll   tasks.o
    0x080037d8   0x080037d8   0x0000005c   Code   RO         2505    i.vTaskSwitchContext  tasks.o
    0x08003834   0x08003834   0x0000000c   Code   RO         3204    i.xPortGetFreeHeapSize  heap_4.o
    0x08003840   0x08003840   0x0000000c   Code   RO         3205    i.xPortGetMinimumEverFreeHeapSize  heap_4.o
    0x0800384c   0x0800384c   0x000000a8   Code   RO         3268    i.xPortStartScheduler  port.o
    0x080038f4   0x080038f4   0x0000002c   Code   RO         3269    i.xPortSysTickHandler  port.o
    0x08003920   0x08003920   0x00000048   Code   RO         2133    i.xQueueGenericCreate  queue.o
    0x08003968   0x08003968   0x00000066   Code   RO         2134    i.xQueueGenericCreateStatic  queue.o
    0x080039ce   0x080039ce   0x00000002   PAD
    0x080039d0   0x080039d0   0x00000088   Code   RO         2135    i.xQueueGenericReset  queue.o
    0x08003a58   0x08003a58   0x00000160   Code   RO         2136    i.xQueueGenericSend  queue.o
    0x08003bb8   0x08003bb8   0x0000009c   Code   RO         2138    i.xQueueGiveFromISR  queue.o
    0x08003c54   0x08003c54   0x0000009a   Code   RO         2144    i.xQueueReceiveFromISR  queue.o
    0x08003cee   0x08003cee   0x00000002   PAD
    0x08003cf0   0x08003cf0   0x00000178   Code   RO         2145    i.xQueueSemaphoreTake  queue.o
    0x08003e68   0x08003e68   0x00000074   Code   RO         2506    i.xTaskCheckForTimeOut  tasks.o
    0x08003edc   0x08003edc   0x0000005a   Code   RO         2507    i.xTaskCreate       tasks.o
    0x08003f36   0x08003f36   0x00000056   Code   RO         2508    i.xTaskCreateStatic  tasks.o
    0x08003f8c   0x08003f8c   0x00000088   Code   RO         2512    i.xTaskGetHandle    tasks.o
    0x08004014   0x08004014   0x0000001c   Code   RO         2513    i.xTaskGetSchedulerState  tasks.o
    0x08004030   0x08004030   0x0000000c   Code   RO         2514    i.xTaskGetTickCount  tasks.o
    0x0800403c   0x0800403c   0x000000c8   Code   RO         2516    i.xTaskIncrementTick  tasks.o
    0x08004104   0x08004104   0x00000098   Code   RO         2519    i.xTaskPriorityDisinherit  tasks.o
    0x0800419c   0x0800419c   0x00000094   Code   RO         2520    i.xTaskPriorityInherit  tasks.o
    0x08004230   0x08004230   0x00000078   Code   RO         2521    i.xTaskRemoveFromEventList  tasks.o
    0x080042a8   0x080042a8   0x000000c4   Code   RO         2522    i.xTaskResumeAll    tasks.o
    0x0800436c   0x0800436c   0x000000a8   Code   RO         3392    i.zns_auto_complete  shell.o
    0x08004414   0x08004414   0x000000a6   Code   RO         3393    i.zns_split         shell.o
    0x080044ba   0x080044ba   0x00000012   Data   RO          737    .constdata          stm32f1xx_hal_rcc.o
    0x080044cc   0x080044cc   0x00000010   Data   RO         1927    .constdata          system_stm32f1xx.o
    0x080044dc   0x080044dc   0x00000008   Data   RO         1928    .constdata          system_stm32f1xx.o
    0x080044e4   0x080044e4   0x00000064   Data   RO         3342    .constdata          sys_cmd.o
    0x08004548   0x08004548   0x000000cc   Data   RO         3395    .constdata          shell.o
    0x08004614   0x08004614   0x00000020   Data   RO         3822    .constdata          m_ws.l(rredf.o)
    0x08004634   0x08004634   0x0000004e   Data   RO         3343    .conststring        sys_cmd.o
    0x08004682   0x08004682   0x00000002   PAD
    0x08004684   0x08004684   0x0000004e   Data   RO         3396    .conststring        shell.o
    0x080046d2   0x080046d2   0x00000002   PAD
    0x080046d4   0x080046d4   0x000000a4   Data   RO         3462    .conststring        shell_cmd.o
    0x08004778   0x08004778   0x00000010   Data   RO          443    .rodata.name        rtos_task.o
    0x08004788   0x08004788   0x00000016   Data   RO          444    .rodata.name        rtos_task.o
    0x0800479e   0x0800479e   0x0000000b   Data   RO         3344    .rodata.name        sys_cmd.o
    0x080047a9   0x080047a9   0x00000017   Data   RO         3345    .rodata.name        sys_cmd.o
    0x080047c0   0x080047c0   0x0000000a   Data   RO         3346    .rodata.name        sys_cmd.o
    0x080047ca   0x080047ca   0x0000000e   Data   RO         3347    .rodata.name        sys_cmd.o
    0x080047d8   0x080047d8   0x0000000a   Data   RO         3463    .rodata.name        shell_cmd.o
    0x080047e2   0x080047e2   0x0000001e   Data   RO         3464    .rodata.name        shell_cmd.o
    0x08004800   0x08004800   0x0000000a   Data   RO         3465    .rodata.name        shell_cmd.o
    0x0800480a   0x0800480a   0x0000000e   Data   RO         3466    .rodata.name        shell_cmd.o
    0x08004818   0x08004818   0x0000000a   Data   RO         3467    .rodata.name        shell_cmd.o
    0x08004822   0x08004822   0x0000000f   Data   RO         3468    .rodata.name        shell_cmd.o
    0x08004831   0x08004831   0x00000003   PAD
    0x08004834   0x08004834   0x0000000c   Data   RO          445    FSymTab             rtos_task.o
    0x08004840   0x08004840   0x00000018   Data   RO         3348    FSymTab             sys_cmd.o
    0x08004858   0x08004858   0x00000024   Data   RO         3469    FSymTab             shell_cmd.o
    0x0800487c   0x0800487c   0x00000020   Data   RO         3885    Region$$Table       anon$$obj.o


    Execution Region RW_IRAM1 (Exec base: 0x20000000, Load base: 0x0800489c, Size: 0x000016c0, Max: 0x00010000, ABSOLUTE)

    Exec Addr    Load Addr    Size         Type   Attr      Idx    E Section Name        Object

    0x20000000   0x0800489c   0x0000000c   Data   RW          574    .data               stm32f1xx_hal.o
    0x2000000c   0x080048a8   0x00000004   Data   RW         1929    .data               system_stm32f1xx.o
    0x20000010   0x080048ac   0x0000003c   Data   RW         2525    .data               tasks.o
    0x2000004c   0x080048e8   0x00000018   Data   RW         3207    .data               heap_4.o
    0x20000064   0x08004900   0x0000000c   Data   RW         3270    .data               port.o
    0x20000070   0x0800490c   0x00000010   Data   RW         3397    .data               shell.o
    0x20000080   0x0800491c   0x00000004   Data   RW         3838    .data               mc_w.l(stdout.o)
    0x20000084   0x08004920   0x00000004   Data   RW         3850    .data               mc_w.l(errno.o)
    0x20000088        -       0x00000048   Zero   RW           20    .bss                main.o
    0x200000d0        -       0x00000260   Zero   RW          221    .bss                freertos.o
    0x20000330        -       0x000001a4   Zero   RW         2524    .bss                tasks.o
    0x200004d4        -       0x00000c00   Zero   RW         3206    .bss                heap_4.o
    0x200010d4        -       0x000001ec   Zero   RW         3394    .bss                shell.o
    0x200012c0        -       0x00000400   Zero   RW            1    STACK               startup_stm32f103xe.o


==============================================================================

Image component sizes


      Code (inc. data)   RO Data    RW Data    ZI Data      Debug   Object Name

       350         10          0          0          0      27798   cmsis_os.o
         0          0          0          0          0      18316   event_groups.o
        20          4          0          0        608       1236   freertos.o
       484         36          0         24       3072       8372   heap_4.o
       138          0          0          0          0       3402   list.o
       398         74          0          0         72     482964   main.o
       662         70          0         12          0      11169   port.o
      1662         14          0          0          0      15280   queue.o
       284        132         50          0          0       4582   rtos_task.o
      1490        272        282         16        492       9426   shell.o
       268        134        289          0          0       2491   shell_cmd.o
        36          8        304          0       1024        800   startup_stm32f103xe.o
       164         28          0         12          0       6541   stm32f1xx_hal.o
       198         14          0          0          0      28959   stm32f1xx_hal_cortex.o
       374          8          0          0          0       1847   stm32f1xx_hal_dma.o
       530         42          0          0          0       3537   stm32f1xx_hal_gpio.o
       180         16          0          0          0     450669   stm32f1xx_hal_msp.o
      1240         84         18          0          0       5136   stm32f1xx_hal_rcc.o
      1280         10          0          0          0       8892   stm32f1xx_hal_uart.o
        48          6          0          0          0       3535   stm32f1xx_it.o
         0          0          0          0          0        392   stream_buffer.o
       400        236        260          0          0       8429   sys_cmd.o
         2          0         24          4          0       1131   system_stm32f1xx.o
      3606        280          0         60        420      33570   tasks.o

    ----------------------------------------------------------------------
     13842       1478       1266        128       5688    1138474   Object Totals
         0          0         32          0          0          0   (incl. Generated)
        28          0          7          0          0          0   (incl. Padding)

    ----------------------------------------------------------------------

      Code (inc. data)   RO Data    RW Data    ZI Data      Debug   Library Member Name

        38          0          0          0          0         68   fpclassifyf.o
        24          0          0          0          0        204   funder.o
       360         16         32          0          0         88   rredf.o
       392         54          0          0          0        124   sinf.o
         0          0          0          0          0          0   entry.o
         0          0          0          0          0          0   entry10a.o
         0          0          0          0          0          0   entry11a.o
         8          4          0          0          0          0   entry2.o
         4          0          0          0          0          0   entry5.o
         0          0          0          0          0          0   entry7b.o
         0          0          0          0          0          0   entry8b.o
         8          4          0          0          0          0   entry9a.o
        12          6          0          4          0         68   errno.o
        30          0          0          0          0          0   handlers.o
        36          8          0          0          0         68   init.o
         0          0          0          0          0          0   iusefp.o
        30          0          0          0          0         68   llshl.o
        36          0          0          0          0         68   llsshr.o
        32          0          0          0          0         68   llushr.o
        64          0          0          0          0         76   memmovea.o
        36          0          0          0          0        108   memseta.o
       916         20          0          0          0        504   printf6.o
         0          0          0          4          0          0   stdout.o
        18          0          0          0          0         68   strcpy.o
        14          0          0          0          0         68   strlen.o
        30          0          0          0          0         80   strncmp.o
        24          0          0          0          0         76   strncpy.o
        44          0          0          0          0         80   uidiv.o
        56          0          0          0          0         88   d2f.o
       334          0          0          0          0        148   dadd.o
       186          0          0          0          0        176   depilogue.o
        38          0          0          0          0         68   f2d.o
       176          0          0          0          0        140   fadd.o
       124          0          0          0          0         88   fdiv.o
       110          0          0          0          0        168   fepilogue.o
        50          0          0          0          0         68   ffixi.o
        18          0          0          0          0         68   fflti.o
        10          0          0          0          0         68   ffltui.o
       100          0          0          0          0         76   fmul.o
        60          0          0          0          0         76   frnd.o
        24          0          0          0          0         68   fscalb.o

    ----------------------------------------------------------------------
      3448        112         32          8          0       3184   Library Totals
         6          0          0          0          0          0   (incl. Padding)

    ----------------------------------------------------------------------

      Code (inc. data)   RO Data    RW Data    ZI Data      Debug   Library Name

       814         70         32          0          0        484   m_ws.l
      1342         42          0          8          0       1400   mc_w.l
      1286          0          0          0          0       1300   mf_w.l

    ----------------------------------------------------------------------
      3448        112         32          8          0       3184   Library Totals

    ----------------------------------------------------------------------

==============================================================================


      Code (inc. data)   RO Data    RW Data    ZI Data      Debug   

     17290       1590       1298        136       5688    1133022   Grand Totals
     17290       1590       1298        136       5688    1133022   ELF Image Totals
     17290       1590       1298        136          0          0   ROM Totals

==============================================================================

    Total RO  Size (Code + RO Data)                18588 (  18.15kB)
    Total RW  Size (RW Data + ZI Data)              5824 (   5.69kB)
    Total ROM Size (Code + RO Data + RW Data)      18724 (  18.29kB)

==============================================================================

